Archive member included because of file (symbol)

/opt/ti/energia-0101E0017/hardware/emt/ti/runtime/wiring/msp432/lib/wiring_msp432.m4fg.lib(HardwareSerial.om4fg)
                              ./classes/Ph.o (HardwareSerial::begin(unsigned long))
/opt/ti/energia-0101E0017/hardware/emt/ti/runtime/wiring/msp432/lib/wiring_msp432.m4fg.lib(Print.om4fg)
                              /opt/ti/energia-0101E0017/hardware/emt/ti/runtime/wiring/msp432/lib/wiring_msp432.m4fg.lib(HardwareSerial.om4fg) (Print::write(unsigned char const*, unsigned int))
/opt/ti/energia-0101E0017/hardware/emt/ti/runtime/wiring/msp432/lib/wiring_msp432.m4fg.lib(new.om4fg)
                              ./AMAS.o (operator new(unsigned int))
/opt/ti/energia-0101E0017/hardware/emt/ti/runtime/wiring/msp432/lib/wiring_msp432.m4fg.lib(wiring.om4fg)
                              ./classes/Ph.o (millis)
/opt/ti/energia-0101E0017/hardware/emt/ti/runtime/wiring/msp432/lib/wiring_msp432.m4fg.lib(wiring_analog.om4fg)
                              ./classes/Ph.o (analogRead)
/opt/ti/energia-0101E0017/hardware/emt/ti/runtime/wiring/msp432/lib/wiring_msp432.m4fg.lib(wiring_digital.om4fg)
                              ./AMAS.o (pinMode)
/opt/ti/energia-0101E0017/hardware/emt/ti/runtime/wiring/msp432/variants/MSP_EXP432P401R/lib/board.m4fg.lib(Board_init.om4fg)
                              /opt/ti/energia-0101E0017/hardware/emt/ti/runtime/wiring/msp432/lib/wiring_msp432.m4fg.lib(HardwareSerial.om4fg) (Board_openUART)
/opt/ti/energia-0101E0017/hardware/emt/ti/runtime/wiring/msp432/variants/MSP_EXP432P401R/lib/board.m4fg.lib(pins.om4fg)
                              /opt/ti/energia-0101E0017/hardware/emt/ti/runtime/wiring/msp432/lib/wiring_msp432.m4fg.lib(wiring_analog.om4fg) (digital_pin_to_adc_index)
/opt/ti/energia-0101E0017/hardware/emt/ti/drivers/lib/drivers_MSP432P401R.am4fg(GPIOMSP432.om4fg)
                              /opt/ti/energia-0101E0017/hardware/emt/ti/runtime/wiring/msp432/lib/wiring_msp432.m4fg.lib(wiring_digital.om4fg) (GPIO_read)
/opt/ti/energia-0101E0017/hardware/emt/ti/drivers/lib/drivers_MSP432P401R.am4fg(I2C.om4fg)
                              /opt/ti/energia-0101E0017/hardware/emt/ti/runtime/wiring/msp432/variants/MSP_EXP432P401R/lib/board.m4fg.lib(Board_init.om4fg) (I2C_init)
/opt/ti/energia-0101E0017/hardware/emt/ti/drivers/lib/drivers_MSP432P401R.am4fg(I2CMSP432.om4fg)
                              /opt/ti/energia-0101E0017/hardware/emt/ti/runtime/wiring/msp432/variants/MSP_EXP432P401R/lib/board.m4fg.lib(Board_init.om4fg) (I2CMSP432_fxnTable)
/opt/ti/energia-0101E0017/hardware/emt/ti/drivers/lib/drivers_MSP432P401R.am4fg(PWM.om4fg)
                              /opt/ti/energia-0101E0017/hardware/emt/ti/runtime/wiring/msp432/lib/wiring_msp432.m4fg.lib(wiring_analog.om4fg) (PWM_close)
/opt/ti/energia-0101E0017/hardware/emt/ti/drivers/lib/drivers_MSP432P401R.am4fg(PWMTimerMSP432.om4fg)
                              /opt/ti/energia-0101E0017/hardware/emt/ti/runtime/wiring/msp432/variants/MSP_EXP432P401R/lib/board.m4fg.lib(Board_init.om4fg) (PWMTimerMSP432_fxnTable)
/opt/ti/energia-0101E0017/hardware/emt/ti/drivers/lib/drivers_MSP432P401R.am4fg(SDSPI.om4fg)
                              /opt/ti/energia-0101E0017/hardware/emt/ti/runtime/wiring/msp432/variants/MSP_EXP432P401R/lib/board.m4fg.lib(Board_init.om4fg) (SDSPI_init)
/opt/ti/energia-0101E0017/hardware/emt/ti/drivers/lib/drivers_MSP432P401R.am4fg(SDSPIMSP432.om4fg)
                              /opt/ti/energia-0101E0017/hardware/emt/ti/runtime/wiring/msp432/variants/MSP_EXP432P401R/lib/board.m4fg.lib(Board_init.om4fg) (SDSPIMSP432_fxnTable)
/opt/ti/energia-0101E0017/hardware/emt/ti/drivers/lib/drivers_MSP432P401R.am4fg(SPI.om4fg)
                              /opt/ti/energia-0101E0017/hardware/emt/ti/runtime/wiring/msp432/variants/MSP_EXP432P401R/lib/board.m4fg.lib(Board_init.om4fg) (SPI_init)
/opt/ti/energia-0101E0017/hardware/emt/ti/drivers/lib/drivers_MSP432P401R.am4fg(SPIMSP432DMA.om4fg)
                              /opt/ti/energia-0101E0017/hardware/emt/ti/runtime/wiring/msp432/variants/MSP_EXP432P401R/lib/board.m4fg.lib(Board_init.om4fg) (SPIMSP432DMA_fxnTable)
/opt/ti/energia-0101E0017/hardware/emt/ti/drivers/lib/drivers_MSP432P401R.am4fg(UART.om4fg)
                              /opt/ti/energia-0101E0017/hardware/emt/ti/runtime/wiring/msp432/lib/wiring_msp432.m4fg.lib(HardwareSerial.om4fg) (UART_close)
/opt/ti/energia-0101E0017/hardware/emt/ti/drivers/lib/drivers_MSP432P401R.am4fg(UARTMSP432.om4fg)
                              /opt/ti/energia-0101E0017/hardware/emt/ti/runtime/wiring/msp432/variants/MSP_EXP432P401R/lib/board.m4fg.lib(Board_init.om4fg) (UARTMSP432_fxnTable)
/opt/ti/energia-0101E0017/hardware/emt/ti/drivers/lib/drivers_MSP432P401R.am4fg(RingBuf.om4fg)
                              /opt/ti/energia-0101E0017/hardware/emt/ti/drivers/lib/drivers_MSP432P401R.am4fg(UARTMSP432.om4fg) (RingBuf_construct)
[...]
Memory Configuration

Name             Origin             Length             Attributes
FLASH            0x00000000         0x00040000         xr
INFO_FLASH       0x00200000         0x00004000         xr
SRAM             0x20000000         0x00010000         xrw
*default*        0x00000000         0xffffffff

Linker script and memory map

LOAD ./AMAS.o
LOAD ./classes/Ph.o
LOAD ./classes/SecureDigitalCard.o
LOAD ./classes/Sensor.o
LOAD ./classes/Temperature.o
LOAD ./main.o
START GROUP
                0x00000400                __STACK_SIZE = 0x400
                0x00000400                __TI_STACK_SIZE = __STACK_SIZE
LOAD /opt/ti/energia-0101E0017/hardware/emt/ti/runtime/wiring/msp432/configPkg/package/cfg/energia_pm4fg.om4fg
LOAD /opt/ti/energia-0101E0017/hardware/emt/ti/runtime/wiring/msp432/lib/wiring_msp432.m4fg.lib
LOAD /opt/ti/energia-0101E0017/hardware/emt/ti/runtime/wiring/msp432/variants/MSP_EXP432P401R/lib/board.m4fg.lib
LOAD /opt/ti/energia-0101E0017/hardware/emt/ti/drivers/lib/drivers_MSP432P401R.am4fg
LOAD /opt/ti/energia-0101E0017/hardware/emt/ti/drivers/lib/power_tirtos_MSP432P401R.am4fg
LOAD /opt/ti/energia-0101E0017/hardware/emt/ti/drivers/ports/tirtos/lib/tirtosport.am4fg
LOAD /opt/ti/energia-0101E0017/hardware/emt/ti/runtime/heaps/lib/ti.runtime.heaps.am4fg
LOAD /opt/ti/energia-0101E0017/hardware/emt/ti/sysbios/fatfs/lib/release/ti.sysbios.fatfs.am4fg
LOAD /opt/ti/energia-0101E0017/hardware/emt/src/sysbios/sysbios.am4fg
LOAD /opt/ti/energia-0101E0017/hardware/emt/gnu/targets/arm/rtsv7M/lib/gnu.targets.arm.rtsv7M.am4fg
LOAD /opt/ti/energia-0101E0017/hardware/emt/gnu/targets/arm/rtsv7M/lib/boot.am4fg
LOAD /opt/ti/energia-0101E0017/hardware/emt/gnu/targets/arm/rtsv7M/lib/syscalls.am4fg
                0x00000001                xdc_runtime_Startup__EXECFXN__C = 0x1
                0x00000001                xdc_runtime_Startup__RESETFXN__C = 0x1
                0x20000304                TSK_idle = (ti_sysbios_knl_Task_Object__table__V + 0x0)
                0x00000000                PROVIDE (_intvecs_base_address, DEFINED (_intvecs_base_address)?_intvecs_base_address:0x0)

.intvecs        0x00000000       0x3c
 *(.intvecs)
 .intvecs       0x00000000       0x3c /opt/ti/energia-0101E0017/hardware/emt/ti/runtime/wiring/msp432/configPkg/package/cfg/energia_pm4fg.om4fg
                0x00000000                ti_sysbios_family_arm_m3_Hwi_resetVectors
                0x20000000                PROVIDE (_vtable_base_address, DEFINED (_vtable_base_address)?_vtable_base_address:0x20000000)

.vtable         0x20000000      0x140
 *(.vtable)
 .vtable        0x20000000      0x140 /opt/ti/energia-0101E0017/hardware/emt/ti/runtime/wiring/msp432/configPkg/package/cfg/energia_pm4fg.om4fg
                0x20000000                ti_sysbios_family_arm_m3_Hwi_ramVectors

.text           0x00000040     0x7ef0
 CREATE_OBJECT_SYMBOLS
 *(.text)
 .text          0x00000040        0x0 ./AMAS.o
 .text          0x00000040        0x0 ./classes/Ph.o
 .text          0x00000040        0x0 ./classes/SecureDigitalCard.o
 .text          0x00000040        0x0 ./classes/Sensor.o
 .text          0x00000040        0x0 ./classes/Temperature.o
 .text          0x00000040        0x0 ./main.o
 .text          0x00000040        0x0 /opt/ti/energia-0101E0017/hardware/emt/ti/runtime/wiring/msp432/configPkg/package/cfg/energia_pm4fg.om4fg
 .text          0x00000040        0x0 /opt/ti/energia-0101E0017/hardware/emt/ti/runtime/wiring/msp432/lib/wiring_msp432.m4fg.lib(HardwareSerial.om4fg)
 .text          0x00000040        0x0 /opt/ti/energia-0101E0017/hardware/emt/ti/runtime/wiring/msp432/lib/wiring_msp432.m4fg.lib(Print.om4fg)
 .text          0x00000040        0x0 /opt/ti/energia-0101E0017/hardware/emt/ti/runtime/wiring/msp432/lib/wiring_msp432.m4fg.lib(new.om4fg)
 .text          0x00000040        0x0 /opt/ti/energia-0101E0017/hardware/emt/ti/runtime/wiring/msp432/lib/wiring_msp432.m4fg.lib(wiring.om4fg)
 .text          0x00000040        0x0 /opt/ti/energia-0101E0017/hardware/emt/ti/runtime/wiring/msp432/lib/wiring_msp432.m4fg.lib(wiring_analog.om4fg)
 .text          0x00000040        0x0 /opt/ti/energia-0101E0017/hardware/emt/ti/runtime/wiring/msp432/lib/wiring_msp432.m4fg.lib(wiring_digital.om4fg)
 .text          0x00000040        0x0 /opt/ti/energia-0101E0017/hardware/emt/ti/runtime/wiring/msp432/variants/MSP_EXP432P401R/lib/board.m4fg.lib(Board_init.om4fg)
 .text          0x00000040        0x0 /opt/ti/energia-0101E0017/hardware/emt/ti/runtime/wiring/msp432/variants/MSP_EXP432P401R/lib/board.m4fg.lib(pins.om4fg)
 .text          0x00000040        0x0 /opt/ti/energia-0101E0017/hardware/emt/ti/drivers/lib/drivers_MSP432P401R.am4fg(GPIOMSP432.om4fg)
 .text          0x00000040        0x0 /opt/ti/energia-0101E0017/hardware/emt/ti/drivers/lib/drivers_MSP432P401R.am4fg(I2C.om4fg)
 .text          0x00000040        0x0 /opt/ti/energia-0101E0017/hardware/emt/ti/drivers/lib/drivers_MSP432P401R.am4fg(I2CMSP432.om4fg)
 .text          0x00000040        0x0 /opt/ti/energia-0101E0017/hardware/emt/ti/drivers/lib/drivers_MSP432P401R.am4fg(PWM.om4fg)
 .text          0x00000040        0x0 /opt/ti/energia-0101E0017/hardware/emt/ti/drivers/lib/drivers_MSP432P401R.am4fg(PWMTimerMSP432.om4fg)
 .text          0x00000040        0x0 /opt/ti/energia-0101E0017/hardware/emt/ti/drivers/lib/drivers_MSP432P401R.am4fg(SDSPI.om4fg)
 .text          0x00000040        0x0 /opt/ti/energia-0101E0017/hardware/emt/ti/drivers/lib/drivers_MSP432P401R.am4fg(SDSPIMSP432.om4fg)
 .text          0x00000040        0x0 /opt/ti/energia-0101E0017/hardware/emt/ti/drivers/lib/drivers_MSP432P401R.am4fg(SPI.om4fg)
 .text          0x00000040        0x0 /opt/ti/energia-0101E0017/hardware/emt/ti/drivers/lib/drivers_MSP432P401R.am4fg(SPIMSP432DMA.om4fg)
 .text          0x00000040        0x0 /opt/ti/energia-0101E0017/hardware/emt/ti/drivers/lib/drivers_MSP432P401R.am4fg(UART.om4fg)
 .text          0x00000040        0x0 /opt/ti/energia-0101E0017/hardware/emt/ti/drivers/lib/drivers_MSP432P401R.am4fg(UARTMSP432.om4fg)
 .text          0x00000040        0x0 /opt/ti/energia-0101E0017/hardware/emt/ti/drivers/lib/drivers_MSP432P401R.am4fg(RingBuf.om4fg)
 .text          0x00000040        0x0 /opt/ti/energia-0101E0017/hardware/emt/ti/drivers/lib/drivers_MSP432P401R.am4fg(Watchdog.om4fg)
 .text          0x00000040        0x0 /opt/ti/energia-0101E0017/hardware/emt/ti/drivers/lib/drivers_MSP432P401R.am4fg(WatchdogMSP432.om4fg)
 .text          0x00000040        0x0 /opt/ti/energia-0101E0017/hardware/emt/ti/drivers/lib/drivers_MSP432P401R.am4fg(PowerMSP432.om4fg)
 .text          0x00000040        0x0 /opt/ti/energia-0101E0017/hardware/emt/ti/drivers/lib/drivers_MSP432P401R.am4fg(List.om4fg)
 .text          0x00000040        0x0 /opt/ti/energia-0101E0017/hardware/emt/ti/drivers/lib/power_tirtos_MSP432P401R.am4fg(PowerMSP432_tirtos.om4fg)
 .text          0x00000040        0x0 /opt/ti/energia-0101E0017/hardware/emt/ti/drivers/ports/tirtos/lib/tirtosport.am4fg(ClockP_tirtos.om4fg)
 .text          0x00000040        0x0 /opt/ti/energia-0101E0017/hardware/emt/ti/drivers/ports/tirtos/lib/tirtosport.am4fg(HwiP_tirtos.om4fg)
 .text          0x00000040        0x0 /opt/ti/energia-0101E0017/hardware/emt/ti/drivers/ports/tirtos/lib/tirtosport.am4fg(SemaphoreP_tirtos.om4fg)
 .text          0x00000040        0x0 /opt/ti/energia-0101E0017/hardware/emt/ti/runtime/heaps/lib/ti.runtime.heaps.am4fg(HeapRem.om4fg)
 .text          0x00000040        0x0 /opt/ti/energia-0101E0017/hardware/emt/ti/sysbios/fatfs/lib/release/ti.sysbios.fatfs.am4fg(ff.om4fg)
 .text          0x00000040        0x0 /opt/ti/energia-0101E0017/hardware/emt/ti/sysbios/fatfs/lib/release/ti.sysbios.fatfs.am4fg(diskio.om4fg)
 .text          0x00000040        0x0 /opt/ti/energia-0101E0017/hardware/emt/ti/sysbios/fatfs/lib/release/ti.sysbios.fatfs.am4fg(syncsysbios.om4fg)
 .text          0x00000040      0x13c /opt/ti/energia-0101E0017/hardware/emt/src/sysbios/sysbios.am4fg(m3_Hwi_asm_gnu.o)
                0x00000040                ti_sysbios_family_arm_m3_Hwi_dispatch(int0_t)
                0x0000011c                ti_sysbios_family_arm_m3_Hwi_pendSV(int0_t)
                0x0000015c                ti_sysbios_family_arm_m3_Hwi_excHandlerAsm(int0_t)
 *fill*         0x0000017c        0x4 
 .text          0x00000180       0xa0 /opt/ti/energia-0101E0017/hardware/emt/src/sysbios/sysbios.am4fg(m3_Hwi_asm_switch_gnu.o)
                0x0000019c                ti_sysbios_family_xxx_Hwi_switchAndRunFunc
                0x000001ba                ti_sysbios_family_arm_m3_Hwi_getTaskSP__E
                0x000001c0                ti_sysbios_family_arm_m3_Hwi_initStacks__E
 .text          0x00000220        0xa /opt/ti/energia-0101E0017/hardware/emt/src/sysbios/sysbios.am4fg(m3_IntrinsicsSupport_asm_gnu.o)
                0x00000220                ti_sysbios_family_arm_m3_IntrinsicsSupport_maxbit__E
 *fill*         0x0000022a        0x6 
 .text          0x00000230       0xd0 /opt/ti/energia-0101E0017/hardware/emt/src/sysbios/sysbios.am4fg(m3_TaskSupport_asm_gnu.o)
                0x00000230                ti_sysbios_family_arm_m3_TaskSupport_buildTaskStack
                0x000002bc                ti_sysbios_family_arm_m3_TaskSupport_swap__E
                0x000002c8                ti_sysbios_knl_Task_swapReturn
                0x000002e4                ti_sysbios_family_arm_m3_TaskSupport_glue
 .text          0x00000300        0x0 /opt/ti/energia-0101E0017/hardware/emt/src/sysbios/sysbios.am4fg(_BIOS.o)
 .text          0x00000300        0x0 /opt/ti/energia-0101E0017/hardware/emt/src/sysbios/sysbios.am4fg(init_Boot.o)
 .text          0x00000300        0x0 /opt/ti/energia-0101E0017/hardware/emt/src/sysbios/sysbios.am4fg(knl_Clock.o)
 .text          0x00000300        0x0 /opt/ti/energia-0101E0017/hardware/emt/src/sysbios/sysbios.am4fg(knl_Idle.o)
 .text          0x00000300        0x0 /opt/ti/energia-0101E0017/hardware/emt/src/sysbios/sysbios.am4fg(knl_Event.o)
 .text          0x00000300        0x0 /opt/ti/energia-0101E0017/hardware/emt/src/sysbios/sysbios.am4fg(knl_Mailbox.o)
 .text          0x00000300        0x0 /opt/ti/energia-0101E0017/hardware/emt/src/sysbios/sysbios.am4fg(knl_Queue.o)
 .text          0x00000300        0x0 /opt/ti/energia-0101E0017/hardware/emt/src/sysbios/sysbios.am4fg(knl_Semaphore.o)
 .text          0x00000300        0x0 /opt/ti/energia-0101E0017/hardware/emt/src/sysbios/sysbios.am4fg(knl_Swi.o)
 .text          0x00000300        0x0 /opt/ti/energia-0101E0017/hardware/emt/src/sysbios/sysbios.am4fg(knl_Task.o)
 .text          0x00000300        0x0 /opt/ti/energia-0101E0017/hardware/emt/src/sysbios/sysbios.am4fg(hal_Hwi.o)
 .text          0x00000300        0x0 /opt/ti/energia-0101E0017/hardware/emt/src/sysbios/sysbios.am4fg(hal_Hwi_stack.o)
 .text          0x00000300        0x0 /opt/ti/energia-0101E0017/hardware/emt/src/sysbios/sysbios.am4fg(hal_Hwi_startup.o)
 .text          0x00000300        0x0 /opt/ti/energia-0101E0017/hardware/emt/src/sysbios/sysbios.am4fg(hal_Timer.o)
 .text          0x00000300        0x0 /opt/ti/energia-0101E0017/hardware/emt/src/sysbios/sysbios.am4fg(utils_Load.o)
 .text          0x00000300        0x0 /opt/ti/energia-0101E0017/hardware/emt/src/sysbios/sysbios.am4fg(utils_Load_CPU.o)
 .text          0x00000300        0x0 /opt/ti/energia-0101E0017/hardware/emt/src/sysbios/sysbios.am4fg(gates_GateHwi.o)
 .text          0x00000300        0x0 /opt/ti/energia-0101E0017/hardware/emt/src/sysbios/sysbios.am4fg(gates_GateMutex.o)
 .text          0x00000300        0x0 /opt/ti/energia-0101E0017/hardware/emt/src/sysbios/sysbios.am4fg(m3_Hwi.o)
 .text          0x00000300        0x0 /opt/ti/energia-0101E0017/hardware/emt/src/sysbios/sysbios.am4fg(m3_TaskSupport.o)
 .text          0x00000300        0x0 /opt/ti/energia-0101E0017/hardware/emt/src/sysbios/sysbios.am4fg(m3_Timer.o)
 .text          0x00000300        0x0 /opt/ti/energia-0101E0017/hardware/emt/src/sysbios/sysbios.am4fg(m3_TimestampProvider.o)
 .text          0x00000300        0x0 /opt/ti/energia-0101E0017/hardware/emt/src/sysbios/sysbios.am4fg(heaps_HeapMem.o)
 .text          0x00000300        0x0 /opt/ti/energia-0101E0017/hardware/emt/src/sysbios/sysbios.am4fg(gnu_ReentSupport.o)
 .text          0x00000300        0x0 /opt/ti/energia-0101E0017/hardware/emt/src/sysbios/sysbios.am4fg(msp432_Timer.o)
 .text          0x00000300        0x0 /opt/ti/energia-0101E0017/hardware/emt/src/sysbios/sysbios.am4fg(msp432_ClockFreqs.o)
 .text          0x00000300        0x0 /opt/ti/energia-0101E0017/hardware/emt/src/sysbios/sysbios.am4fg(lm4_Timer.o)
 .text          0x00000300        0x0 /opt/ti/energia-0101E0017/hardware/emt/gnu/targets/arm/rtsv7M/lib/gnu.targets.arm.rtsv7M.am4fg(Core-mem.om4fg)
 .text          0x00000300        0x0 /opt/ti/energia-0101E0017/hardware/emt/gnu/targets/arm/rtsv7M/lib/gnu.targets.arm.rtsv7M.am4fg(Core-smem.om4fg)
 .text          0x00000300        0x0 /opt/ti/energia-0101E0017/hardware/emt/gnu/targets/arm/rtsv7M/lib/gnu.targets.arm.rtsv7M.am4fg(Core-label.om4fg)
 .text          0x00000300        0x0 /opt/ti/energia-0101E0017/hardware/emt/gnu/targets/arm/rtsv7M/lib/gnu.targets.arm.rtsv7M.am4fg(Core-params.om4fg)
 .text          0x00000300        0x0 /opt/ti/energia-0101E0017/hardware/emt/gnu/targets/arm/rtsv7M/lib/gnu.targets.arm.rtsv7M.am4fg(Error.om4fg)
 .text          0x00000300        0x0 /opt/ti/energia-0101E0017/hardware/emt/gnu/targets/arm/rtsv7M/lib/gnu.targets.arm.rtsv7M.am4fg(Gate.om4fg)
 .text          0x00000300        0x0 /opt/ti/energia-0101E0017/hardware/emt/gnu/targets/arm/rtsv7M/lib/gnu.targets.arm.rtsv7M.am4fg(Memory.om4fg)
 .text          0x00000300        0x0 /opt/ti/energia-0101E0017/hardware/emt/gnu/targets/arm/rtsv7M/lib/gnu.targets.arm.rtsv7M.am4fg(Startup.om4fg)
 .text          0x00000300        0x0 /opt/ti/energia-0101E0017/hardware/emt/gnu/targets/arm/rtsv7M/lib/gnu.targets.arm.rtsv7M.am4fg(System.om4fg)
 .text          0x00000300        0x0 /opt/ti/energia-0101E0017/hardware/emt/gnu/targets/arm/rtsv7M/lib/gnu.targets.arm.rtsv7M.am4fg(SysCallback.om4fg)
 .text          0x00000300        0x0 /opt/ti/energia-0101E0017/hardware/emt/gnu/targets/arm/rtsv7M/lib/gnu.targets.arm.rtsv7M.am4fg(Text.om4fg)
 .text          0x00000300        0x0 /opt/ti/energia-0101E0017/hardware/emt/gnu/targets/arm/rtsv7M/lib/gnu.targets.arm.rtsv7M.am4fg(Timestamp.om4fg)
 .text          0x00000300        0x0 /opt/ti/energia-0101E0017/hardware/emt/gnu/targets/arm/rtsv7M/lib/gnu.targets.arm.rtsv7M.am4fg(xdc_noinit.om4fg)
 .text          0x00000300        0x0 /opt/ti/energia-0101E0017/hardware/emt/gnu/targets/arm/rtsv7M/lib/gnu.targets.arm.rtsv7M.am4fg(Assert.om4fg)
 .text          0x00000300        0x0 /opt/ti/energia-0101E0017/hardware/emt/gnu/targets/arm/rtsv7M/lib/gnu.targets.arm.rtsv7M.am4fg(Registry.om4fg)
 .text          0x00000300        0x0 /opt/ti/energia-0101E0017/hardware/emt/gnu/targets/arm/rtsv7M/lib/boot.am4fg(boot.om4fg)
 .text          0x00000300        0x0 /opt/ti/energia-0101E0017/hardware/emt/gnu/targets/arm/rtsv7M/lib/boot.am4fg(startup.om4fg)
 .text          0x00000300        0x0 /opt/ti/energia-0101E0017/hardware/emt/gnu/targets/arm/rtsv7M/lib/syscalls.am4fg(syscalls.om4fg)
 .text          0x00000300        0x0 /opt/ti/energia-0101E0017/hardware/msp432/cores/msp432/driverlib/libdriverlib.a(cpu.o)
 .text          0x00000300        0x0 /opt/ti/energia-0101E0017/hardware/msp432/cores/msp432/driverlib/libdriverlib.a(cs.o)
 .text          0x00000300        0x0 /opt/ti/energia-0101E0017/hardware/msp432/cores/msp432/driverlib/libdriverlib.a(dma.o)
 .text          0x00000300        0x0 /opt/ti/energia-0101E0017/hardware/msp432/cores/msp432/driverlib/libdriverlib.a(flash.o)
 .text          0x00000300        0x0 /opt/ti/energia-0101E0017/hardware/msp432/cores/msp432/driverlib/libdriverlib.a(gpio.o)
 .text          0x00000300        0x0 /opt/ti/energia-0101E0017/hardware/msp432/cores/msp432/driverlib/libdriverlib.a(i2c.o)
 .text          0x00000300        0x0 /opt/ti/energia-0101E0017/hardware/msp432/cores/msp432/driverlib/libdriverlib.a(interrupt.o)
 .text          0x00000300        0x0 /opt/ti/energia-0101E0017/hardware/msp432/cores/msp432/driverlib/libdriverlib.a(pcm.o)
 .text          0x00000300        0x0 /opt/ti/energia-0101E0017/hardware/msp432/cores/msp432/driverlib/libdriverlib.a(rtc_c.o)
 .text          0x00000300        0x0 /opt/ti/energia-0101E0017/hardware/msp432/cores/msp432/driverlib/libdriverlib.a(spi.o)
 .text          0x00000300        0x0 /opt/ti/energia-0101E0017/hardware/msp432/cores/msp432/driverlib/libdriverlib.a(sysctl.o)
 .text          0x00000300        0x0 /opt/ti/energia-0101E0017/hardware/msp432/cores/msp432/driverlib/libdriverlib.a(timer_a.o)
 .text          0x00000300        0x0 /opt/ti/energia-0101E0017/hardware/msp432/cores/msp432/driverlib/libdriverlib.a(uart.o)
 .text          0x00000300        0x0 /opt/ti/energia-0101E0017/hardware/msp432/cores/msp432/driverlib/libdriverlib.a(wdt_a.o)
 .text          0x00000300        0x0 /opt/ti/energia-0101E0017/hardware/tools/lm4f/bin/../lib/gcc/arm-none-eabi/4.8.4/../../../../arm-none-eabi/lib/armv7e-m/fpu/libc.a(lib_a-abort.o)
 .text          0x00000300        0x0 /opt/ti/energia-0101E0017/hardware/tools/lm4f/bin/../lib/gcc/arm-none-eabi/4.8.4/../../../../arm-none-eabi/lib/armv7e-m/fpu/libc.a(lib_a-exit.o)
 .text          0x00000300        0x0 /opt/ti/energia-0101E0017/hardware/tools/lm4f/bin/../lib/gcc/arm-none-eabi/4.8.4/../../../../arm-none-eabi/lib/armv7e-m/fpu/libc.a(lib_a-impure.o)
 .text          0x00000300      0x134 /opt/ti/energia-0101E0017/hardware/tools/lm4f/bin/../lib/gcc/arm-none-eabi/4.8.4/../../../../arm-none-eabi/lib/armv7e-m/fpu/libc.a(lib_a-memcpy.o)
                0x00000300                memcpy
 .text          0x00000434        0x0 /opt/ti/energia-0101E0017/hardware/tools/lm4f/bin/../lib/gcc/arm-none-eabi/4.8.4/../../../../arm-none-eabi/lib/armv7e-m/fpu/libc.a(lib_a-memset.o)
 .text          0x00000434        0x0 /opt/ti/energia-0101E0017/hardware/tools/lm4f/bin/../lib/gcc/arm-none-eabi/4.8.4/../../../../arm-none-eabi/lib/armv7e-m/fpu/libc.a(lib_a-reent.o)
 .text          0x00000434        0x0 /opt/ti/energia-0101E0017/hardware/tools/lm4f/bin/../lib/gcc/arm-none-eabi/4.8.4/../../../../arm-none-eabi/lib/armv7e-m/fpu/libc.a(lib_a-signal.o)
 .text          0x00000434        0x0 /opt/ti/energia-0101E0017/hardware/tools/lm4f/bin/../lib/gcc/arm-none-eabi/4.8.4/../../../../arm-none-eabi/lib/armv7e-m/fpu/libc.a(lib_a-signalr.o)
 .text          0x00000434        0x0 /opt/ti/energia-0101E0017/hardware/tools/lm4f/bin/../lib/gcc/arm-none-eabi/4.8.4/../../../../arm-none-eabi/lib/armv7e-m/fpu/libc.a(lib_a-sprintf.o)
 .text          0x00000434      0x21c /opt/ti/energia-0101E0017/hardware/tools/lm4f/bin/../lib/gcc/arm-none-eabi/4.8.4/../../../../arm-none-eabi/lib/armv7e-m/fpu/libc.a(lib_a-strcmp.o)
                0x00000434                strcmp
 .text          0x00000650        0x0 /opt/ti/energia-0101E0017/hardware/tools/lm4f/bin/../lib/gcc/arm-none-eabi/4.8.4/../../../../arm-none-eabi/lib/armv7e-m/fpu/libc.a(lib_a-strlen.o)
 .text          0x00000650        0x0 /opt/ti/energia-0101E0017/hardware/tools/lm4f/bin/../lib/gcc/arm-none-eabi/4.8.4/../../../../arm-none-eabi/lib/armv7e-m/fpu/libc.a(lib_a-svfprintf.o)
 .text          0x00000650        0x0 /opt/ti/energia-0101E0017/hardware/tools/lm4f/bin/../lib/gcc/arm-none-eabi/4.8.4/../../../../arm-none-eabi/lib/armv7e-m/fpu/libc.a(lib_a-__call_atexit.o)
 .text          0x00000650        0x0 /opt/ti/energia-0101E0017/hardware/tools/lm4f/bin/../lib/gcc/arm-none-eabi/4.8.4/../../../../arm-none-eabi/lib/armv7e-m/fpu/libc.a(lib_a-atexit.o)
 .text          0x00000650        0x0 /opt/ti/energia-0101E0017/hardware/tools/lm4f/bin/../lib/gcc/arm-none-eabi/4.8.4/../../../../arm-none-eabi/lib/armv7e-m/fpu/libc.a(lib_a-dtoa.o)
 .text          0x00000650        0x0 /opt/ti/energia-0101E0017/hardware/tools/lm4f/bin/../lib/gcc/arm-none-eabi/4.8.4/../../../../arm-none-eabi/lib/armv7e-m/fpu/libc.a(lib_a-fini.o)
 .text          0x00000650        0x0 /opt/ti/energia-0101E0017/hardware/tools/lm4f/bin/../lib/gcc/arm-none-eabi/4.8.4/../../../../arm-none-eabi/lib/armv7e-m/fpu/libc.a(lib_a-locale.o)
 .text          0x00000650        0x0 /opt/ti/energia-0101E0017/hardware/tools/lm4f/bin/../lib/gcc/arm-none-eabi/4.8.4/../../../../arm-none-eabi/lib/armv7e-m/fpu/libc.a(lib_a-memchr-stub.o)
 .text          0x00000650        0x0 /opt/ti/energia-0101E0017/hardware/tools/lm4f/bin/../lib/gcc/arm-none-eabi/4.8.4/../../../../arm-none-eabi/lib/armv7e-m/fpu/libc.a(lib_a-mprec.o)
 .text          0x00000650        0x0 /opt/ti/energia-0101E0017/hardware/tools/lm4f/bin/../lib/gcc/arm-none-eabi/4.8.4/../../../../arm-none-eabi/lib/armv7e-m/fpu/libc.a(lib_a-s_fpclassify.o)
 .text          0x00000650        0x0 /opt/ti/energia-0101E0017/hardware/tools/lm4f/bin/../lib/gcc/arm-none-eabi/4.8.4/../../../../arm-none-eabi/lib/armv7e-m/fpu/libc.a(lib_a-svfiprintf.o)
 .text          0x00000650        0x0 /opt/ti/energia-0101E0017/hardware/tools/lm4f/bin/../lib/gcc/arm-none-eabi/4.8.4/../../../../arm-none-eabi/lib/armv7e-m/fpu/libc.a(lib_a-__atexit.o)
 .text          0x00000650        0x0 /opt/ti/energia-0101E0017/hardware/tools/lm4f/bin/../lib/gcc/arm-none-eabi/4.8.4/../../../../arm-none-eabi/lib/armv7e-m/fpu/libc.a(lib_a-memmove.o)
 .text          0x00000650      0x370 /opt/ti/energia-0101E0017/hardware/tools/lm4f/bin/../lib/gcc/arm-none-eabi/4.8.4/armv7e-m/fpu/libgcc.a(_arm_addsubdf3.o)
                0x00000650                __aeabi_drsub
                0x00000658                __aeabi_dsub
                0x00000658                __subdf3
                0x0000065c                __adddf3
                0x0000065c                __aeabi_dadd
                0x000008d4                __aeabi_ui2d
                0x000008d4                __floatunsidf
                0x000008f4                __floatsidf
                0x000008f4                __aeabi_i2d
                0x00000918                __extendsfdf2
                0x00000918                __aeabi_f2d
                0x00000954                __aeabi_ul2d
                0x00000954                __floatundidf
                0x00000964                __floatdidf
                0x00000964                __aeabi_l2d
 .text          0x000009c0      0x424 /opt/ti/energia-0101E0017/hardware/tools/lm4f/bin/../lib/gcc/arm-none-eabi/4.8.4/armv7e-m/fpu/libgcc.a(_arm_muldivdf3.o)
                0x000009c0                __aeabi_dmul
                0x000009c0                __muldf3
                0x00000c14                __aeabi_ddiv
                0x00000c14                __divdf3
 .text          0x00000de4      0x110 /opt/ti/energia-0101E0017/hardware/tools/lm4f/bin/../lib/gcc/arm-none-eabi/4.8.4/armv7e-m/fpu/libgcc.a(_arm_cmpdf2.o)
                0x00000de4                __gtdf2
                0x00000de4                __gedf2
                0x00000dec                __ltdf2
                0x00000dec                __ledf2
                0x00000df4                __cmpdf2
                0x00000df4                __eqdf2
                0x00000df4                __nedf2
                0x00000e70                __aeabi_cdrcmple
                0x00000e80                __aeabi_cdcmple
                0x00000e80                __aeabi_cdcmpeq
                0x00000e90                __aeabi_dcmpeq
                0x00000ea4                __aeabi_dcmplt
                0x00000eb8                __aeabi_dcmple
                0x00000ecc                __aeabi_dcmpge
                0x00000ee0                __aeabi_dcmpgt
 .text          0x00000ef4       0x50 /opt/ti/energia-0101E0017/hardware/tools/lm4f/bin/../lib/gcc/arm-none-eabi/4.8.4/armv7e-m/fpu/libgcc.a(_arm_fixdfsi.o)
                0x00000ef4                __fixdfsi
                0x00000ef4                __aeabi_d2iz
 .text          0x00000f44       0xa0 /opt/ti/energia-0101E0017/hardware/tools/lm4f/bin/../lib/gcc/arm-none-eabi/4.8.4/armv7e-m/fpu/libgcc.a(_arm_truncdfsf2.o)
                0x00000f44                __aeabi_d2f
                0x00000f44                __truncdfsf2
 .text          0x00000fe4       0x2c /opt/ti/energia-0101E0017/hardware/tools/lm4f/bin/../lib/gcc/arm-none-eabi/4.8.4/armv7e-m/fpu/libgcc.a(_aeabi_uldivmod.o)
                0x00000fe4                __aeabi_uldivmod
 .text          0x00001010       0x60 /opt/ti/energia-0101E0017/hardware/tools/lm4f/bin/../lib/gcc/arm-none-eabi/4.8.4/armv7e-m/fpu/libgcc.a(bpabi.o)
                0x00001010                __gnu_ldivmod_helper
                0x00001040                __gnu_uldivmod_helper
 .text          0x00001070        0x4 /opt/ti/energia-0101E0017/hardware/tools/lm4f/bin/../lib/gcc/arm-none-eabi/4.8.4/armv7e-m/fpu/libgcc.a(_dvmd_tls.o)
                0x00001070                __aeabi_ldiv0
                0x00001070                __aeabi_idiv0
 .text          0x00001074      0x298 /opt/ti/energia-0101E0017/hardware/tools/lm4f/bin/../lib/gcc/arm-none-eabi/4.8.4/armv7e-m/fpu/libgcc.a(_divdi3.o)
                0x00001074                __divdi3
 .text          0x0000130c      0x284 /opt/ti/energia-0101E0017/hardware/tools/lm4f/bin/../lib/gcc/arm-none-eabi/4.8.4/armv7e-m/fpu/libgcc.a(_udivdi3.o)
                0x0000130c                __udivdi3
 .text          0x00001590        0x0 /opt/ti/energia-0101E0017/hardware/tools/lm4f/bin/../lib/gcc/arm-none-eabi/4.8.4/../../../../arm-none-eabi/lib/armv7e-m/fpu/libnosys.a(getpid.o)
 .text          0x00001590        0x0 /opt/ti/energia-0101E0017/hardware/tools/lm4f/bin/../lib/gcc/arm-none-eabi/4.8.4/../../../../arm-none-eabi/lib/armv7e-m/fpu/libnosys.a(kill.o)
 *(.text.*)
 .text._Z5setupv
                0x00001590       0x2a ./AMAS.o
                0x00001590                setup()
 .text._Z4loopv
                0x000015ba        0x2 ./AMAS.o
                0x000015ba                loop()
 .text._ZN2PhD2Ev
                0x000015bc       0x14 ./classes/Ph.o
                0x000015bc                Ph::~Ph()
                0x000015bc                Ph::~Ph()
 .text._ZN2PhD0Ev
                0x000015d0       0x12 ./classes/Ph.o
                0x000015d0                Ph::~Ph()
 *fill*         0x000015e2        0x2 
 .text._ZN2PhC2Ei
                0x000015e4       0x24 ./classes/Ph.o
                0x000015e4                Ph::Ph(int)
                0x000015e4                Ph::Ph(int)
 .text._ZN2Ph12averagearrayEPii
                0x00001608       0xb4 ./classes/Ph.o
                0x00001608                Ph::averagearray(int*, int)
 .text._ZN2Ph4loopEv
                0x000016bc      0x110 ./classes/Ph.o
                0x000016bc                Ph::loop()
 .text._ZN2Ph5setupEv
                0x000017cc       0x34 ./classes/Ph.o
                0x000017cc                Ph::setup()
 .text._ZN6SensorD2Ev
                0x00001800        0xc ./classes/Sensor.o
                0x00001800                Sensor::~Sensor()
                0x00001800                Sensor::~Sensor()
 .text._ZN6SensorD0Ev
                0x0000180c       0x14 ./classes/Sensor.o
                0x0000180c                Sensor::~Sensor()
 .text._ZN6SensorC2Ei
                0x00001820        0xc ./classes/Sensor.o
                0x00001820                Sensor::Sensor(int)
                0x00001820                Sensor::Sensor(int)
 .text._ZN6Sensor9getP_NUMBEv
                0x0000182c        0x4 ./classes/Sensor.o
                0x0000182c                Sensor::getP_NUMB()
 .text._Z8the_taskjj
                0x00001830       0x12 ./main.o
                0x00001830                the_task(unsigned int, unsigned int)
 *fill*         0x00001842        0x2 
 .text.startup.main
                0x00001844       0x60 ./main.o
                0x00001844                main
 .text.xdc_runtime_Startup_exec__I
                0x000018a4       0x14 /opt/ti/energia-0101E0017/hardware/emt/ti/runtime/wiring/msp432/configPkg/package/cfg/energia_pm4fg.om4fg
                0x000018a4                xdc_runtime_Startup_exec(int0_t)
 .text.ti_sysbios_BIOS_startFunc__I
                0x000018b8       0x24 /opt/ti/energia-0101E0017/hardware/emt/ti/runtime/wiring/msp432/configPkg/package/cfg/energia_pm4fg.om4fg
                0x000018b8                ti_sysbios_BIOS_startFunc(int0_t)
 .text.ti_sysbios_BIOS_atExitFunc__I
                0x000018dc       0x10 /opt/ti/energia-0101E0017/hardware/emt/ti/runtime/wiring/msp432/configPkg/package/cfg/energia_pm4fg.om4fg
                0x000018dc                ti_sysbios_BIOS_atExitFunc(int0_t)
 .text.ti_sysbios_BIOS_exitFunc__I
                0x000018ec       0x14 /opt/ti/energia-0101E0017/hardware/emt/ti/runtime/wiring/msp432/configPkg/package/cfg/energia_pm4fg.om4fg
                0x000018ec                ti_sysbios_BIOS_exitFunc(int0_t)
 .text.ti_runtime_heaps_HeapRem_Handle__label__S
                0x00001900       0x18 /opt/ti/energia-0101E0017/hardware/emt/ti/runtime/wiring/msp432/configPkg/package/cfg/energia_pm4fg.om4fg
                0x00001900                ti_runtime_heaps_HeapRem_Handle__label(void) static
 .text.ti_sysbios_gates_GateHwi_Handle__label__S
                0x00001918       0x18 /opt/ti/energia-0101E0017/hardware/emt/ti/runtime/wiring/msp432/configPkg/package/cfg/energia_pm4fg.om4fg
                0x00001918                ti_sysbios_gates_GateHwi_Handle__label(void) static
 .text.ti_sysbios_gates_GateMutex_Handle__label__S
                0x00001930       0x18 /opt/ti/energia-0101E0017/hardware/emt/ti/runtime/wiring/msp432/configPkg/package/cfg/energia_pm4fg.om4fg
                0x00001930                ti_sysbios_gates_GateMutex_Handle__label(void) static
 .text.ti_sysbios_heaps_HeapMem_Handle__label__S
                0x00001948       0x18 /opt/ti/energia-0101E0017/hardware/emt/ti/runtime/wiring/msp432/configPkg/package/cfg/energia_pm4fg.om4fg
                0x00001948                ti_sysbios_heaps_HeapMem_Handle__label(void) static
 .text.ti_runtime_heaps_HeapRem_Object__create__S
                0x00001960       0x2c /opt/ti/energia-0101E0017/hardware/emt/ti/runtime/wiring/msp432/configPkg/package/cfg/energia_pm4fg.om4fg
                0x00001960                ti_runtime_heaps_HeapRem_Object__create(void) static
 .text.ti_runtime_heaps_HeapRem_Object__delete__S
                0x0000198c       0x24 /opt/ti/energia-0101E0017/hardware/emt/ti/runtime/wiring/msp432/configPkg/package/cfg/energia_pm4fg.om4fg
                0x0000198c                ti_runtime_heaps_HeapRem_Object__delete(void) static
 .text.ti_sysbios_gates_GateHwi_Object__delete__S
                0x000019b0       0x24 /opt/ti/energia-0101E0017/hardware/emt/ti/runtime/wiring/msp432/configPkg/package/cfg/energia_pm4fg.om4fg
                0x000019b0                ti_sysbios_gates_GateHwi_Object__delete(void) static
 .text.ti_sysbios_gates_GateMutex_Object__delete__S
                0x000019d4       0x28 /opt/ti/energia-0101E0017/hardware/emt/ti/runtime/wiring/msp432/configPkg/package/cfg/energia_pm4fg.om4fg
                0x000019d4                ti_sysbios_gates_GateMutex_Object__delete(void) static
 .text.ti_sysbios_heaps_HeapMem_Object__delete__S
                0x000019fc       0x24 /opt/ti/energia-0101E0017/hardware/emt/ti/runtime/wiring/msp432/configPkg/package/cfg/energia_pm4fg.om4fg
                0x000019fc                ti_sysbios_heaps_HeapMem_Object__delete(void) static
 .text.ti_sysbios_gates_GateHwi_Object__create__S
                0x00001a20       0x2c /opt/ti/energia-0101E0017/hardware/emt/ti/runtime/wiring/msp432/configPkg/package/cfg/energia_pm4fg.om4fg
                0x00001a20                ti_sysbios_gates_GateHwi_Object__create(void) static
 .text.ti_sysbios_gates_GateMutex_Object__create__S
                0x00001a4c       0x2c /opt/ti/energia-0101E0017/hardware/emt/ti/runtime/wiring/msp432/configPkg/package/cfg/energia_pm4fg.om4fg
                0x00001a4c                ti_sysbios_gates_GateMutex_Object__create(void) static
 .text.ti_sysbios_heaps_HeapMem_Object__create__S
                0x00001a78       0x2c /opt/ti/energia-0101E0017/hardware/emt/ti/runtime/wiring/msp432/configPkg/package/cfg/energia_pm4fg.om4fg
                0x00001a78                ti_sysbios_heaps_HeapMem_Object__create(void) static
 .text.ti_sysbios_knl_Clock_doTick__I
                0x00001aa4       0x30 /opt/ti/energia-0101E0017/hardware/emt/ti/runtime/wiring/msp432/configPkg/package/cfg/energia_pm4fg.om4fg
                0x00001aa4                ti_sysbios_knl_Clock_doTick(int0_t)
 .text.xdc_runtime_Startup_reset__I
                0x00001ad4       0x10 /opt/ti/energia-0101E0017/hardware/emt/ti/runtime/wiring/msp432/configPkg/package/cfg/energia_pm4fg.om4fg
                0x00001ad4                xdc_runtime_Startup_reset(int0_t)
 .text.ti_sysbios_utils_Load_update__E
                0x00001ae4        0x4 /opt/ti/energia-0101E0017/hardware/emt/ti/runtime/wiring/msp432/configPkg/package/cfg/energia_pm4fg.om4fg
                0x00001ae4                ti_sysbios_utils_Load_update__E
 .text.malloc   0x00001ae8       0x30 /opt/ti/energia-0101E0017/hardware/emt/ti/runtime/wiring/msp432/configPkg/package/cfg/energia_pm4fg.om4fg
                0x00001ae8                malloc
 .text.free     0x00001b18       0x18 /opt/ti/energia-0101E0017/hardware/emt/ti/runtime/wiring/msp432/configPkg/package/cfg/energia_pm4fg.om4fg
                0x00001b18                free
 .text._free_r  0x00001b30        0x8 /opt/ti/energia-0101E0017/hardware/emt/ti/runtime/wiring/msp432/configPkg/package/cfg/energia_pm4fg.om4fg
                0x00001b30                _free_r
 .text.ti_sysbios_hal_Hwi_HwiProxy_Module__startupDone__S
                0x00001b38       0x14 /opt/ti/energia-0101E0017/hardware/emt/ti/runtime/wiring/msp432/configPkg/package/cfg/energia_pm4fg.om4fg
                0x00001b38                ti_sysbios_hal_Hwi_HwiProxy_Module__startupDone(void) static
 .text.ti_sysbios_hal_Hwi_HwiProxy_getStackInfo__E
                0x00001b4c        0x4 /opt/ti/energia-0101E0017/hardware/emt/ti/runtime/wiring/msp432/configPkg/package/cfg/energia_pm4fg.om4fg
                0x00001b4c                ti_sysbios_hal_Hwi_HwiProxy_getStackInfo__E
 .text.ti_sysbios_hal_Hwi_HwiProxy_startup__E
                0x00001b50        0x4 /opt/ti/energia-0101E0017/hardware/emt/ti/runtime/wiring/msp432/configPkg/package/cfg/energia_pm4fg.om4fg
                0x00001b50                ti_sysbios_hal_Hwi_HwiProxy_startup__E
 .text.ti_sysbios_hal_Hwi_HwiProxy_switchFromBootStack__E
                0x00001b54        0x4 /opt/ti/energia-0101E0017/hardware/emt/ti/runtime/wiring/msp432/configPkg/package/cfg/energia_pm4fg.om4fg
                0x00001b54                ti_sysbios_hal_Hwi_HwiProxy_switchFromBootStack__E
 .text.ti_sysbios_hal_Timer_TimerProxy_Module__startupDone__S
                0x00001b58       0x14 /opt/ti/energia-0101E0017/hardware/emt/ti/runtime/wiring/msp432/configPkg/package/cfg/energia_pm4fg.om4fg
                0x00001b58                ti_sysbios_hal_Timer_TimerProxy_Module__startupDone(void) static
 .text.ti_sysbios_heaps_HeapMem_Module_GateProxy_query__E
                0x00001b6c        0x4 /opt/ti/energia-0101E0017/hardware/emt/ti/runtime/wiring/msp432/configPkg/package/cfg/energia_pm4fg.om4fg
                0x00001b6c                ti_sysbios_heaps_HeapMem_Module_GateProxy_query__E
 .text.ti_sysbios_heaps_HeapMem_Module_GateProxy_enter__E
                0x00001b70        0x4 /opt/ti/energia-0101E0017/hardware/emt/ti/runtime/wiring/msp432/configPkg/package/cfg/energia_pm4fg.om4fg
                0x00001b70                ti_sysbios_heaps_HeapMem_Module_GateProxy_enter__E
 .text.ti_sysbios_heaps_HeapMem_Module_GateProxy_leave__E
                0x00001b74        0x4 /opt/ti/energia-0101E0017/hardware/emt/ti/runtime/wiring/msp432/configPkg/package/cfg/energia_pm4fg.om4fg
                0x00001b74                ti_sysbios_heaps_HeapMem_Module_GateProxy_leave__E
 .text.ti_sysbios_knl_Clock_TimerProxy_Module__startupDone__S
                0x00001b78       0x14 /opt/ti/energia-0101E0017/hardware/emt/ti/runtime/wiring/msp432/configPkg/package/cfg/energia_pm4fg.om4fg
                0x00001b78                ti_sysbios_knl_Clock_TimerProxy_Module__startupDone(void) static
 .text.ti_sysbios_knl_Clock_TimerProxy_getMaxTicks__E
                0x00001b8c        0x4 /opt/ti/energia-0101E0017/hardware/emt/ti/runtime/wiring/msp432/configPkg/package/cfg/energia_pm4fg.om4fg
                0x00001b8c                ti_sysbios_knl_Clock_TimerProxy_getMaxTicks__E
 .text.ti_sysbios_knl_Task_SupportProxy_Module__startupDone__S
                0x00001b90        0x4 /opt/ti/energia-0101E0017/hardware/emt/ti/runtime/wiring/msp432/configPkg/package/cfg/energia_pm4fg.om4fg
                0x00001b90                ti_sysbios_knl_Task_SupportProxy_Module__startupDone(void) static
 .text.ti_sysbios_knl_Task_SupportProxy_start__E
                0x00001b94        0x4 /opt/ti/energia-0101E0017/hardware/emt/ti/runtime/wiring/msp432/configPkg/package/cfg/energia_pm4fg.om4fg
                0x00001b94                ti_sysbios_knl_Task_SupportProxy_start__E
 .text.ti_sysbios_knl_Task_SupportProxy_swap__E
                0x00001b98        0x4 /opt/ti/energia-0101E0017/hardware/emt/ti/runtime/wiring/msp432/configPkg/package/cfg/energia_pm4fg.om4fg
                0x00001b98                ti_sysbios_knl_Task_SupportProxy_swap__E
 .text.ti_sysbios_knl_Task_SupportProxy_getStackAlignment__E
                0x00001b9c        0x4 /opt/ti/energia-0101E0017/hardware/emt/ti/runtime/wiring/msp432/configPkg/package/cfg/energia_pm4fg.om4fg
                0x00001b9c                ti_sysbios_knl_Task_SupportProxy_getStackAlignment__E
 .text.xdc_runtime_Memory_HeapProxy_alloc__E
                0x00001ba0        0xc /opt/ti/energia-0101E0017/hardware/emt/ti/runtime/wiring/msp432/configPkg/package/cfg/energia_pm4fg.om4fg
                0x00001ba0                xdc_runtime_Memory_HeapProxy_alloc__E
 .text.xdc_runtime_Memory_HeapProxy_free__E
                0x00001bac        0xc /opt/ti/energia-0101E0017/hardware/emt/ti/runtime/wiring/msp432/configPkg/package/cfg/energia_pm4fg.om4fg
                0x00001bac                xdc_runtime_Memory_HeapProxy_free__E
 .text.xdc_runtime_System_Module_GateProxy_enter__E
                0x00001bb8        0x4 /opt/ti/energia-0101E0017/hardware/emt/ti/runtime/wiring/msp432/configPkg/package/cfg/energia_pm4fg.om4fg
                0x00001bb8                xdc_runtime_System_Module_GateProxy_enter__E
 .text.xdc_runtime_System_Module_GateProxy_leave__E
                0x00001bbc        0x4 /opt/ti/energia-0101E0017/hardware/emt/ti/runtime/wiring/msp432/configPkg/package/cfg/energia_pm4fg.om4fg
                0x00001bbc                xdc_runtime_System_Module_GateProxy_leave__E
 .text.xdc_runtime_System_SupportProxy_abort__E
                0x00001bc0        0x4 /opt/ti/energia-0101E0017/hardware/emt/ti/runtime/wiring/msp432/configPkg/package/cfg/energia_pm4fg.om4fg
                0x00001bc0                xdc_runtime_System_SupportProxy_abort__E
 .text.xdc_runtime_System_SupportProxy_exit__E
                0x00001bc4        0x4 /opt/ti/energia-0101E0017/hardware/emt/ti/runtime/wiring/msp432/configPkg/package/cfg/energia_pm4fg.om4fg
                0x00001bc4                xdc_runtime_System_SupportProxy_exit__E
 .text.xdc_runtime_System_SupportProxy_flush__E
                0x00001bc8        0x4 /opt/ti/energia-0101E0017/hardware/emt/ti/runtime/wiring/msp432/configPkg/package/cfg/energia_pm4fg.om4fg
                0x00001bc8                xdc_runtime_System_SupportProxy_flush__E
 .text.xdc_runtime_Timestamp_SupportProxy_get32__E
                0x00001bcc        0x4 /opt/ti/energia-0101E0017/hardware/emt/ti/runtime/wiring/msp432/configPkg/package/cfg/energia_pm4fg.om4fg
                0x00001bcc                xdc_runtime_Timestamp_SupportProxy_get32__E
 .text.xdc_runtime_Timestamp_SupportProxy_getFreq__E
                0x00001bd0        0x4 /opt/ti/energia-0101E0017/hardware/emt/ti/runtime/wiring/msp432/configPkg/package/cfg/energia_pm4fg.om4fg
                0x00001bd0                xdc_runtime_Timestamp_SupportProxy_getFreq__E
 .text.ti_sysbios_family_arm_m3_Hwi_Params__init__S
                0x00001bd4       0x18 /opt/ti/energia-0101E0017/hardware/emt/ti/runtime/wiring/msp432/configPkg/package/cfg/energia_pm4fg.om4fg
                0x00001bd4                ti_sysbios_family_arm_m3_Hwi_Params__init(void) static
 .text.ti_sysbios_family_arm_m3_Hwi_Object__get__S
                0x00001bec       0x1c /opt/ti/energia-0101E0017/hardware/emt/ti/runtime/wiring/msp432/configPkg/package/cfg/energia_pm4fg.om4fg
                0x00001bec                ti_sysbios_family_arm_m3_Hwi_Object__get(void) static
 .text.ti_sysbios_family_arm_m3_Hwi_construct
                0x00001c08       0x50 /opt/ti/energia-0101E0017/hardware/emt/ti/runtime/wiring/msp432/configPkg/package/cfg/energia_pm4fg.om4fg
                0x00001c08                ti_sysbios_family_arm_m3_Hwi_construct
 .text.ti_sysbios_family_arm_m3_Hwi_destruct
                0x00001c58       0x24 /opt/ti/energia-0101E0017/hardware/emt/ti/runtime/wiring/msp432/configPkg/package/cfg/energia_pm4fg.om4fg
                0x00001c58                ti_sysbios_family_arm_m3_Hwi_destruct
 .text.ti_sysbios_gates_GateMutex_construct
                0x00001c7c       0x2c /opt/ti/energia-0101E0017/hardware/emt/ti/runtime/wiring/msp432/configPkg/package/cfg/energia_pm4fg.om4fg
                0x00001c7c                ti_sysbios_gates_GateMutex_construct
 .text.ti_sysbios_heaps_HeapMem_Module__startupDone__S
                0x00001ca8        0x4 /opt/ti/energia-0101E0017/hardware/emt/ti/runtime/wiring/msp432/configPkg/package/cfg/energia_pm4fg.om4fg
                0x00001ca8                ti_sysbios_heaps_HeapMem_Module__startupDone(void) static
 .text.ti_sysbios_heaps_HeapMem_Params__init__S
                0x00001cac       0x18 /opt/ti/energia-0101E0017/hardware/emt/ti/runtime/wiring/msp432/configPkg/package/cfg/energia_pm4fg.om4fg
                0x00001cac                ti_sysbios_heaps_HeapMem_Params__init(void) static
 .text.ti_sysbios_heaps_HeapMem_Object__get__S
                0x00001cc4        0xc /opt/ti/energia-0101E0017/hardware/emt/ti/runtime/wiring/msp432/configPkg/package/cfg/energia_pm4fg.om4fg
                0x00001cc4                ti_sysbios_heaps_HeapMem_Object__get(void) static
 .text.ti_sysbios_heaps_HeapMem_construct
                0x00001cd0       0x2c /opt/ti/energia-0101E0017/hardware/emt/ti/runtime/wiring/msp432/configPkg/package/cfg/energia_pm4fg.om4fg
                0x00001cd0                ti_sysbios_heaps_HeapMem_construct
 .text.ti_sysbios_knl_Clock_Params__init__S
                0x00001cfc       0x18 /opt/ti/energia-0101E0017/hardware/emt/ti/runtime/wiring/msp432/configPkg/package/cfg/energia_pm4fg.om4fg
                0x00001cfc                ti_sysbios_knl_Clock_Params__init(void) static
 .text.ti_sysbios_knl_Clock_construct
                0x00001d14       0x30 /opt/ti/energia-0101E0017/hardware/emt/ti/runtime/wiring/msp432/configPkg/package/cfg/energia_pm4fg.om4fg
                0x00001d14                ti_sysbios_knl_Clock_construct
 .text.ti_sysbios_knl_Clock_destruct
                0x00001d44       0x24 /opt/ti/energia-0101E0017/hardware/emt/ti/runtime/wiring/msp432/configPkg/package/cfg/energia_pm4fg.om4fg
                0x00001d44                ti_sysbios_knl_Clock_destruct
 .text.ti_sysbios_knl_Mailbox_Object__get__S
                0x00001d68        0xc /opt/ti/energia-0101E0017/hardware/emt/ti/runtime/wiring/msp432/configPkg/package/cfg/energia_pm4fg.om4fg
                0x00001d68                ti_sysbios_knl_Mailbox_Object__get(void) static
 .text.ti_sysbios_knl_Queue_Object__get__S
                0x00001d74        0x8 /opt/ti/energia-0101E0017/hardware/emt/ti/runtime/wiring/msp432/configPkg/package/cfg/energia_pm4fg.om4fg
                0x00001d74                ti_sysbios_knl_Queue_Object__get(void) static
 .text.ti_sysbios_knl_Queue_construct
                0x00001d7c       0x2c /opt/ti/energia-0101E0017/hardware/emt/ti/runtime/wiring/msp432/configPkg/package/cfg/energia_pm4fg.om4fg
                0x00001d7c                ti_sysbios_knl_Queue_construct
 .text.ti_sysbios_knl_Queue_destruct
                0x00001da8       0x20 /opt/ti/energia-0101E0017/hardware/emt/ti/runtime/wiring/msp432/configPkg/package/cfg/energia_pm4fg.om4fg
                0x00001da8                ti_sysbios_knl_Queue_destruct
 .text.ti_sysbios_knl_Semaphore_Params__init__S
                0x00001dc8       0x18 /opt/ti/energia-0101E0017/hardware/emt/ti/runtime/wiring/msp432/configPkg/package/cfg/energia_pm4fg.om4fg
                0x00001dc8                ti_sysbios_knl_Semaphore_Params__init(void) static
 .text.ti_sysbios_knl_Semaphore_construct
                0x00001de0       0x30 /opt/ti/energia-0101E0017/hardware/emt/ti/runtime/wiring/msp432/configPkg/package/cfg/energia_pm4fg.om4fg
                0x00001de0                ti_sysbios_knl_Semaphore_construct
 .text.ti_sysbios_knl_Semaphore_destruct
                0x00001e10       0x24 /opt/ti/energia-0101E0017/hardware/emt/ti/runtime/wiring/msp432/configPkg/package/cfg/energia_pm4fg.om4fg
                0x00001e10                ti_sysbios_knl_Semaphore_destruct
 .text.ti_sysbios_knl_Task_Params__init__S
                0x00001e34       0x18 /opt/ti/energia-0101E0017/hardware/emt/ti/runtime/wiring/msp432/configPkg/package/cfg/energia_pm4fg.om4fg
                0x00001e34                ti_sysbios_knl_Task_Params__init(void) static
 .text.ti_sysbios_knl_Task_Object__get__S
                0x00001e4c       0x1c /opt/ti/energia-0101E0017/hardware/emt/ti/runtime/wiring/msp432/configPkg/package/cfg/energia_pm4fg.om4fg
                0x00001e4c                ti_sysbios_knl_Task_Object__get(void) static
 .text.ti_sysbios_knl_Task_create
                0x00001e68       0x54 /opt/ti/energia-0101E0017/hardware/emt/ti/runtime/wiring/msp432/configPkg/package/cfg/energia_pm4fg.om4fg
                0x00001e68                ti_sysbios_knl_Task_create
 .text._ZN14HardwareSerial4peekEv
                0x00001ebc       0x1a /opt/ti/energia-0101E0017/hardware/emt/ti/runtime/wiring/msp432/lib/wiring_msp432.m4fg.lib(HardwareSerial.om4fg)
                0x00001ebc                HardwareSerial::peek()
 .text._ZN14HardwareSerial5flushEv
                0x00001ed6        0x2 /opt/ti/energia-0101E0017/hardware/emt/ti/runtime/wiring/msp432/lib/wiring_msp432.m4fg.lib(HardwareSerial.om4fg)
                0x00001ed6                HardwareSerial::flush()
 .text._ZN14HardwareSerial9availableEv
                0x00001ed8       0x46 /opt/ti/energia-0101E0017/hardware/emt/ti/runtime/wiring/msp432/lib/wiring_msp432.m4fg.lib(HardwareSerial.om4fg)
                0x00001ed8                HardwareSerial::available()
 .text._ZN14HardwareSerial4readEv
                0x00001f1e       0x3a /opt/ti/energia-0101E0017/hardware/emt/ti/runtime/wiring/msp432/lib/wiring_msp432.m4fg.lib(HardwareSerial.om4fg)
                0x00001f1e                HardwareSerial::read()
 .text._ZN14HardwareSerial5writeEh
                0x00001f58       0x32 /opt/ti/energia-0101E0017/hardware/emt/ti/runtime/wiring/msp432/lib/wiring_msp432.m4fg.lib(HardwareSerial.om4fg)
                0x00001f58                HardwareSerial::write(unsigned char)
 .text._ZN14HardwareSerial5writeEPKhj
                0x00001f8a       0x32 /opt/ti/energia-0101E0017/hardware/emt/ti/runtime/wiring/msp432/lib/wiring_msp432.m4fg.lib(HardwareSerial.om4fg)
                0x00001f8a                HardwareSerial::write(unsigned char const*, unsigned int)
 .text._ZN14HardwareSerialC2Em
                0x00001fbc       0x20 /opt/ti/energia-0101E0017/hardware/emt/ti/runtime/wiring/msp432/lib/wiring_msp432.m4fg.lib(HardwareSerial.om4fg)
                0x00001fbc                HardwareSerial::HardwareSerial(unsigned long)
                0x00001fbc                HardwareSerial::HardwareSerial(unsigned long)
 .text._ZN14HardwareSerial5beginEm
                0x00001fdc       0x78 /opt/ti/energia-0101E0017/hardware/emt/ti/runtime/wiring/msp432/lib/wiring_msp432.m4fg.lib(HardwareSerial.om4fg)
                0x00001fdc                HardwareSerial::begin(unsigned long)
 .text._ZN14HardwareSerial12readCallbackEP11UART_ConfigPvj
                0x00002054       0x3c /opt/ti/energia-0101E0017/hardware/emt/ti/runtime/wiring/msp432/lib/wiring_msp432.m4fg.lib(HardwareSerial.om4fg)
                0x00002054                HardwareSerial::readCallback(UART_Config*, void*, unsigned int)
 .text._Z16uartReadCallbackP11UART_ConfigPvj
                0x00002090       0x1c /opt/ti/energia-0101E0017/hardware/emt/ti/runtime/wiring/msp432/lib/wiring_msp432.m4fg.lib(HardwareSerial.om4fg)
                0x00002090                uartReadCallback(UART_Config*, void*, unsigned int)
 .text._Z17uartReadCallback1P11UART_ConfigPvj
                0x000020ac       0x1c /opt/ti/energia-0101E0017/hardware/emt/ti/runtime/wiring/msp432/lib/wiring_msp432.m4fg.lib(HardwareSerial.om4fg)
                0x000020ac                uartReadCallback1(UART_Config*, void*, unsigned int)
 .text.startup._GLOBAL__sub_I__ZN14HardwareSerialC2Ev
                0x000020c8       0x20 /opt/ti/energia-0101E0017/hardware/emt/ti/runtime/wiring/msp432/lib/wiring_msp432.m4fg.lib(HardwareSerial.om4fg)
 .text._ZN5Print5writeEPKc
                0x000020e8       0x1a /opt/ti/energia-0101E0017/hardware/emt/ti/runtime/wiring/msp432/lib/wiring_msp432.m4fg.lib(Print.om4fg)
                0x000020e8                Print::write(char const*)
 .text._ZN5Print5printEPKc
                0x00002102        0x8 /opt/ti/energia-0101E0017/hardware/emt/ti/runtime/wiring/msp432/lib/wiring_msp432.m4fg.lib(Print.om4fg)
                0x00002102                Print::print(char const*)
 .text._ZN5Print5printEc
                0x0000210a        0xa /opt/ti/energia-0101E0017/hardware/emt/ti/runtime/wiring/msp432/lib/wiring_msp432.m4fg.lib(Print.om4fg)
                0x0000210a                Print::print(char)
 .text._ZN5Print7printlnEv
                0x00002114       0x18 /opt/ti/energia-0101E0017/hardware/emt/ti/runtime/wiring/msp432/lib/wiring_msp432.m4fg.lib(Print.om4fg)
                0x00002114                Print::println()
 .text._ZN5Print7printlnEPKc
                0x0000212c       0x14 /opt/ti/energia-0101E0017/hardware/emt/ti/runtime/wiring/msp432/lib/wiring_msp432.m4fg.lib(Print.om4fg)
                0x0000212c                Print::println(char const*)
 .text._ZN5Print11printNumberEmh
                0x00002140       0x3c /opt/ti/energia-0101E0017/hardware/emt/ti/runtime/wiring/msp432/lib/wiring_msp432.m4fg.lib(Print.om4fg)
                0x00002140                Print::printNumber(unsigned long, unsigned char)
 .text._ZN5Print5printEli
                0x0000217c       0x3c /opt/ti/energia-0101E0017/hardware/emt/ti/runtime/wiring/msp432/lib/wiring_msp432.m4fg.lib(Print.om4fg)
                0x0000217c                Print::print(long, int)
 .text._ZN5Print10printFloatEfh
                0x000021b8       0xa0 /opt/ti/energia-0101E0017/hardware/emt/ti/runtime/wiring/msp432/lib/wiring_msp432.m4fg.lib(Print.om4fg)
                0x000021b8                Print::printFloat(float, unsigned char)
 .text._ZN5Print5printEfi
                0x00002258        0x6 /opt/ti/energia-0101E0017/hardware/emt/ti/runtime/wiring/msp432/lib/wiring_msp432.m4fg.lib(Print.om4fg)
                0x00002258                Print::print(float, int)
 .text._ZN5Print7printlnEfi
                0x0000225e       0x16 /opt/ti/energia-0101E0017/hardware/emt/ti/runtime/wiring/msp432/lib/wiring_msp432.m4fg.lib(Print.om4fg)
                0x0000225e                Print::println(float, int)
 .text._Znwj    0x00002274        0x4 /opt/ti/energia-0101E0017/hardware/emt/ti/runtime/wiring/msp432/lib/wiring_msp432.m4fg.lib(new.om4fg)
                0x00002274                operator new(unsigned int)
 .text._ZdlPv   0x00002278        0x4 /opt/ti/energia-0101E0017/hardware/emt/ti/runtime/wiring/msp432/lib/wiring_msp432.m4fg.lib(new.om4fg)
                0x00002278                operator delete(void*)
 .text.millis   0x0000227c        0x4 /opt/ti/energia-0101E0017/hardware/emt/ti/runtime/wiring/msp432/lib/wiring_msp432.m4fg.lib(wiring.om4fg)
                0x0000227c                millis
 .text.stopAnalogWrite
                0x00002280       0x9c /opt/ti/energia-0101E0017/hardware/emt/ti/runtime/wiring/msp432/lib/wiring_msp432.m4fg.lib(wiring_analog.om4fg)
                0x00002280                stopAnalogWrite
 .text.analogRead
                0x0000231c      0x148 /opt/ti/energia-0101E0017/hardware/emt/ti/runtime/wiring/msp432/lib/wiring_msp432.m4fg.lib(wiring_analog.om4fg)
                0x0000231c                analogRead
 .text.stopAnalogRead
                0x00002464       0x1c /opt/ti/energia-0101E0017/hardware/emt/ti/runtime/wiring/msp432/lib/wiring_msp432.m4fg.lib(wiring_analog.om4fg)
                0x00002464                stopAnalogRead
 .text.mode2gpioConfig
                0x00002480       0x48 /opt/ti/energia-0101E0017/hardware/emt/ti/runtime/wiring/msp432/lib/wiring_msp432.m4fg.lib(wiring_digital.om4fg)
                0x00002480                mode2gpioConfig
 .text.pinMode  0x000024c8       0x40 /opt/ti/energia-0101E0017/hardware/emt/ti/runtime/wiring/msp432/lib/wiring_msp432.m4fg.lib(wiring_digital.om4fg)
                0x000024c8                pinMode
 .text.digitalRead
                0x00002508       0x24 /opt/ti/energia-0101E0017/hardware/emt/ti/runtime/wiring/msp432/lib/wiring_msp432.m4fg.lib(wiring_digital.om4fg)
                0x00002508                digitalRead
 .text.digitalWrite
                0x0000252c       0x28 /opt/ti/energia-0101E0017/hardware/emt/ti/runtime/wiring/msp432/lib/wiring_msp432.m4fg.lib(wiring_digital.om4fg)
                0x0000252c                digitalWrite
 .text.Board_initGPIO
                0x00002554       0xdc /opt/ti/energia-0101E0017/hardware/emt/ti/runtime/wiring/msp432/variants/MSP_EXP432P401R/lib/board.m4fg.lib(Board_init.om4fg)
                0x00002554                Board_initGPIO
 .text.Board_openUART
                0x00002630       0x32 /opt/ti/energia-0101E0017/hardware/emt/ti/runtime/wiring/msp432/variants/MSP_EXP432P401R/lib/board.m4fg.lib(Board_init.om4fg)
                0x00002630                Board_openUART
 *fill*         0x00002662        0x2 
 .text.Board_initPower
                0x00002664       0x1c /opt/ti/energia-0101E0017/hardware/emt/ti/runtime/wiring/msp432/variants/MSP_EXP432P401R/lib/board.m4fg.lib(Board_init.om4fg)
                0x00002664                Board_initPower
 .text.Board_init
                0x00002680       0x12 /opt/ti/energia-0101E0017/hardware/emt/ti/runtime/wiring/msp432/variants/MSP_EXP432P401R/lib/board.m4fg.lib(Board_init.om4fg)
                0x00002680                Board_init
 *fill*         0x00002692        0x2 
 .text.GPIO_hwiIntFxn
                0x00002694       0x54 /opt/ti/energia-0101E0017/hardware/emt/ti/drivers/lib/drivers_MSP432P401R.am4fg(GPIOMSP432.om4fg)
                0x00002694                GPIO_hwiIntFxn
 .text.GPIO_read
                0x000026e8       0x1c /opt/ti/energia-0101E0017/hardware/emt/ti/drivers/lib/drivers_MSP432P401R.am4fg(GPIOMSP432.om4fg)
                0x000026e8                GPIO_read
 .text.GPIO_setCallback
                0x00002704       0x58 /opt/ti/energia-0101E0017/hardware/emt/ti/drivers/lib/drivers_MSP432P401R.am4fg(GPIOMSP432.om4fg)
                0x00002704                GPIO_setCallback
 .text.GPIO_setConfig
                0x0000275c      0x138 /opt/ti/energia-0101E0017/hardware/emt/ti/drivers/lib/drivers_MSP432P401R.am4fg(GPIOMSP432.om4fg)
                0x0000275c                GPIO_setConfig
 .text.GPIO_init
                0x00002894       0x78 /opt/ti/energia-0101E0017/hardware/emt/ti/drivers/lib/drivers_MSP432P401R.am4fg(GPIOMSP432.om4fg)
                0x00002894                GPIO_init
 .text.GPIO_write
                0x0000290c       0x54 /opt/ti/energia-0101E0017/hardware/emt/ti/drivers/lib/drivers_MSP432P401R.am4fg(GPIOMSP432.om4fg)
                0x0000290c                GPIO_write
 .text.PWM_close
                0x00002960        0xc /opt/ti/energia-0101E0017/hardware/emt/ti/drivers/lib/drivers_MSP432P401R.am4fg(PWM.om4fg)
                0x00002960                PWM_close
 .text.PWM_init
                0x0000296c       0x40 /opt/ti/energia-0101E0017/hardware/emt/ti/drivers/lib/drivers_MSP432P401R.am4fg(PWM.om4fg)
                0x0000296c                PWM_init
 .text.PWMTimerMSP432_init
                0x000029ac       0x30 /opt/ti/energia-0101E0017/hardware/emt/ti/drivers/lib/drivers_MSP432P401R.am4fg(PWMTimerMSP432.om4fg)
                0x000029ac                PWMTimerMSP432_init
 .text.PWMTimerMSP432_control
                0x000029dc       0x74 /opt/ti/energia-0101E0017/hardware/emt/ti/drivers/lib/drivers_MSP432P401R.am4fg(PWMTimerMSP432.om4fg)
                0x000029dc                PWMTimerMSP432_control
 .text.PWMTimerMSP432_getPeriodMicroSecs
                0x00002a50       0x14 /opt/ti/energia-0101E0017/hardware/emt/ti/drivers/lib/drivers_MSP432P401R.am4fg(PWMTimerMSP432.om4fg)
                0x00002a50                PWMTimerMSP432_getPeriodMicroSecs
 .text.PWMTimerMSP432_close
                0x00002a64       0x60 /opt/ti/energia-0101E0017/hardware/emt/ti/drivers/lib/drivers_MSP432P401R.am4fg(PWMTimerMSP432.om4fg)
                0x00002a64                PWMTimerMSP432_close
 .text.PWMTimerMSP432_getPeriodCounts
                0x00002ac4        0xc /opt/ti/energia-0101E0017/hardware/emt/ti/drivers/lib/drivers_MSP432P401R.am4fg(PWMTimerMSP432.om4fg)
                0x00002ac4                PWMTimerMSP432_getPeriodCounts
 .text.PWMTimerMSP432_setDuty
                0x00002ad0       0x84 /opt/ti/energia-0101E0017/hardware/emt/ti/drivers/lib/drivers_MSP432P401R.am4fg(PWMTimerMSP432.om4fg)
                0x00002ad0                PWMTimerMSP432_setDuty
 .text.PWMTimerMSP432_open
                0x00002b54      0x118 /opt/ti/energia-0101E0017/hardware/emt/ti/drivers/lib/drivers_MSP432P401R.am4fg(PWMTimerMSP432.om4fg)
                0x00002b54                PWMTimerMSP432_open
 .text.UART_init
                0x00002c6c       0x40 /opt/ti/energia-0101E0017/hardware/emt/ti/drivers/lib/drivers_MSP432P401R.am4fg(UART.om4fg)
                0x00002c6c                UART_init
 .text.UART_open
                0x00002cac       0x18 /opt/ti/energia-0101E0017/hardware/emt/ti/drivers/lib/drivers_MSP432P401R.am4fg(UART.om4fg)
                0x00002cac                UART_open
 .text.UART_Params_init
                0x00002cc4       0x1c /opt/ti/energia-0101E0017/hardware/emt/ti/drivers/lib/drivers_MSP432P401R.am4fg(UART.om4fg)
                0x00002cc4                UART_Params_init
 .text.UART_read
                0x00002ce0        0xc /opt/ti/energia-0101E0017/hardware/emt/ti/drivers/lib/drivers_MSP432P401R.am4fg(UART.om4fg)
                0x00002ce0                UART_read
 .text.UART_write
                0x00002cec        0xc /opt/ti/energia-0101E0017/hardware/emt/ti/drivers/lib/drivers_MSP432P401R.am4fg(UART.om4fg)
                0x00002cec                UART_write
 .text.UARTMSP432_init
                0x00002cf8        0xc /opt/ti/energia-0101E0017/hardware/emt/ti/drivers/lib/drivers_MSP432P401R.am4fg(UARTMSP432.om4fg)
                0x00002cf8                UARTMSP432_init
 .text.UARTMSP432_close
                0x00002d04       0x94 /opt/ti/energia-0101E0017/hardware/emt/ti/drivers/lib/drivers_MSP432P401R.am4fg(UARTMSP432.om4fg)
                0x00002d04                UARTMSP432_close
 .text.UARTMSP432_control
                0x00002d98       0xb0 /opt/ti/energia-0101E0017/hardware/emt/ti/drivers/lib/drivers_MSP432P401R.am4fg(UARTMSP432.om4fg)
                0x00002d98                UARTMSP432_control
 .text.UARTMSP432_hwiIntFxn
                0x00002e48       0xcc /opt/ti/energia-0101E0017/hardware/emt/ti/drivers/lib/drivers_MSP432P401R.am4fg(UARTMSP432.om4fg)
                0x00002e48                UARTMSP432_hwiIntFxn
 .text.UARTMSP432_writePolling
                0x00002f14       0x7c /opt/ti/energia-0101E0017/hardware/emt/ti/drivers/lib/drivers_MSP432P401R.am4fg(UARTMSP432.om4fg)
                0x00002f14                UARTMSP432_writePolling
 .text.UARTMSP432_read
                0x00002f90       0x3c /opt/ti/energia-0101E0017/hardware/emt/ti/drivers/lib/drivers_MSP432P401R.am4fg(UARTMSP432.om4fg)
                0x00002f90                UARTMSP432_read
 .text.UARTMSP432_readCancel
                0x00002fcc       0x38 /opt/ti/energia-0101E0017/hardware/emt/ti/drivers/lib/drivers_MSP432P401R.am4fg(UARTMSP432.om4fg)
                0x00002fcc                UARTMSP432_readCancel
 .text.UARTMSP432_writeCancel
                0x00003004       0x50 /opt/ti/energia-0101E0017/hardware/emt/ti/drivers/lib/drivers_MSP432P401R.am4fg(UARTMSP432.om4fg)
                0x00003004                UARTMSP432_writeCancel
 .text.readIsrTextBlocking
                0x00003054       0x7c /opt/ti/energia-0101E0017/hardware/emt/ti/drivers/lib/drivers_MSP432P401R.am4fg(UARTMSP432.om4fg)
 .text.readIsrBinaryBlocking
                0x000030d0       0x4c /opt/ti/energia-0101E0017/hardware/emt/ti/drivers/lib/drivers_MSP432P401R.am4fg(UARTMSP432.om4fg)
 .text.readTaskCallback
                0x0000311c       0x80 /opt/ti/energia-0101E0017/hardware/emt/ti/drivers/lib/drivers_MSP432P401R.am4fg(UARTMSP432.om4fg)
 .text.readIsrTextCallback
                0x0000319c       0x88 /opt/ti/energia-0101E0017/hardware/emt/ti/drivers/lib/drivers_MSP432P401R.am4fg(UARTMSP432.om4fg)
 .text.readIsrBinaryCallback
                0x00003224       0x44 /opt/ti/energia-0101E0017/hardware/emt/ti/drivers/lib/drivers_MSP432P401R.am4fg(UARTMSP432.om4fg)
 .text.UARTMSP432_readPolling
                0x00003268       0xcc /opt/ti/energia-0101E0017/hardware/emt/ti/drivers/lib/drivers_MSP432P401R.am4fg(UARTMSP432.om4fg)
                0x00003268                UARTMSP432_readPolling
 .text.UARTMSP432_write
                0x00003334       0x84 /opt/ti/energia-0101E0017/hardware/emt/ti/drivers/lib/drivers_MSP432P401R.am4fg(UARTMSP432.om4fg)
                0x00003334                UARTMSP432_write
 .text.readTaskBlocking
                0x000033b8       0xa0 /opt/ti/energia-0101E0017/hardware/emt/ti/drivers/lib/drivers_MSP432P401R.am4fg(UARTMSP432.om4fg)
 .text.readBlockingTimeout
                0x00003458       0x10 /opt/ti/energia-0101E0017/hardware/emt/ti/drivers/lib/drivers_MSP432P401R.am4fg(UARTMSP432.om4fg)
 .text.readSemCallback
                0x00003468        0x8 /opt/ti/energia-0101E0017/hardware/emt/ti/drivers/lib/drivers_MSP432P401R.am4fg(UARTMSP432.om4fg)
 .text.writeSemCallback
                0x00003470        0x8 /opt/ti/energia-0101E0017/hardware/emt/ti/drivers/lib/drivers_MSP432P401R.am4fg(UARTMSP432.om4fg)
 .text.initHw   0x00003478       0xac /opt/ti/energia-0101E0017/hardware/emt/ti/drivers/lib/drivers_MSP432P401R.am4fg(UARTMSP432.om4fg)
 .text.UARTMSP432_open
                0x00003524      0x308 /opt/ti/energia-0101E0017/hardware/emt/ti/drivers/lib/drivers_MSP432P401R.am4fg(UARTMSP432.om4fg)
                0x00003524                UARTMSP432_open
 .text.perfChangeNotifyFxn
                0x0000382c       0x3c /opt/ti/energia-0101E0017/hardware/emt/ti/drivers/lib/drivers_MSP432P401R.am4fg(UARTMSP432.om4fg)
 .text.RingBuf_construct
                0x00003868       0x14 /opt/ti/energia-0101E0017/hardware/emt/ti/drivers/lib/drivers_MSP432P401R.am4fg(RingBuf.om4fg)
                0x00003868                RingBuf_construct
 .text.RingBuf_get
                0x0000387c       0x40 /opt/ti/energia-0101E0017/hardware/emt/ti/drivers/lib/drivers_MSP432P401R.am4fg(RingBuf.om4fg)
                0x0000387c                RingBuf_get
 .text.RingBuf_peek
                0x000038bc        0xc /opt/ti/energia-0101E0017/hardware/emt/ti/drivers/lib/drivers_MSP432P401R.am4fg(RingBuf.om4fg)
                0x000038bc                RingBuf_peek
 .text.RingBuf_put
                0x000038c8       0x48 /opt/ti/energia-0101E0017/hardware/emt/ti/drivers/lib/drivers_MSP432P401R.am4fg(RingBuf.om4fg)
                0x000038c8                RingBuf_put
 .text.notify   0x00003910       0x3c /opt/ti/energia-0101E0017/hardware/emt/ti/drivers/lib/drivers_MSP432P401R.am4fg(PowerMSP432.om4fg)
 .text.Power_enablePolicy
                0x0000394c        0xc /opt/ti/energia-0101E0017/hardware/emt/ti/drivers/lib/drivers_MSP432P401R.am4fg(PowerMSP432.om4fg)
                0x0000394c                Power_enablePolicy
 .text.Power_getConstraintMask
                0x00003958        0xc /opt/ti/energia-0101E0017/hardware/emt/ti/drivers/lib/drivers_MSP432P401R.am4fg(PowerMSP432.om4fg)
                0x00003958                Power_getConstraintMask
 .text.Power_getPerformanceLevel
                0x00003964        0xc /opt/ti/energia-0101E0017/hardware/emt/ti/drivers/lib/drivers_MSP432P401R.am4fg(PowerMSP432.om4fg)
                0x00003964                Power_getPerformanceLevel
 .text.Power_idleFunc
                0x00003970       0x1c /opt/ti/energia-0101E0017/hardware/emt/ti/drivers/lib/drivers_MSP432P401R.am4fg(PowerMSP432.om4fg)
                0x00003970                Power_idleFunc
 .text.Power_init
                0x0000398c      0x12c /opt/ti/energia-0101E0017/hardware/emt/ti/drivers/lib/drivers_MSP432P401R.am4fg(PowerMSP432.om4fg)
                0x0000398c                Power_init
 .text.Power_registerNotify
                0x00003ab8       0x1c /opt/ti/energia-0101E0017/hardware/emt/ti/drivers/lib/drivers_MSP432P401R.am4fg(PowerMSP432.om4fg)
                0x00003ab8                Power_registerNotify
 .text.Power_releaseConstraint
                0x00003ad4       0x30 /opt/ti/energia-0101E0017/hardware/emt/ti/drivers/lib/drivers_MSP432P401R.am4fg(PowerMSP432.om4fg)
                0x00003ad4                Power_releaseConstraint
 .text.Power_setConstraint
                0x00003b04       0x2c /opt/ti/energia-0101E0017/hardware/emt/ti/drivers/lib/drivers_MSP432P401R.am4fg(PowerMSP432.om4fg)
                0x00003b04                Power_setConstraint
 .text.Power_sleep
                0x00003b30       0xec /opt/ti/energia-0101E0017/hardware/emt/ti/drivers/lib/drivers_MSP432P401R.am4fg(PowerMSP432.om4fg)
                0x00003b30                Power_sleep
 .text.Power_unregisterNotify
                0x00003c1c       0x20 /opt/ti/energia-0101E0017/hardware/emt/ti/drivers/lib/drivers_MSP432P401R.am4fg(PowerMSP432.om4fg)
                0x00003c1c                Power_unregisterNotify
 .text.PowerMSP432_getFreqs
                0x00003c3c       0x24 /opt/ti/energia-0101E0017/hardware/emt/ti/drivers/lib/drivers_MSP432P401R.am4fg(PowerMSP432.om4fg)
                0x00003c3c                PowerMSP432_getFreqs
 .text.PowerMSP432_getNumPerfLevels
                0x00003c60        0x4 /opt/ti/energia-0101E0017/hardware/emt/ti/drivers/lib/drivers_MSP432P401R.am4fg(PowerMSP432.om4fg)
                0x00003c60                PowerMSP432_getNumPerfLevels
 .text.List_head
                0x00003c64        0x4 /opt/ti/energia-0101E0017/hardware/emt/ti/drivers/lib/drivers_MSP432P401R.am4fg(List.om4fg)
                0x00003c64                List_head
 .text.List_next
                0x00003c68        0x4 /opt/ti/energia-0101E0017/hardware/emt/ti/drivers/lib/drivers_MSP432P401R.am4fg(List.om4fg)
                0x00003c68                List_next
 .text.List_put
                0x00003c6c       0x2c /opt/ti/energia-0101E0017/hardware/emt/ti/drivers/lib/drivers_MSP432P401R.am4fg(List.om4fg)
                0x00003c6c                List_put
 .text.List_remove
                0x00003c98       0x1c /opt/ti/energia-0101E0017/hardware/emt/ti/drivers/lib/drivers_MSP432P401R.am4fg(List.om4fg)
                0x00003c98                List_remove
 .text.PowerMSP432_policyFxn
                0x00003cb4       0x60 /opt/ti/energia-0101E0017/hardware/emt/ti/drivers/lib/power_tirtos_MSP432P401R.am4fg(PowerMSP432_tirtos.om4fg)
                0x00003cb4                PowerMSP432_policyFxn
 .text.PowerMSP432_policyInitFxn
                0x00003d14        0x4 /opt/ti/energia-0101E0017/hardware/emt/ti/drivers/lib/power_tirtos_MSP432P401R.am4fg(PowerMSP432_tirtos.om4fg)
                0x00003d14                PowerMSP432_policyInitFxn
 .text.PowerMSP432_updateFreqs
                0x00003d18       0x30 /opt/ti/energia-0101E0017/hardware/emt/ti/drivers/lib/power_tirtos_MSP432P401R.am4fg(PowerMSP432_tirtos.om4fg)
                0x00003d18                PowerMSP432_updateFreqs
 .text.ClockP_create
                0x00003d48       0x58 /opt/ti/energia-0101E0017/hardware/emt/ti/drivers/ports/tirtos/lib/tirtosport.am4fg(ClockP_tirtos.om4fg)
                0x00003d48                ClockP_create
 .text.ClockP_delete
                0x00003da0       0x18 /opt/ti/energia-0101E0017/hardware/emt/ti/drivers/ports/tirtos/lib/tirtosport.am4fg(ClockP_tirtos.om4fg)
                0x00003da0                ClockP_delete
 .text.ClockP_Params_init
                0x00003db8        0x8 /opt/ti/energia-0101E0017/hardware/emt/ti/drivers/ports/tirtos/lib/tirtosport.am4fg(ClockP_tirtos.om4fg)
                0x00003db8                ClockP_Params_init
 .text.ClockP_start
                0x00003dc0       0x14 /opt/ti/energia-0101E0017/hardware/emt/ti/drivers/ports/tirtos/lib/tirtosport.am4fg(ClockP_tirtos.om4fg)
                0x00003dc0                ClockP_start
 .text.ClockP_stop
                0x00003dd4        0xc /opt/ti/energia-0101E0017/hardware/emt/ti/drivers/ports/tirtos/lib/tirtosport.am4fg(ClockP_tirtos.om4fg)
                0x00003dd4                ClockP_stop
 .text.HwiP_create
                0x00003de0       0x68 /opt/ti/energia-0101E0017/hardware/emt/ti/drivers/ports/tirtos/lib/tirtosport.am4fg(HwiP_tirtos.om4fg)
                0x00003de0                HwiP_create
 .text.HwiP_delete
                0x00003e48       0x18 /opt/ti/energia-0101E0017/hardware/emt/ti/drivers/ports/tirtos/lib/tirtosport.am4fg(HwiP_tirtos.om4fg)
                0x00003e48                HwiP_delete
 .text.HwiP_disable
                0x00003e60        0x4 /opt/ti/energia-0101E0017/hardware/emt/ti/drivers/ports/tirtos/lib/tirtosport.am4fg(HwiP_tirtos.om4fg)
                0x00003e60                HwiP_disable
 .text.HwiP_Params_init
                0x00003e64       0x10 /opt/ti/energia-0101E0017/hardware/emt/ti/drivers/ports/tirtos/lib/tirtosport.am4fg(HwiP_tirtos.om4fg)
                0x00003e64                HwiP_Params_init
 .text.HwiP_restore
                0x00003e74        0x4 /opt/ti/energia-0101E0017/hardware/emt/ti/drivers/ports/tirtos/lib/tirtosport.am4fg(HwiP_tirtos.om4fg)
                0x00003e74                HwiP_restore
 .text.SemaphoreP_create
                0x00003e78       0x5c /opt/ti/energia-0101E0017/hardware/emt/ti/drivers/ports/tirtos/lib/tirtosport.am4fg(SemaphoreP_tirtos.om4fg)
                0x00003e78                SemaphoreP_create
 .text.SemaphoreP_delete
                0x00003ed4       0x18 /opt/ti/energia-0101E0017/hardware/emt/ti/drivers/ports/tirtos/lib/tirtosport.am4fg(SemaphoreP_tirtos.om4fg)
                0x00003ed4                SemaphoreP_delete
 .text.SemaphoreP_Params_init
                0x00003eec        0x8 /opt/ti/energia-0101E0017/hardware/emt/ti/drivers/ports/tirtos/lib/tirtosport.am4fg(SemaphoreP_tirtos.om4fg)
                0x00003eec                SemaphoreP_Params_init
 .text.SemaphoreP_pend
                0x00003ef4       0x14 /opt/ti/energia-0101E0017/hardware/emt/ti/drivers/ports/tirtos/lib/tirtosport.am4fg(SemaphoreP_tirtos.om4fg)
                0x00003ef4                SemaphoreP_pend
 .text.SemaphoreP_postFromClock
                0x00003f08        0xc /opt/ti/energia-0101E0017/hardware/emt/ti/drivers/ports/tirtos/lib/tirtosport.am4fg(SemaphoreP_tirtos.om4fg)
                0x00003f08                SemaphoreP_postFromClock
 .text.SemaphoreP_postFromISR
                0x00003f14        0xc /opt/ti/energia-0101E0017/hardware/emt/ti/drivers/ports/tirtos/lib/tirtosport.am4fg(SemaphoreP_tirtos.om4fg)
                0x00003f14                SemaphoreP_postFromISR
 .text.HeapRem_begin
                0x00003f20       0x40 /opt/ti/energia-0101E0017/hardware/emt/ti/runtime/heaps/lib/ti.runtime.heaps.am4fg(HeapRem.om4fg)
                0x00003f20                HeapRem_begin
 .text.ti_runtime_heaps_HeapRem_Instance_init__E
                0x00003f60        0x6 /opt/ti/energia-0101E0017/hardware/emt/ti/runtime/heaps/lib/ti.runtime.heaps.am4fg(HeapRem.om4fg)
                0x00003f60                ti_runtime_heaps_HeapRem_Instance_init__E
 .text.ti_runtime_heaps_HeapRem_Module_startup__E
                0x00003f66       0x1e /opt/ti/energia-0101E0017/hardware/emt/ti/runtime/heaps/lib/ti.runtime.heaps.am4fg(HeapRem.om4fg)
                0x00003f66                ti_runtime_heaps_HeapRem_Module_startup__E
 .text.ti_runtime_heaps_HeapRem_alloc__E
                0x00003f84       0x10 /opt/ti/energia-0101E0017/hardware/emt/ti/runtime/heaps/lib/ti.runtime.heaps.am4fg(HeapRem.om4fg)
                0x00003f84                ti_runtime_heaps_HeapRem_alloc__E
 .text.ti_runtime_heaps_HeapRem_free__E
                0x00003f94        0xc /opt/ti/energia-0101E0017/hardware/emt/ti/runtime/heaps/lib/ti.runtime.heaps.am4fg(HeapRem.om4fg)
                0x00003f94                ti_runtime_heaps_HeapRem_free__E
 .text.ti_runtime_heaps_HeapRem_isBlocking__E
                0x00003fa0        0xc /opt/ti/energia-0101E0017/hardware/emt/ti/runtime/heaps/lib/ti.runtime.heaps.am4fg(HeapRem.om4fg)
                0x00003fa0                ti_runtime_heaps_HeapRem_isBlocking__E
 .text.ti_runtime_heaps_HeapRem_getStats__E
                0x00003fac        0xc /opt/ti/energia-0101E0017/hardware/emt/ti/runtime/heaps/lib/ti.runtime.heaps.am4fg(HeapRem.om4fg)
                0x00003fac                ti_runtime_heaps_HeapRem_getStats__E
 .text.ti_sysbios_BIOS_getThreadType__E
                0x00003fb8        0xc /opt/ti/energia-0101E0017/hardware/emt/src/sysbios/sysbios.am4fg(_BIOS.o)
                0x00003fb8                ti_sysbios_BIOS_getThreadType__E
 .text.ti_sysbios_BIOS_setThreadType__E
                0x00003fc4       0x10 /opt/ti/energia-0101E0017/hardware/emt/src/sysbios/sysbios.am4fg(_BIOS.o)
                0x00003fc4                ti_sysbios_BIOS_setThreadType__E
 .text.ti_sysbios_BIOS_setCpuFreq__E
                0x00003fd4       0x10 /opt/ti/energia-0101E0017/hardware/emt/src/sysbios/sysbios.am4fg(_BIOS.o)
                0x00003fd4                ti_sysbios_BIOS_setCpuFreq__E
 .text.ti_sysbios_BIOS_getCpuFreq__E
                0x00003fe4       0x10 /opt/ti/energia-0101E0017/hardware/emt/src/sysbios/sysbios.am4fg(_BIOS.o)
                0x00003fe4                ti_sysbios_BIOS_getCpuFreq__E
 .text.ti_sysbios_BIOS_start__E
                0x00003ff4       0x10 /opt/ti/energia-0101E0017/hardware/emt/src/sysbios/sysbios.am4fg(_BIOS.o)
                0x00003ff4                ti_sysbios_BIOS_start__E
 .text.ti_sysbios_BIOS_exit__E
                0x00004004       0x10 /opt/ti/energia-0101E0017/hardware/emt/src/sysbios/sysbios.am4fg(_BIOS.o)
                0x00004004                ti_sysbios_BIOS_exit__E
 .text.ti_sysbios_family_arm_msp432_init_Boot_configureClocksHigh
                0x00004014       0x64 /opt/ti/energia-0101E0017/hardware/emt/src/sysbios/sysbios.am4fg(init_Boot.o)
                0x00004014                ti_sysbios_family_arm_msp432_init_Boot_configureClocksHigh
 .text.ti_sysbios_family_arm_msp432_init_Boot_disableWatchdog
                0x00004078       0x10 /opt/ti/energia-0101E0017/hardware/emt/src/sysbios/sysbios.am4fg(init_Boot.o)
                0x00004078                ti_sysbios_family_arm_msp432_init_Boot_disableWatchdog
 .text.ti_sysbios_knl_Clock_Module_startup__E
                0x00004088       0x24 /opt/ti/energia-0101E0017/hardware/emt/src/sysbios/sysbios.am4fg(knl_Clock.o)
                0x00004088                ti_sysbios_knl_Clock_Module_startup__E
 .text.ti_sysbios_knl_Clock_getTicks__E
                0x000040ac        0xc /opt/ti/energia-0101E0017/hardware/emt/src/sysbios/sysbios.am4fg(knl_Clock.o)
                0x000040ac                ti_sysbios_knl_Clock_getTicks__E
 .text.ti_sysbios_knl_Clock_workFunc__E
                0x000040b8       0x94 /opt/ti/energia-0101E0017/hardware/emt/src/sysbios/sysbios.am4fg(knl_Clock.o)
                0x000040b8                ti_sysbios_knl_Clock_workFunc__E
 .text.ti_sysbios_knl_Clock_Instance_init__E
                0x0000414c       0x4c /opt/ti/energia-0101E0017/hardware/emt/src/sysbios/sysbios.am4fg(knl_Clock.o)
                0x0000414c                ti_sysbios_knl_Clock_Instance_init__E
 .text.ti_sysbios_knl_Clock_Instance_finalize__E
                0x00004198       0x18 /opt/ti/energia-0101E0017/hardware/emt/src/sysbios/sysbios.am4fg(knl_Clock.o)
                0x00004198                ti_sysbios_knl_Clock_Instance_finalize__E
 .text.ti_sysbios_knl_Clock_addI__E
                0x000041b0       0x28 /opt/ti/energia-0101E0017/hardware/emt/src/sysbios/sysbios.am4fg(knl_Clock.o)
                0x000041b0                ti_sysbios_knl_Clock_addI__E
 .text.ti_sysbios_knl_Clock_removeI__E
                0x000041d8        0x4 /opt/ti/energia-0101E0017/hardware/emt/src/sysbios/sysbios.am4fg(knl_Clock.o)
                0x000041d8                ti_sysbios_knl_Clock_removeI__E
 .text.ti_sysbios_knl_Clock_startI__E
                0x000041dc       0x14 /opt/ti/energia-0101E0017/hardware/emt/src/sysbios/sysbios.am4fg(knl_Clock.o)
                0x000041dc                ti_sysbios_knl_Clock_startI__E
 .text.ti_sysbios_knl_Clock_start__E
                0x000041f0       0x28 /opt/ti/energia-0101E0017/hardware/emt/src/sysbios/sysbios.am4fg(knl_Clock.o)
                0x000041f0                ti_sysbios_knl_Clock_start__E
 .text.ti_sysbios_knl_Clock_stop__E
                0x00004218        0x8 /opt/ti/energia-0101E0017/hardware/emt/src/sysbios/sysbios.am4fg(knl_Clock.o)
                0x00004218                ti_sysbios_knl_Clock_stop__E
 .text.ti_sysbios_knl_Clock_setTimeout__E
                0x00004220        0x4 /opt/ti/energia-0101E0017/hardware/emt/src/sysbios/sysbios.am4fg(knl_Clock.o)
                0x00004220                ti_sysbios_knl_Clock_setTimeout__E
 .text.ti_sysbios_knl_Clock_logTick__E
                0x00004224        0x4 /opt/ti/energia-0101E0017/hardware/emt/src/sysbios/sysbios.am4fg(knl_Clock.o)
                0x00004224                ti_sysbios_knl_Clock_logTick__E
 .text.ti_sysbios_knl_Idle_loop__E
                0x00004228       0x20 /opt/ti/energia-0101E0017/hardware/emt/src/sysbios/sysbios.am4fg(knl_Idle.o)
                0x00004228                ti_sysbios_knl_Idle_loop__E
 .text.ti_sysbios_knl_Idle_run__E
                0x00004248       0x24 /opt/ti/energia-0101E0017/hardware/emt/src/sysbios/sysbios.am4fg(knl_Idle.o)
                0x00004248                ti_sysbios_knl_Idle_run__E
 .text.ti_sysbios_knl_Mailbox_Module_startup__E
                0x0000426c       0x80 /opt/ti/energia-0101E0017/hardware/emt/src/sysbios/sysbios.am4fg(knl_Mailbox.o)
                0x0000426c                ti_sysbios_knl_Mailbox_Module_startup__E
 .text.ti_sysbios_knl_Queue_Instance_init__E
                0x000042ec        0x8 /opt/ti/energia-0101E0017/hardware/emt/src/sysbios/sysbios.am4fg(knl_Queue.o)
                0x000042ec                ti_sysbios_knl_Queue_Instance_init__E
 .text.ti_sysbios_knl_Queue_dequeue__E
                0x000042f4        0xc /opt/ti/energia-0101E0017/hardware/emt/src/sysbios/sysbios.am4fg(knl_Queue.o)
                0x000042f4                ti_sysbios_knl_Queue_dequeue__E
 .text.ti_sysbios_knl_Queue_empty__E
                0x00004300        0xc /opt/ti/energia-0101E0017/hardware/emt/src/sysbios/sysbios.am4fg(knl_Queue.o)
                0x00004300                ti_sysbios_knl_Queue_empty__E
 .text.ti_sysbios_knl_Queue_enqueue__E
                0x0000430c        0xc /opt/ti/energia-0101E0017/hardware/emt/src/sysbios/sysbios.am4fg(knl_Queue.o)
                0x0000430c                ti_sysbios_knl_Queue_enqueue__E
 .text.ti_sysbios_knl_Queue_head__E
                0x00004318        0x4 /opt/ti/energia-0101E0017/hardware/emt/src/sysbios/sysbios.am4fg(knl_Queue.o)
                0x00004318                ti_sysbios_knl_Queue_head__E
 .text.ti_sysbios_knl_Queue_elemClear__E
                0x0000431c        0x8 /opt/ti/energia-0101E0017/hardware/emt/src/sysbios/sysbios.am4fg(knl_Queue.o)
                0x0000431c                ti_sysbios_knl_Queue_elemClear__E
 .text.ti_sysbios_knl_Queue_insert__E
                0x00004324        0xc /opt/ti/energia-0101E0017/hardware/emt/src/sysbios/sysbios.am4fg(knl_Queue.o)
                0x00004324                ti_sysbios_knl_Queue_insert__E
 .text.ti_sysbios_knl_Queue_next__E
                0x00004330        0x4 /opt/ti/energia-0101E0017/hardware/emt/src/sysbios/sysbios.am4fg(knl_Queue.o)
                0x00004330                ti_sysbios_knl_Queue_next__E
 .text.ti_sysbios_knl_Queue_put__E
                0x00004334       0x1c /opt/ti/energia-0101E0017/hardware/emt/src/sysbios/sysbios.am4fg(knl_Queue.o)
                0x00004334                ti_sysbios_knl_Queue_put__E
 .text.ti_sysbios_knl_Queue_remove__E
                0x00004350       0x10 /opt/ti/energia-0101E0017/hardware/emt/src/sysbios/sysbios.am4fg(knl_Queue.o)
                0x00004350                ti_sysbios_knl_Queue_remove__E
 .text.ti_sysbios_knl_Semaphore_pendTimeout__I
                0x00004360       0x30 /opt/ti/energia-0101E0017/hardware/emt/src/sysbios/sysbios.am4fg(knl_Semaphore.o)
                0x00004360                ti_sysbios_knl_Semaphore_pendTimeout(int0_t)
 .text.ti_sysbios_knl_Semaphore_Instance_init__E
                0x00004390       0x28 /opt/ti/energia-0101E0017/hardware/emt/src/sysbios/sysbios.am4fg(knl_Semaphore.o)
                0x00004390                ti_sysbios_knl_Semaphore_Instance_init__E
 .text.ti_sysbios_knl_Semaphore_Instance_finalize__E
                0x000043b8       0x10 /opt/ti/energia-0101E0017/hardware/emt/src/sysbios/sysbios.am4fg(knl_Semaphore.o)
                0x000043b8                ti_sysbios_knl_Semaphore_Instance_finalize__E
 .text.ti_sysbios_knl_Semaphore_pend__E
                0x000043c8      0x118 /opt/ti/energia-0101E0017/hardware/emt/src/sysbios/sysbios.am4fg(knl_Semaphore.o)
                0x000043c8                ti_sysbios_knl_Semaphore_pend__E
 .text.ti_sysbios_knl_Semaphore_post__E
                0x000044e0       0x68 /opt/ti/energia-0101E0017/hardware/emt/src/sysbios/sysbios.am4fg(knl_Semaphore.o)
                0x000044e0                ti_sysbios_knl_Semaphore_post__E
 .text.ti_sysbios_knl_Swi_runLoop__I
                0x00004548       0xc4 /opt/ti/energia-0101E0017/hardware/emt/src/sysbios/sysbios.am4fg(knl_Swi.o)
                0x00004548                ti_sysbios_knl_Swi_runLoop(int0_t)
 .text.ti_sysbios_knl_Swi_Module_startup__E
                0x0000460c        0x8 /opt/ti/energia-0101E0017/hardware/emt/src/sysbios/sysbios.am4fg(knl_Swi.o)
                0x0000460c                ti_sysbios_knl_Swi_Module_startup__E
 .text.ti_sysbios_knl_Swi_disable__E
                0x00004614       0x14 /opt/ti/energia-0101E0017/hardware/emt/src/sysbios/sysbios.am4fg(knl_Swi.o)
                0x00004614                ti_sysbios_knl_Swi_disable__E
 .text.ti_sysbios_knl_Swi_restore__E
                0x00004628       0x8c /opt/ti/energia-0101E0017/hardware/emt/src/sysbios/sysbios.am4fg(knl_Swi.o)
                0x00004628                ti_sysbios_knl_Swi_restore__E
 .text.ti_sysbios_knl_Task_schedule__I
                0x000046b4      0x104 /opt/ti/energia-0101E0017/hardware/emt/src/sysbios/sysbios.am4fg(knl_Task.o)
                0x000046b4                ti_sysbios_knl_Task_schedule(int0_t)
 .text.ti_sysbios_knl_Task_enter__I
                0x000047b8       0x24 /opt/ti/energia-0101E0017/hardware/emt/src/sysbios/sysbios.am4fg(knl_Task.o)
                0x000047b8                ti_sysbios_knl_Task_enter(int0_t)
 .text.ti_sysbios_knl_Task_postInit__I.part.3
                0x000047dc      0x144 /opt/ti/energia-0101E0017/hardware/emt/src/sysbios/sysbios.am4fg(knl_Task.o)
 .text.ti_sysbios_knl_Task_exit__E
                0x00004920      0x100 /opt/ti/energia-0101E0017/hardware/emt/src/sysbios/sysbios.am4fg(knl_Task.o)
                0x00004920                ti_sysbios_knl_Task_exit__E
 .text.ti_sysbios_knl_Task_Module_startup__E
                0x00004a20       0xb8 /opt/ti/energia-0101E0017/hardware/emt/src/sysbios/sysbios.am4fg(knl_Task.o)
                0x00004a20                ti_sysbios_knl_Task_Module_startup__E
 .text.ti_sysbios_knl_Task_startCore__E
                0x00004ad8       0xec /opt/ti/energia-0101E0017/hardware/emt/src/sysbios/sysbios.am4fg(knl_Task.o)
                0x00004ad8                ti_sysbios_knl_Task_startCore__E
 .text.ti_sysbios_knl_Task_startup__E
                0x00004bc4        0x8 /opt/ti/energia-0101E0017/hardware/emt/src/sysbios/sysbios.am4fg(knl_Task.o)
                0x00004bc4                ti_sysbios_knl_Task_startup__E
 .text.ti_sysbios_knl_Task_disable__E
                0x00004bcc       0x14 /opt/ti/energia-0101E0017/hardware/emt/src/sysbios/sysbios.am4fg(knl_Task.o)
                0x00004bcc                ti_sysbios_knl_Task_disable__E
 .text.ti_sysbios_knl_Task_restore__E
                0x00004be0       0x34 /opt/ti/energia-0101E0017/hardware/emt/src/sysbios/sysbios.am4fg(knl_Task.o)
                0x00004be0                ti_sysbios_knl_Task_restore__E
 .text.ti_sysbios_knl_Task_restoreHwi__E
                0x00004c14       0x1c /opt/ti/energia-0101E0017/hardware/emt/src/sysbios/sysbios.am4fg(knl_Task.o)
                0x00004c14                ti_sysbios_knl_Task_restoreHwi__E
 .text.ti_sysbios_knl_Task_self__E
                0x00004c30        0xc /opt/ti/energia-0101E0017/hardware/emt/src/sysbios/sysbios.am4fg(knl_Task.o)
                0x00004c30                ti_sysbios_knl_Task_self__E
 .text.ti_sysbios_knl_Task_yield__E
                0x00004c3c       0x64 /opt/ti/energia-0101E0017/hardware/emt/src/sysbios/sysbios.am4fg(knl_Task.o)
                0x00004c3c                ti_sysbios_knl_Task_yield__E
 .text.ti_sysbios_knl_Task_getIdleTask__E
                0x00004ca0        0xc /opt/ti/energia-0101E0017/hardware/emt/src/sysbios/sysbios.am4fg(knl_Task.o)
                0x00004ca0                ti_sysbios_knl_Task_getIdleTask__E
 .text.ti_sysbios_knl_Task_Instance_init__E
                0x00004cac      0x108 /opt/ti/energia-0101E0017/hardware/emt/src/sysbios/sysbios.am4fg(knl_Task.o)
                0x00004cac                ti_sysbios_knl_Task_Instance_init__E
 .text.ti_sysbios_knl_Task_Instance_finalize__E
                0x00004db4      0x138 /opt/ti/energia-0101E0017/hardware/emt/src/sysbios/sysbios.am4fg(knl_Task.o)
                0x00004db4                ti_sysbios_knl_Task_Instance_finalize__E
 .text.ti_sysbios_knl_Task_getHookContext__E
                0x00004eec        0x8 /opt/ti/energia-0101E0017/hardware/emt/src/sysbios/sysbios.am4fg(knl_Task.o)
                0x00004eec                ti_sysbios_knl_Task_getHookContext__E
 .text.ti_sysbios_knl_Task_setHookContext__E
                0x00004ef4        0x8 /opt/ti/energia-0101E0017/hardware/emt/src/sysbios/sysbios.am4fg(knl_Task.o)
                0x00004ef4                ti_sysbios_knl_Task_setHookContext__E
 .text.ti_sysbios_knl_Task_getPri__E
                0x00004efc        0x4 /opt/ti/energia-0101E0017/hardware/emt/src/sysbios/sysbios.am4fg(knl_Task.o)
                0x00004efc                ti_sysbios_knl_Task_getPri__E
 .text.ti_sysbios_knl_Task_blockI__E
                0x00004f00       0x4c /opt/ti/energia-0101E0017/hardware/emt/src/sysbios/sysbios.am4fg(knl_Task.o)
                0x00004f00                ti_sysbios_knl_Task_blockI__E
 .text.ti_sysbios_knl_Task_unblockI__E
                0x00004f4c       0x5c /opt/ti/energia-0101E0017/hardware/emt/src/sysbios/sysbios.am4fg(knl_Task.o)
                0x00004f4c                ti_sysbios_knl_Task_unblockI__E
 .text.ti_sysbios_hal_Hwi_Module_startup__E
                0x00004fa8       0x10 /opt/ti/energia-0101E0017/hardware/emt/src/sysbios/sysbios.am4fg(hal_Hwi.o)
                0x00004fa8                ti_sysbios_hal_Hwi_Module_startup__E
 .text.ti_sysbios_hal_Hwi_getStackInfo__E
                0x00004fb8        0x4 /opt/ti/energia-0101E0017/hardware/emt/src/sysbios/sysbios.am4fg(hal_Hwi.o)
                0x00004fb8                ti_sysbios_hal_Hwi_getStackInfo__E
 .text.ti_sysbios_hal_Hwi_switchFromBootStack__E
                0x00004fbc        0x4 /opt/ti/energia-0101E0017/hardware/emt/src/sysbios/sysbios.am4fg(hal_Hwi.o)
                0x00004fbc                ti_sysbios_hal_Hwi_switchFromBootStack__E
 .text.ti_sysbios_hal_Hwi_initStack
                0x00004fc0       0x24 /opt/ti/energia-0101E0017/hardware/emt/src/sysbios/sysbios.am4fg(hal_Hwi_stack.o)
                0x00004fc0                ti_sysbios_hal_Hwi_initStack
 .text.ti_sysbios_hal_Hwi_startup__E
                0x00004fe4        0x4 /opt/ti/energia-0101E0017/hardware/emt/src/sysbios/sysbios.am4fg(hal_Hwi_startup.o)
                0x00004fe4                ti_sysbios_hal_Hwi_startup__E
 .text.ti_sysbios_hal_Timer_Module_startup__E
                0x00004fe8       0x10 /opt/ti/energia-0101E0017/hardware/emt/src/sysbios/sysbios.am4fg(hal_Timer.o)
                0x00004fe8                ti_sysbios_hal_Timer_Module_startup__E
 .text.ti_sysbios_utils_Load_taskRegHook__E
                0x00004ff8        0xc /opt/ti/energia-0101E0017/hardware/emt/src/sysbios/sysbios.am4fg(utils_Load.o)
                0x00004ff8                ti_sysbios_utils_Load_taskRegHook__E
 .text.ti_sysbios_utils_Load_taskCreateHook__E
                0x00005004       0xbc /opt/ti/energia-0101E0017/hardware/emt/src/sysbios/sysbios.am4fg(utils_Load.o)
                0x00005004                ti_sysbios_utils_Load_taskCreateHook__E
 .text.ti_sysbios_utils_Load_taskDeleteHook__E
                0x000050c0       0x70 /opt/ti/energia-0101E0017/hardware/emt/src/sysbios/sysbios.am4fg(utils_Load.o)
                0x000050c0                ti_sysbios_utils_Load_taskDeleteHook__E
 .text.ti_sysbios_utils_Load_taskSwitchHook__E
                0x00005130       0x5c /opt/ti/energia-0101E0017/hardware/emt/src/sysbios/sysbios.am4fg(utils_Load.o)
                0x00005130                ti_sysbios_utils_Load_taskSwitchHook__E
 .text.ti_sysbios_utils_Load_idleFxn__E
                0x0000518c       0x70 /opt/ti/energia-0101E0017/hardware/emt/src/sysbios/sysbios.am4fg(utils_Load.o)
                0x0000518c                ti_sysbios_utils_Load_idleFxn__E
 .text.ti_sysbios_utils_Load_updateThreadContexts__E
                0x000051fc       0xf4 /opt/ti/energia-0101E0017/hardware/emt/src/sysbios/sysbios.am4fg(utils_Load.o)
                0x000051fc                ti_sysbios_utils_Load_updateThreadContexts__E
 .text.ti_sysbios_utils_Load_updateLoads__E
                0x000052f0      0x118 /opt/ti/energia-0101E0017/hardware/emt/src/sysbios/sysbios.am4fg(utils_Load.o)
                0x000052f0                ti_sysbios_utils_Load_updateLoads__E
 .text.ti_sysbios_utils_Load_logCPULoad__I
                0x00005408        0x4 /opt/ti/energia-0101E0017/hardware/emt/src/sysbios/sysbios.am4fg(utils_Load_CPU.o)
                0x00005408                ti_sysbios_utils_Load_logCPULoad(int0_t)
 .text.ti_sysbios_gates_GateHwi_Instance_init__E
                0x0000540c        0x4 /opt/ti/energia-0101E0017/hardware/emt/src/sysbios/sysbios.am4fg(gates_GateHwi.o)
                0x0000540c                ti_sysbios_gates_GateHwi_Instance_init__E
 .text.ti_sysbios_gates_GateHwi_enter__E
                0x00005410        0xc /opt/ti/energia-0101E0017/hardware/emt/src/sysbios/sysbios.am4fg(gates_GateHwi.o)
                0x00005410                ti_sysbios_gates_GateHwi_enter__E
 .text.ti_sysbios_gates_GateHwi_leave__E
                0x0000541c        0x8 /opt/ti/energia-0101E0017/hardware/emt/src/sysbios/sysbios.am4fg(gates_GateHwi.o)
                0x0000541c                ti_sysbios_gates_GateHwi_leave__E
 .text.ti_sysbios_gates_GateHwi_query__E
                0x00005424        0x4 /opt/ti/energia-0101E0017/hardware/emt/src/sysbios/sysbios.am4fg(gates_GateHwi.o)
                0x00005424                ti_sysbios_gates_GateHwi_query__E
 .text.ti_sysbios_gates_GateMutex_Instance_init__E
                0x00005428       0x1c /opt/ti/energia-0101E0017/hardware/emt/src/sysbios/sysbios.am4fg(gates_GateMutex.o)
                0x00005428                ti_sysbios_gates_GateMutex_Instance_init__E
 .text.ti_sysbios_gates_GateMutex_Instance_finalize__E
                0x00005444       0x10 /opt/ti/energia-0101E0017/hardware/emt/src/sysbios/sysbios.am4fg(gates_GateMutex.o)
                0x00005444                ti_sysbios_gates_GateMutex_Instance_finalize__E
 .text.ti_sysbios_gates_GateMutex_enter__E
                0x00005454       0x34 /opt/ti/energia-0101E0017/hardware/emt/src/sysbios/sysbios.am4fg(gates_GateMutex.o)
                0x00005454                ti_sysbios_gates_GateMutex_enter__E
 .text.ti_sysbios_gates_GateMutex_leave__E
                0x00005488       0x14 /opt/ti/energia-0101E0017/hardware/emt/src/sysbios/sysbios.am4fg(gates_GateMutex.o)
                0x00005488                ti_sysbios_gates_GateMutex_leave__E
 .text.ti_sysbios_gates_GateMutex_query__E
                0x0000549c        0x4 /opt/ti/energia-0101E0017/hardware/emt/src/sysbios/sysbios.am4fg(gates_GateMutex.o)
                0x0000549c                ti_sysbios_gates_GateMutex_query__E
 .text.ti_sysbios_family_arm_m3_Hwi_Module_startup__E
                0x000054a0      0x114 /opt/ti/energia-0101E0017/hardware/emt/src/sysbios/sysbios.am4fg(m3_Hwi.o)
                0x000054a0                ti_sysbios_family_arm_m3_Hwi_Module_startup__E
 .text.ti_sysbios_family_arm_m3_Hwi_Instance_init__E
                0x000055b4      0x160 /opt/ti/energia-0101E0017/hardware/emt/src/sysbios/sysbios.am4fg(m3_Hwi.o)
                0x000055b4                ti_sysbios_family_arm_m3_Hwi_Instance_init__E
 .text.ti_sysbios_family_arm_m3_Hwi_Instance_finalize__E
                0x00005714       0x68 /opt/ti/energia-0101E0017/hardware/emt/src/sysbios/sysbios.am4fg(m3_Hwi.o)