Archive member included because of file (symbol)

/opt/ti/energia-0101E0017/hardware/emt/ti/runtime/wiring/msp432/lib/wiring_msp432.m4fg.lib(HardwareSerial.om4fg)
                              ./classes/Ph.o (HardwareSerial::begin(unsigned long))
/opt/ti/energia-0101E0017/hardware/emt/ti/runtime/wiring/msp432/lib/wiring_msp432.m4fg.lib(Print.om4fg)
                              /opt/ti/energia-0101E0017/hardware/emt/ti/runtime/wiring/msp432/lib/wiring_msp432.m4fg.lib(HardwareSerial.om4fg) (Print::write(unsigned char const*, unsigned int))
/opt/ti/energia-0101E0017/hardware/emt/ti/runtime/wiring/msp432/lib/wiring_msp432.m4fg.lib(SPI.om4fg)
                              ./classes/PFatFs/pfatfs.o (SPIClass::begin())
/opt/ti/energia-0101E0017/hardware/emt/ti/runtime/wiring/msp432/lib/wiring_msp432.m4fg.lib(new.om4fg)
                              ./AMAS.o (operator new(unsigned int))
/opt/ti/energia-0101E0017/hardware/emt/ti/runtime/wiring/msp432/lib/wiring_msp432.m4fg.lib(wiring.om4fg)
                              ./classes/StellarisOW/StellarisDS18B20.o (micros)
/opt/ti/energia-0101E0017/hardware/emt/ti/runtime/wiring/msp432/lib/wiring_msp432.m4fg.lib(wiring_analog.om4fg)
                              ./classes/Ph.o (analogRead)
/opt/ti/energia-0101E0017/hardware/emt/ti/runtime/wiring/msp432/lib/wiring_msp432.m4fg.lib(WInterrupts.om4fg)
                              /opt/ti/energia-0101E0017/hardware/emt/ti/runtime/wiring/msp432/lib/wiring_msp432.m4fg.lib(SPI.om4fg) (disablePinInterrupt)
/opt/ti/energia-0101E0017/hardware/emt/ti/runtime/wiring/msp432/lib/wiring_msp432.m4fg.lib(wiring_digital.om4fg)
                              ./AMAS.o (pinMode)
/opt/ti/energia-0101E0017/hardware/emt/ti/runtime/wiring/msp432/variants/MSP_EXP432P401R/lib/board.m4fg.lib(Board_init.om4fg)
                              /opt/ti/energia-0101E0017/hardware/emt/ti/runtime/wiring/msp432/lib/wiring_msp432.m4fg.lib(SPI.om4fg) (Board_openSPI)
/opt/ti/energia-0101E0017/hardware/emt/ti/runtime/wiring/msp432/variants/MSP_EXP432P401R/lib/board.m4fg.lib(pins.om4fg)
                              /opt/ti/energia-0101E0017/hardware/emt/ti/runtime/wiring/msp432/lib/wiring_msp432.m4fg.lib(wiring_analog.om4fg) (digital_pin_to_adc_index)
/opt/ti/energia-0101E0017/hardware/emt/ti/drivers/lib/drivers_MSP432P401R.am4fg(GPIOMSP432.om4fg)
                              /opt/ti/energia-0101E0017/hardware/emt/ti/runtime/wiring/msp432/lib/wiring_msp432.m4fg.lib(WInterrupts.om4fg) (GPIO_disableInt)
/opt/ti/energia-0101E0017/hardware/emt/ti/drivers/lib/drivers_MSP432P401R.am4fg(I2C.om4fg)
                              /opt/ti/energia-0101E0017/hardware/emt/ti/runtime/wiring/msp432/variants/MSP_EXP432P401R/lib/board.m4fg.lib(Board_init.om4fg) (I2C_init)
/opt/ti/energia-0101E0017/hardware/emt/ti/drivers/lib/drivers_MSP432P401R.am4fg(I2CMSP432.om4fg)
                              /opt/ti/energia-0101E0017/hardware/emt/ti/runtime/wiring/msp432/variants/MSP_EXP432P401R/lib/board.m4fg.lib(Board_init.om4fg) (I2CMSP432_fxnTable)
/opt/ti/energia-0101E0017/hardware/emt/ti/drivers/lib/drivers_MSP432P401R.am4fg(PWM.om4fg)
                              /opt/ti/energia-0101E0017/hardware/emt/ti/runtime/wiring/msp432/lib/wiring_msp432.m4fg.lib(wiring_analog.om4fg) (PWM_close)
/opt/ti/energia-0101E0017/hardware/emt/ti/drivers/lib/drivers_MSP432P401R.am4fg(PWMTimerMSP432.om4fg)
                              /opt/ti/energia-0101E0017/hardware/emt/ti/runtime/wiring/msp432/variants/MSP_EXP432P401R/lib/board.m4fg.lib(Board_init.om4fg) (PWMTimerMSP432_fxnTable)
/opt/ti/energia-0101E0017/hardware/emt/ti/drivers/lib/drivers_MSP432P401R.am4fg(SDSPI.om4fg)
                              /opt/ti/energia-0101E0017/hardware/emt/ti/runtime/wiring/msp432/variants/MSP_EXP432P401R/lib/board.m4fg.lib(Board_init.om4fg) (SDSPI_init)
/opt/ti/energia-0101E0017/hardware/emt/ti/drivers/lib/drivers_MSP432P401R.am4fg(SDSPIMSP432.om4fg)
                              /opt/ti/energia-0101E0017/hardware/emt/ti/runtime/wiring/msp432/variants/MSP_EXP432P401R/lib/board.m4fg.lib(Board_init.om4fg) (SDSPIMSP432_fxnTable)
/opt/ti/energia-0101E0017/hardware/emt/ti/drivers/lib/drivers_MSP432P401R.am4fg(SPI.om4fg)
                              /opt/ti/energia-0101E0017/hardware/emt/ti/runtime/wiring/msp432/lib/wiring_msp432.m4fg.lib(SPI.om4fg) (SPI_close)
/opt/ti/energia-0101E0017/hardware/emt/ti/drivers/lib/drivers_MSP432P401R.am4fg(SPIMSP432DMA.om4fg)
                              /opt/ti/energia-0101E0017/hardware/emt/ti/runtime/wiring/msp432/variants/MSP_EXP432P401R/lib/board.m4fg.lib(Board_init.om4fg) (SPIMSP432DMA_fxnTable)
/opt/ti/energia-0101E0017/hardware/emt/ti/drivers/lib/drivers_MSP432P401R.am4fg(UART.om4fg)
                              /opt/ti/energia-0101E0017/hardware/emt/ti/runtime/wiring/msp432/lib/wiring_msp432.m4fg.lib(HardwareSerial.om4fg) (UART_close)
/opt/ti/energia-0101E0017/hardware/emt/ti/drivers/lib/drivers_MSP432P401R.am4fg(UARTMSP432.om4fg)
[...]
Memory Configuration

Name             Origin             Length             Attributes
FLASH            0x00000000         0x00040000         xr
INFO_FLASH       0x00200000         0x00004000         xr
SRAM             0x20000000         0x00010000         xrw
*default*        0x00000000         0xffffffff

Linker script and memory map

LOAD ./classes/PFatFs/utility/diskio.o
LOAD ./classes/PFatFs/utility/pff.o
LOAD ./AMAS.o
LOAD ./classes/PFatFs/pfatfs.o
LOAD ./classes/Ph.o
LOAD ./classes/SecureDigitalCard.o
LOAD ./classes/Sensor.o
LOAD ./classes/StellarisOW/StellarisDS18B20.o
LOAD ./classes/Temperature.o
LOAD ./main.o
START GROUP
                0x00000400                __STACK_SIZE = 0x400
                0x00000400                __TI_STACK_SIZE = __STACK_SIZE
LOAD /opt/ti/energia-0101E0017/hardware/emt/ti/runtime/wiring/msp432/configPkg/package/cfg/energia_pm4fg.om4fg
LOAD /opt/ti/energia-0101E0017/hardware/emt/ti/runtime/wiring/msp432/lib/wiring_msp432.m4fg.lib
LOAD /opt/ti/energia-0101E0017/hardware/emt/ti/runtime/wiring/msp432/variants/MSP_EXP432P401R/lib/board.m4fg.lib
LOAD /opt/ti/energia-0101E0017/hardware/emt/ti/drivers/lib/drivers_MSP432P401R.am4fg
LOAD /opt/ti/energia-0101E0017/hardware/emt/ti/drivers/lib/power_tirtos_MSP432P401R.am4fg
LOAD /opt/ti/energia-0101E0017/hardware/emt/ti/drivers/ports/tirtos/lib/tirtosport.am4fg
LOAD /opt/ti/energia-0101E0017/hardware/emt/ti/runtime/heaps/lib/ti.runtime.heaps.am4fg
LOAD /opt/ti/energia-0101E0017/hardware/emt/ti/sysbios/fatfs/lib/release/ti.sysbios.fatfs.am4fg
LOAD /opt/ti/energia-0101E0017/hardware/emt/src/sysbios/sysbios.am4fg
LOAD /opt/ti/energia-0101E0017/hardware/emt/gnu/targets/arm/rtsv7M/lib/gnu.targets.arm.rtsv7M.am4fg
LOAD /opt/ti/energia-0101E0017/hardware/emt/gnu/targets/arm/rtsv7M/lib/boot.am4fg
LOAD /opt/ti/energia-0101E0017/hardware/emt/gnu/targets/arm/rtsv7M/lib/syscalls.am4fg
                0x00000001                xdc_runtime_Startup__EXECFXN__C = 0x1
                0x00000001                xdc_runtime_Startup__RESETFXN__C = 0x1
                0x20000308                TSK_idle = (ti_sysbios_knl_Task_Object__table__V + 0x0)
                0x00000000                PROVIDE (_intvecs_base_address, DEFINED (_intvecs_base_address)?_intvecs_base_address:0x0)

.intvecs        0x00000000       0x3c
 *(.intvecs)
 .intvecs       0x00000000       0x3c /opt/ti/energia-0101E0017/hardware/emt/ti/runtime/wiring/msp432/configPkg/package/cfg/energia_pm4fg.om4fg
                0x00000000                ti_sysbios_family_arm_m3_Hwi_resetVectors
                0x20000000                PROVIDE (_vtable_base_address, DEFINED (_vtable_base_address)?_vtable_base_address:0x20000000)

.vtable         0x20000000      0x140
 *(.vtable)
 .vtable        0x20000000      0x140 /opt/ti/energia-0101E0017/hardware/emt/ti/runtime/wiring/msp432/configPkg/package/cfg/energia_pm4fg.om4fg
                0x20000000                ti_sysbios_family_arm_m3_Hwi_ramVectors

.text           0x00000040     0xd100
 CREATE_OBJECT_SYMBOLS
 *(.text)
 .text          0x00000040        0x0 ./classes/PFatFs/utility/diskio.o
 .text          0x00000040        0x0 ./classes/PFatFs/utility/pff.o
 .text          0x00000040        0x0 ./AMAS.o
 .text          0x00000040        0x0 ./classes/PFatFs/pfatfs.o
 .text          0x00000040        0x0 ./classes/Ph.o
 .text          0x00000040        0x0 ./classes/SecureDigitalCard.o
 .text          0x00000040        0x0 ./classes/Sensor.o
 .text          0x00000040        0x0 ./classes/StellarisOW/StellarisDS18B20.o
 .text          0x00000040        0x0 ./classes/Temperature.o
 .text          0x00000040        0x0 ./main.o
 .text          0x00000040        0x0 /opt/ti/energia-0101E0017/hardware/emt/ti/runtime/wiring/msp432/configPkg/package/cfg/energia_pm4fg.om4fg
 .text          0x00000040        0x0 /opt/ti/energia-0101E0017/hardware/emt/ti/runtime/wiring/msp432/lib/wiring_msp432.m4fg.lib(HardwareSerial.om4fg)
 .text          0x00000040        0x0 /opt/ti/energia-0101E0017/hardware/emt/ti/runtime/wiring/msp432/lib/wiring_msp432.m4fg.lib(Print.om4fg)
 .text          0x00000040        0x0 /opt/ti/energia-0101E0017/hardware/emt/ti/runtime/wiring/msp432/lib/wiring_msp432.m4fg.lib(SPI.om4fg)
 .text          0x00000040        0x0 /opt/ti/energia-0101E0017/hardware/emt/ti/runtime/wiring/msp432/lib/wiring_msp432.m4fg.lib(new.om4fg)
 .text          0x00000040        0x0 /opt/ti/energia-0101E0017/hardware/emt/ti/runtime/wiring/msp432/lib/wiring_msp432.m4fg.lib(wiring.om4fg)
 .text          0x00000040        0x0 /opt/ti/energia-0101E0017/hardware/emt/ti/runtime/wiring/msp432/lib/wiring_msp432.m4fg.lib(wiring_analog.om4fg)
 .text          0x00000040        0x0 /opt/ti/energia-0101E0017/hardware/emt/ti/runtime/wiring/msp432/lib/wiring_msp432.m4fg.lib(WInterrupts.om4fg)
 .text          0x00000040        0x0 /opt/ti/energia-0101E0017/hardware/emt/ti/runtime/wiring/msp432/lib/wiring_msp432.m4fg.lib(wiring_digital.om4fg)
 .text          0x00000040        0x0 /opt/ti/energia-0101E0017/hardware/emt/ti/runtime/wiring/msp432/variants/MSP_EXP432P401R/lib/board.m4fg.lib(Board_init.om4fg)
 .text          0x00000040        0x0 /opt/ti/energia-0101E0017/hardware/emt/ti/runtime/wiring/msp432/variants/MSP_EXP432P401R/lib/board.m4fg.lib(pins.om4fg)
 .text          0x00000040        0x0 /opt/ti/energia-0101E0017/hardware/emt/ti/drivers/lib/drivers_MSP432P401R.am4fg(GPIOMSP432.om4fg)
 .text          0x00000040        0x0 /opt/ti/energia-0101E0017/hardware/emt/ti/drivers/lib/drivers_MSP432P401R.am4fg(I2C.om4fg)
 .text          0x00000040        0x0 /opt/ti/energia-0101E0017/hardware/emt/ti/drivers/lib/drivers_MSP432P401R.am4fg(I2CMSP432.om4fg)
 .text          0x00000040        0x0 /opt/ti/energia-0101E0017/hardware/emt/ti/drivers/lib/drivers_MSP432P401R.am4fg(PWM.om4fg)
 .text          0x00000040        0x0 /opt/ti/energia-0101E0017/hardware/emt/ti/drivers/lib/drivers_MSP432P401R.am4fg(PWMTimerMSP432.om4fg)
 .text          0x00000040        0x0 /opt/ti/energia-0101E0017/hardware/emt/ti/drivers/lib/drivers_MSP432P401R.am4fg(SDSPI.om4fg)
 .text          0x00000040        0x0 /opt/ti/energia-0101E0017/hardware/emt/ti/drivers/lib/drivers_MSP432P401R.am4fg(SDSPIMSP432.om4fg)
 .text          0x00000040        0x0 /opt/ti/energia-0101E0017/hardware/emt/ti/drivers/lib/drivers_MSP432P401R.am4fg(SPI.om4fg)
 .text          0x00000040        0x0 /opt/ti/energia-0101E0017/hardware/emt/ti/drivers/lib/drivers_MSP432P401R.am4fg(SPIMSP432DMA.om4fg)
 .text          0x00000040        0x0 /opt/ti/energia-0101E0017/hardware/emt/ti/drivers/lib/drivers_MSP432P401R.am4fg(UART.om4fg)
 .text          0x00000040        0x0 /opt/ti/energia-0101E0017/hardware/emt/ti/drivers/lib/drivers_MSP432P401R.am4fg(UARTMSP432.om4fg)
 .text          0x00000040        0x0 /opt/ti/energia-0101E0017/hardware/emt/ti/drivers/lib/drivers_MSP432P401R.am4fg(RingBuf.om4fg)
 .text          0x00000040        0x0 /opt/ti/energia-0101E0017/hardware/emt/ti/drivers/lib/drivers_MSP432P401R.am4fg(Watchdog.om4fg)
 .text          0x00000040        0x0 /opt/ti/energia-0101E0017/hardware/emt/ti/drivers/lib/drivers_MSP432P401R.am4fg(WatchdogMSP432.om4fg)
 .text          0x00000040        0x0 /opt/ti/energia-0101E0017/hardware/emt/ti/drivers/lib/drivers_MSP432P401R.am4fg(PowerMSP432.om4fg)
 .text          0x00000040        0x0 /opt/ti/energia-0101E0017/hardware/emt/ti/drivers/lib/drivers_MSP432P401R.am4fg(List.om4fg)
 .text          0x00000040        0x0 /opt/ti/energia-0101E0017/hardware/emt/ti/drivers/lib/power_tirtos_MSP432P401R.am4fg(PowerMSP432_tirtos.om4fg)
 .text          0x00000040        0x0 /opt/ti/energia-0101E0017/hardware/emt/ti/drivers/ports/tirtos/lib/tirtosport.am4fg(ClockP_tirtos.om4fg)
 .text          0x00000040        0x0 /opt/ti/energia-0101E0017/hardware/emt/ti/drivers/ports/tirtos/lib/tirtosport.am4fg(HwiP_tirtos.om4fg)
 .text          0x00000040        0x0 /opt/ti/energia-0101E0017/hardware/emt/ti/drivers/ports/tirtos/lib/tirtosport.am4fg(SemaphoreP_tirtos.om4fg)
 .text          0x00000040        0x0 /opt/ti/energia-0101E0017/hardware/emt/ti/runtime/heaps/lib/ti.runtime.heaps.am4fg(HeapRem.om4fg)
 .text          0x00000040        0x0 /opt/ti/energia-0101E0017/hardware/emt/ti/sysbios/fatfs/lib/release/ti.sysbios.fatfs.am4fg(ff.om4fg)
 .text          0x00000040        0x0 /opt/ti/energia-0101E0017/hardware/emt/ti/sysbios/fatfs/lib/release/ti.sysbios.fatfs.am4fg(diskio.om4fg)
 .text          0x00000040        0x0 /opt/ti/energia-0101E0017/hardware/emt/ti/sysbios/fatfs/lib/release/ti.sysbios.fatfs.am4fg(syncsysbios.om4fg)
 .text          0x00000040      0x13c /opt/ti/energia-0101E0017/hardware/emt/src/sysbios/sysbios.am4fg(m3_Hwi_asm_gnu.o)
                0x00000040                ti_sysbios_family_arm_m3_Hwi_dispatch(int0_t)
                0x0000011c                ti_sysbios_family_arm_m3_Hwi_pendSV(int0_t)
                0x0000015c                ti_sysbios_family_arm_m3_Hwi_excHandlerAsm(int0_t)
 *fill*         0x0000017c        0x4 
 .text          0x00000180       0xa0 /opt/ti/energia-0101E0017/hardware/emt/src/sysbios/sysbios.am4fg(m3_Hwi_asm_switch_gnu.o)
                0x0000019c                ti_sysbios_family_xxx_Hwi_switchAndRunFunc
                0x000001ba                ti_sysbios_family_arm_m3_Hwi_getTaskSP__E
                0x000001c0                ti_sysbios_family_arm_m3_Hwi_initStacks__E
 .text          0x00000220        0xa /opt/ti/energia-0101E0017/hardware/emt/src/sysbios/sysbios.am4fg(m3_IntrinsicsSupport_asm_gnu.o)
                0x00000220                ti_sysbios_family_arm_m3_IntrinsicsSupport_maxbit__E
 *fill*         0x0000022a        0x6 
 .text          0x00000230       0xd0 /opt/ti/energia-0101E0017/hardware/emt/src/sysbios/sysbios.am4fg(m3_TaskSupport_asm_gnu.o)
                0x00000230                ti_sysbios_family_arm_m3_TaskSupport_buildTaskStack
                0x000002bc                ti_sysbios_family_arm_m3_TaskSupport_swap__E
                0x000002c8                ti_sysbios_knl_Task_swapReturn
                0x000002e4                ti_sysbios_family_arm_m3_TaskSupport_glue
 .text          0x00000300        0x0 /opt/ti/energia-0101E0017/hardware/emt/src/sysbios/sysbios.am4fg(_BIOS.o)
 .text          0x00000300        0x0 /opt/ti/energia-0101E0017/hardware/emt/src/sysbios/sysbios.am4fg(init_Boot.o)
 .text          0x00000300        0x0 /opt/ti/energia-0101E0017/hardware/emt/src/sysbios/sysbios.am4fg(knl_Clock.o)
 .text          0x00000300        0x0 /opt/ti/energia-0101E0017/hardware/emt/src/sysbios/sysbios.am4fg(knl_Idle.o)
 .text          0x00000300        0x0 /opt/ti/energia-0101E0017/hardware/emt/src/sysbios/sysbios.am4fg(knl_Event.o)
 .text          0x00000300        0x0 /opt/ti/energia-0101E0017/hardware/emt/src/sysbios/sysbios.am4fg(knl_Mailbox.o)
 .text          0x00000300        0x0 /opt/ti/energia-0101E0017/hardware/emt/src/sysbios/sysbios.am4fg(knl_Queue.o)
 .text          0x00000300        0x0 /opt/ti/energia-0101E0017/hardware/emt/src/sysbios/sysbios.am4fg(knl_Semaphore.o)
 .text          0x00000300        0x0 /opt/ti/energia-0101E0017/hardware/emt/src/sysbios/sysbios.am4fg(knl_Swi.o)
 .text          0x00000300        0x0 /opt/ti/energia-0101E0017/hardware/emt/src/sysbios/sysbios.am4fg(knl_Task.o)
 .text          0x00000300        0x0 /opt/ti/energia-0101E0017/hardware/emt/src/sysbios/sysbios.am4fg(hal_Hwi.o)
 .text          0x00000300        0x0 /opt/ti/energia-0101E0017/hardware/emt/src/sysbios/sysbios.am4fg(hal_Hwi_stack.o)
 .text          0x00000300        0x0 /opt/ti/energia-0101E0017/hardware/emt/src/sysbios/sysbios.am4fg(hal_Hwi_startup.o)
 .text          0x00000300        0x0 /opt/ti/energia-0101E0017/hardware/emt/src/sysbios/sysbios.am4fg(hal_Timer.o)
 .text          0x00000300        0x0 /opt/ti/energia-0101E0017/hardware/emt/src/sysbios/sysbios.am4fg(utils_Load.o)
 .text          0x00000300        0x0 /opt/ti/energia-0101E0017/hardware/emt/src/sysbios/sysbios.am4fg(utils_Load_CPU.o)
 .text          0x00000300        0x0 /opt/ti/energia-0101E0017/hardware/emt/src/sysbios/sysbios.am4fg(gates_GateHwi.o)
 .text          0x00000300        0x0 /opt/ti/energia-0101E0017/hardware/emt/src/sysbios/sysbios.am4fg(gates_GateMutex.o)
 .text          0x00000300        0x0 /opt/ti/energia-0101E0017/hardware/emt/src/sysbios/sysbios.am4fg(m3_Hwi.o)
 .text          0x00000300        0x0 /opt/ti/energia-0101E0017/hardware/emt/src/sysbios/sysbios.am4fg(m3_TaskSupport.o)
 .text          0x00000300        0x0 /opt/ti/energia-0101E0017/hardware/emt/src/sysbios/sysbios.am4fg(m3_Timer.o)
 .text          0x00000300        0x0 /opt/ti/energia-0101E0017/hardware/emt/src/sysbios/sysbios.am4fg(m3_TimestampProvider.o)
 .text          0x00000300        0x0 /opt/ti/energia-0101E0017/hardware/emt/src/sysbios/sysbios.am4fg(heaps_HeapMem.o)
 .text          0x00000300        0x0 /opt/ti/energia-0101E0017/hardware/emt/src/sysbios/sysbios.am4fg(gnu_ReentSupport.o)
 .text          0x00000300        0x0 /opt/ti/energia-0101E0017/hardware/emt/src/sysbios/sysbios.am4fg(msp432_Timer.o)
 .text          0x00000300        0x0 /opt/ti/energia-0101E0017/hardware/emt/src/sysbios/sysbios.am4fg(msp432_ClockFreqs.o)
 .text          0x00000300        0x0 /opt/ti/energia-0101E0017/hardware/emt/src/sysbios/sysbios.am4fg(lm4_Timer.o)
 .text          0x00000300        0x0 /opt/ti/energia-0101E0017/hardware/emt/gnu/targets/arm/rtsv7M/lib/gnu.targets.arm.rtsv7M.am4fg(Core-mem.om4fg)
 .text          0x00000300        0x0 /opt/ti/energia-0101E0017/hardware/emt/gnu/targets/arm/rtsv7M/lib/gnu.targets.arm.rtsv7M.am4fg(Core-smem.om4fg)
 .text          0x00000300        0x0 /opt/ti/energia-0101E0017/hardware/emt/gnu/targets/arm/rtsv7M/lib/gnu.targets.arm.rtsv7M.am4fg(Core-label.om4fg)
 .text          0x00000300        0x0 /opt/ti/energia-0101E0017/hardware/emt/gnu/targets/arm/rtsv7M/lib/gnu.targets.arm.rtsv7M.am4fg(Core-params.om4fg)
 .text          0x00000300        0x0 /opt/ti/energia-0101E0017/hardware/emt/gnu/targets/arm/rtsv7M/lib/gnu.targets.arm.rtsv7M.am4fg(Error.om4fg)
 .text          0x00000300        0x0 /opt/ti/energia-0101E0017/hardware/emt/gnu/targets/arm/rtsv7M/lib/gnu.targets.arm.rtsv7M.am4fg(Gate.om4fg)
 .text          0x00000300        0x0 /opt/ti/energia-0101E0017/hardware/emt/gnu/targets/arm/rtsv7M/lib/gnu.targets.arm.rtsv7M.am4fg(Memory.om4fg)
 .text          0x00000300        0x0 /opt/ti/energia-0101E0017/hardware/emt/gnu/targets/arm/rtsv7M/lib/gnu.targets.arm.rtsv7M.am4fg(Startup.om4fg)
 .text          0x00000300        0x0 /opt/ti/energia-0101E0017/hardware/emt/gnu/targets/arm/rtsv7M/lib/gnu.targets.arm.rtsv7M.am4fg(System.om4fg)
 .text          0x00000300        0x0 /opt/ti/energia-0101E0017/hardware/emt/gnu/targets/arm/rtsv7M/lib/gnu.targets.arm.rtsv7M.am4fg(SysCallback.om4fg)
 .text          0x00000300        0x0 /opt/ti/energia-0101E0017/hardware/emt/gnu/targets/arm/rtsv7M/lib/gnu.targets.arm.rtsv7M.am4fg(Text.om4fg)
 .text          0x00000300        0x0 /opt/ti/energia-0101E0017/hardware/emt/gnu/targets/arm/rtsv7M/lib/gnu.targets.arm.rtsv7M.am4fg(Timestamp.om4fg)
 .text          0x00000300        0x0 /opt/ti/energia-0101E0017/hardware/emt/gnu/targets/arm/rtsv7M/lib/gnu.targets.arm.rtsv7M.am4fg(xdc_noinit.om4fg)
 .text          0x00000300        0x0 /opt/ti/energia-0101E0017/hardware/emt/gnu/targets/arm/rtsv7M/lib/gnu.targets.arm.rtsv7M.am4fg(Assert.om4fg)
 .text          0x00000300        0x0 /opt/ti/energia-0101E0017/hardware/emt/gnu/targets/arm/rtsv7M/lib/gnu.targets.arm.rtsv7M.am4fg(Registry.om4fg)
 .text          0x00000300        0x0 /opt/ti/energia-0101E0017/hardware/emt/gnu/targets/arm/rtsv7M/lib/boot.am4fg(boot.om4fg)
 .text          0x00000300        0x0 /opt/ti/energia-0101E0017/hardware/emt/gnu/targets/arm/rtsv7M/lib/boot.am4fg(startup.om4fg)
 .text          0x00000300        0x0 /opt/ti/energia-0101E0017/hardware/emt/gnu/targets/arm/rtsv7M/lib/syscalls.am4fg(syscalls.om4fg)
 .text          0x00000300        0x0 /opt/ti/energia-0101E0017/hardware/msp432/cores/msp432/driverlib/libdriverlib.a(cpu.o)
 .text          0x00000300        0x0 /opt/ti/energia-0101E0017/hardware/msp432/cores/msp432/driverlib/libdriverlib.a(cs.o)
 .text          0x00000300        0x0 /opt/ti/energia-0101E0017/hardware/msp432/cores/msp432/driverlib/libdriverlib.a(dma.o)
 .text          0x00000300        0x0 /opt/ti/energia-0101E0017/hardware/msp432/cores/msp432/driverlib/libdriverlib.a(flash.o)
 .text          0x00000300        0x0 /opt/ti/energia-0101E0017/hardware/msp432/cores/msp432/driverlib/libdriverlib.a(gpio.o)
 .text          0x00000300        0x0 /opt/ti/energia-0101E0017/hardware/msp432/cores/msp432/driverlib/libdriverlib.a(i2c.o)
 .text          0x00000300        0x0 /opt/ti/energia-0101E0017/hardware/msp432/cores/msp432/driverlib/libdriverlib.a(interrupt.o)
 .text          0x00000300        0x0 /opt/ti/energia-0101E0017/hardware/msp432/cores/msp432/driverlib/libdriverlib.a(pcm.o)
 .text          0x00000300        0x0 /opt/ti/energia-0101E0017/hardware/msp432/cores/msp432/driverlib/libdriverlib.a(rtc_c.o)
 .text          0x00000300        0x0 /opt/ti/energia-0101E0017/hardware/msp432/cores/msp432/driverlib/libdriverlib.a(spi.o)
 .text          0x00000300        0x0 /opt/ti/energia-0101E0017/hardware/msp432/cores/msp432/driverlib/libdriverlib.a(sysctl.o)
 .text          0x00000300        0x0 /opt/ti/energia-0101E0017/hardware/msp432/cores/msp432/driverlib/libdriverlib.a(timer_a.o)
 .text          0x00000300        0x0 /opt/ti/energia-0101E0017/hardware/msp432/cores/msp432/driverlib/libdriverlib.a(uart.o)
 .text          0x00000300        0x0 /opt/ti/energia-0101E0017/hardware/msp432/cores/msp432/driverlib/libdriverlib.a(wdt_a.o)
 .text          0x00000300        0x0 /opt/ti/energia-0101E0017/hardware/tools/lm4f/bin/../lib/gcc/arm-none-eabi/4.8.4/../../../../arm-none-eabi/lib/armv7e-m/fpu/libc.a(lib_a-abort.o)
 .text          0x00000300        0x0 /opt/ti/energia-0101E0017/hardware/tools/lm4f/bin/../lib/gcc/arm-none-eabi/4.8.4/../../../../arm-none-eabi/lib/armv7e-m/fpu/libc.a(lib_a-exit.o)
 .text          0x00000300        0x0 /opt/ti/energia-0101E0017/hardware/tools/lm4f/bin/../lib/gcc/arm-none-eabi/4.8.4/../../../../arm-none-eabi/lib/armv7e-m/fpu/libc.a(lib_a-impure.o)
 .text          0x00000300      0x134 /opt/ti/energia-0101E0017/hardware/tools/lm4f/bin/../lib/gcc/arm-none-eabi/4.8.4/../../../../arm-none-eabi/lib/armv7e-m/fpu/libc.a(lib_a-memcpy.o)
                0x00000300                memcpy
 .text          0x00000434        0x0 /opt/ti/energia-0101E0017/hardware/tools/lm4f/bin/../lib/gcc/arm-none-eabi/4.8.4/../../../../arm-none-eabi/lib/armv7e-m/fpu/libc.a(lib_a-memset.o)
 .text          0x00000434        0x0 /opt/ti/energia-0101E0017/hardware/tools/lm4f/bin/../lib/gcc/arm-none-eabi/4.8.4/../../../../arm-none-eabi/lib/armv7e-m/fpu/libc.a(lib_a-reent.o)
 .text          0x00000434        0x0 /opt/ti/energia-0101E0017/hardware/tools/lm4f/bin/../lib/gcc/arm-none-eabi/4.8.4/../../../../arm-none-eabi/lib/armv7e-m/fpu/libc.a(lib_a-signal.o)
 .text          0x00000434        0x0 /opt/ti/energia-0101E0017/hardware/tools/lm4f/bin/../lib/gcc/arm-none-eabi/4.8.4/../../../../arm-none-eabi/lib/armv7e-m/fpu/libc.a(lib_a-signalr.o)
 .text          0x00000434        0x0 /opt/ti/energia-0101E0017/hardware/tools/lm4f/bin/../lib/gcc/arm-none-eabi/4.8.4/../../../../arm-none-eabi/lib/armv7e-m/fpu/libc.a(lib_a-sprintf.o)
 .text          0x00000434      0x21c /opt/ti/energia-0101E0017/hardware/tools/lm4f/bin/../lib/gcc/arm-none-eabi/4.8.4/../../../../arm-none-eabi/lib/armv7e-m/fpu/libc.a(lib_a-strcmp.o)
                0x00000434                strcmp
 .text          0x00000650        0x0 /opt/ti/energia-0101E0017/hardware/tools/lm4f/bin/../lib/gcc/arm-none-eabi/4.8.4/../../../../arm-none-eabi/lib/armv7e-m/fpu/libc.a(lib_a-strlen.o)
 .text          0x00000650        0x0 /opt/ti/energia-0101E0017/hardware/tools/lm4f/bin/../lib/gcc/arm-none-eabi/4.8.4/../../../../arm-none-eabi/lib/armv7e-m/fpu/libc.a(lib_a-svfprintf.o)
 .text          0x00000650        0x0 /opt/ti/energia-0101E0017/hardware/tools/lm4f/bin/../lib/gcc/arm-none-eabi/4.8.4/../../../../arm-none-eabi/lib/armv7e-m/fpu/libc.a(lib_a-__call_atexit.o)
 .text          0x00000650        0x0 /opt/ti/energia-0101E0017/hardware/tools/lm4f/bin/../lib/gcc/arm-none-eabi/4.8.4/../../../../arm-none-eabi/lib/armv7e-m/fpu/libc.a(lib_a-atexit.o)
 .text          0x00000650        0x0 /opt/ti/energia-0101E0017/hardware/tools/lm4f/bin/../lib/gcc/arm-none-eabi/4.8.4/../../../../arm-none-eabi/lib/armv7e-m/fpu/libc.a(lib_a-dtoa.o)
 .text          0x00000650        0x0 /opt/ti/energia-0101E0017/hardware/tools/lm4f/bin/../lib/gcc/arm-none-eabi/4.8.4/../../../../arm-none-eabi/lib/armv7e-m/fpu/libc.a(lib_a-fini.o)
 .text          0x00000650        0x0 /opt/ti/energia-0101E0017/hardware/tools/lm4f/bin/../lib/gcc/arm-none-eabi/4.8.4/../../../../arm-none-eabi/lib/armv7e-m/fpu/libc.a(lib_a-locale.o)
 .text          0x00000650        0x0 /opt/ti/energia-0101E0017/hardware/tools/lm4f/bin/../lib/gcc/arm-none-eabi/4.8.4/../../../../arm-none-eabi/lib/armv7e-m/fpu/libc.a(lib_a-memchr-stub.o)
 .text          0x00000650        0x0 /opt/ti/energia-0101E0017/hardware/tools/lm4f/bin/../lib/gcc/arm-none-eabi/4.8.4/../../../../arm-none-eabi/lib/armv7e-m/fpu/libc.a(lib_a-mprec.o)
 .text          0x00000650        0x0 /opt/ti/energia-0101E0017/hardware/tools/lm4f/bin/../lib/gcc/arm-none-eabi/4.8.4/../../../../arm-none-eabi/lib/armv7e-m/fpu/libc.a(lib_a-s_fpclassify.o)
 .text          0x00000650        0x0 /opt/ti/energia-0101E0017/hardware/tools/lm4f/bin/../lib/gcc/arm-none-eabi/4.8.4/../../../../arm-none-eabi/lib/armv7e-m/fpu/libc.a(lib_a-svfiprintf.o)
 .text          0x00000650        0x0 /opt/ti/energia-0101E0017/hardware/tools/lm4f/bin/../lib/gcc/arm-none-eabi/4.8.4/../../../../arm-none-eabi/lib/armv7e-m/fpu/libc.a(lib_a-__atexit.o)
 .text          0x00000650        0x0 /opt/ti/energia-0101E0017/hardware/tools/lm4f/bin/../lib/gcc/arm-none-eabi/4.8.4/../../../../arm-none-eabi/lib/armv7e-m/fpu/libc.a(lib_a-memmove.o)
 .text          0x00000650      0x370 /opt/ti/energia-0101E0017/hardware/tools/lm4f/bin/../lib/gcc/arm-none-eabi/4.8.4/armv7e-m/fpu/libgcc.a(_arm_addsubdf3.o)
                0x00000650                __aeabi_drsub
                0x00000658                __aeabi_dsub
                0x00000658                __subdf3
                0x0000065c                __adddf3
                0x0000065c                __aeabi_dadd
                0x000008d4                __aeabi_ui2d
                0x000008d4                __floatunsidf
                0x000008f4                __aeabi_i2d
                0x000008f4                __floatsidf
                0x00000918                __extendsfdf2
                0x00000918                __aeabi_f2d
                0x00000954                __aeabi_ul2d
                0x00000954                __floatundidf
                0x00000964                __floatdidf
                0x00000964                __aeabi_l2d
 .text          0x000009c0      0x424 /opt/ti/energia-0101E0017/hardware/tools/lm4f/bin/../lib/gcc/arm-none-eabi/4.8.4/armv7e-m/fpu/libgcc.a(_arm_muldivdf3.o)
                0x000009c0                __aeabi_dmul
                0x000009c0                __muldf3
                0x00000c14                __aeabi_ddiv
                0x00000c14                __divdf3
 .text          0x00000de4      0x110 /opt/ti/energia-0101E0017/hardware/tools/lm4f/bin/../lib/gcc/arm-none-eabi/4.8.4/armv7e-m/fpu/libgcc.a(_arm_cmpdf2.o)
                0x00000de4                __gtdf2
                0x00000de4                __gedf2
                0x00000dec                __ltdf2
                0x00000dec                __ledf2
                0x00000df4                __cmpdf2
                0x00000df4                __nedf2
                0x00000df4                __eqdf2
                0x00000e70                __aeabi_cdrcmple
                0x00000e80                __aeabi_cdcmple
                0x00000e80                __aeabi_cdcmpeq
                0x00000e90                __aeabi_dcmpeq
                0x00000ea4                __aeabi_dcmplt
                0x00000eb8                __aeabi_dcmple
                0x00000ecc                __aeabi_dcmpge
                0x00000ee0                __aeabi_dcmpgt
 .text          0x00000ef4       0x50 /opt/ti/energia-0101E0017/hardware/tools/lm4f/bin/../lib/gcc/arm-none-eabi/4.8.4/armv7e-m/fpu/libgcc.a(_arm_fixdfsi.o)
                0x00000ef4                __aeabi_d2iz
                0x00000ef4                __fixdfsi
 .text          0x00000f44       0xa0 /opt/ti/energia-0101E0017/hardware/tools/lm4f/bin/../lib/gcc/arm-none-eabi/4.8.4/armv7e-m/fpu/libgcc.a(_arm_truncdfsf2.o)
                0x00000f44                __aeabi_d2f
                0x00000f44                __truncdfsf2
 .text          0x00000fe4       0x2c /opt/ti/energia-0101E0017/hardware/tools/lm4f/bin/../lib/gcc/arm-none-eabi/4.8.4/armv7e-m/fpu/libgcc.a(_aeabi_uldivmod.o)
                0x00000fe4                __aeabi_uldivmod
 .text          0x00001010       0x60 /opt/ti/energia-0101E0017/hardware/tools/lm4f/bin/../lib/gcc/arm-none-eabi/4.8.4/armv7e-m/fpu/libgcc.a(bpabi.o)
                0x00001010                __gnu_ldivmod_helper
                0x00001040                __gnu_uldivmod_helper
 .text          0x00001070        0x4 /opt/ti/energia-0101E0017/hardware/tools/lm4f/bin/../lib/gcc/arm-none-eabi/4.8.4/armv7e-m/fpu/libgcc.a(_dvmd_tls.o)
                0x00001070                __aeabi_ldiv0
                0x00001070                __aeabi_idiv0
 .text          0x00001074      0x298 /opt/ti/energia-0101E0017/hardware/tools/lm4f/bin/../lib/gcc/arm-none-eabi/4.8.4/armv7e-m/fpu/libgcc.a(_divdi3.o)
                0x00001074                __divdi3
 .text          0x0000130c      0x284 /opt/ti/energia-0101E0017/hardware/tools/lm4f/bin/../lib/gcc/arm-none-eabi/4.8.4/armv7e-m/fpu/libgcc.a(_udivdi3.o)
                0x0000130c                __udivdi3
 .text          0x00001590        0x0 /opt/ti/energia-0101E0017/hardware/tools/lm4f/bin/../lib/gcc/arm-none-eabi/4.8.4/../../../../arm-none-eabi/lib/armv7e-m/fpu/libnosys.a(getpid.o)
 .text          0x00001590        0x0 /opt/ti/energia-0101E0017/hardware/tools/lm4f/bin/../lib/gcc/arm-none-eabi/4.8.4/../../../../arm-none-eabi/lib/armv7e-m/fpu/libnosys.a(kill.o)
 *(.text.*)
 .text.send_cmd
                0x00001590       0x8c ./classes/PFatFs/utility/diskio.o
 .text.attach_cs_pin
                0x0000161c       0x1c ./classes/PFatFs/utility/diskio.o
                0x0000161c                attach_cs_pin
 .text.attach_dly100u
                0x00001638        0xc ./classes/PFatFs/utility/diskio.o
                0x00001638                attach_dly100u
 .text.attach_SPIdriver
                0x00001644       0x14 ./classes/PFatFs/utility/diskio.o
                0x00001644                attach_SPIdriver
 .text.disk_readp
                0x00001658       0x94 ./classes/PFatFs/utility/diskio.o
                0x00001658                disk_readp
 .text.disk_writep
                0x000016ec       0xdc ./classes/PFatFs/utility/diskio.o
                0x000016ec                disk_writep
 .text.disk_initialize_b
                0x000017c8      0x124 ./classes/PFatFs/utility/diskio.o
                0x000017c8                disk_initialize_b
 .text.clust2sect
                0x000018ec       0x20 ./classes/PFatFs/utility/pff.o
 .text.dir_rewind
                0x0000190c       0x3c ./classes/PFatFs/utility/pff.o
 .text.get_fat  0x00001948       0x80 ./classes/PFatFs/utility/pff.o
 .text.dir_next
                0x000019c8       0x5c ./classes/PFatFs/utility/pff.o
 .text.check_fs
                0x00001a24       0x74 ./classes/PFatFs/utility/pff.o
 .text.follow_path
                0x00001a98      0x118 ./classes/PFatFs/utility/pff.o
 .text.pf_mount
                0x00001bb0      0x16c ./classes/PFatFs/utility/pff.o
                0x00001bb0                pf_mount
 .text.pf_open  0x00001d1c       0x84 ./classes/PFatFs/utility/pff.o
                0x00001d1c                pf_open
 .text.pf_write
                0x00001da0      0x10c ./classes/PFatFs/utility/pff.o
                0x00001da0                pf_write
 .text.pf_lseek
                0x00001eac       0x98 ./classes/PFatFs/utility/pff.o
                0x00001eac                pf_lseek
 .text.pf_opendir
                0x00001f44       0x64 ./classes/PFatFs/utility/pff.o
                0x00001f44                pf_opendir
 .text._Z5setupv
                0x00001fa8       0x58 ./AMAS.o
                0x00001fa8                setup()
 .text._Z4loopv
                0x00002000       0x40 ./AMAS.o
                0x00002000                loop()
 .text._ZN4PFFS6CS_LOWEv
                0x00002040       0x10 ./classes/PFatFs/pfatfs.o
                0x00002040                PFFS::CS_LOW()
 .text._ZN4PFFS7CS_HIGHEv
                0x00002050       0x10 ./classes/PFatFs/pfatfs.o
                0x00002050                PFFS::CS_HIGH()
 .text._ZN4PFFS7CS_READEv
                0x00002060       0x18 ./classes/PFatFs/pfatfs.o
                0x00002060                PFFS::CS_READ()
 .text._ZN4PFFS11SPI_RECEIVEEv
                0x00002078        0xc ./classes/PFatFs/pfatfs.o
                0x00002078                PFFS::SPI_RECEIVE()
 .text._ZN4PFFS8SPI_SENDEh
                0x00002084        0xc ./classes/PFatFs/pfatfs.o
                0x00002084                PFFS::SPI_SEND(unsigned char)
 .text._ZN4PFFS7DLY100UEv
                0x00002090        0x6 ./classes/PFatFs/pfatfs.o
                0x00002090                PFFS::DLY100U()
 .text._ZN4PFFSC2Ev
                0x00002096        0x2 ./classes/PFatFs/pfatfs.o
                0x00002096                PFFS::PFFS()
                0x00002096                PFFS::PFFS()
 .text._ZN4PFFS15SPI_SET_DIVIDEREh
                0x00002098        0xc ./classes/PFatFs/pfatfs.o
                0x00002098                PFFS::SPI_SET_DIVIDER(unsigned char)
 .text._ZN4PFFS9disk_initEv
                0x000020a4       0x20 ./classes/PFatFs/pfatfs.o
                0x000020a4                PFFS::disk_init()
 .text._ZN4PFFS5mountEP5FATFS
                0x000020c4       0x24 ./classes/PFatFs/pfatfs.o
                0x000020c4                PFFS::mount(FATFS*)
 .text._ZN4PFFS5beginEhh
                0x000020e8       0x84 ./classes/PFatFs/pfatfs.o
                0x000020e8                PFFS::begin(unsigned char, unsigned char)
 .text._ZN4PFFS5beginEh
                0x0000216c        0xc ./classes/PFatFs/pfatfs.o
                0x0000216c                PFFS::begin(unsigned char)
 .text._ZN4PFFS4openEPKc
                0x00002178        0x6 ./classes/PFatFs/pfatfs.o
                0x00002178                PFFS::open(char const*)
 .text._ZN4PFFS5writeEPKvtPt
                0x0000217e        0xa ./classes/PFatFs/pfatfs.o
                0x0000217e                PFFS::write(void const*, unsigned short, unsigned short*)
 .text._ZN4PFFS5closeEv
                0x00002188       0x14 ./classes/PFatFs/pfatfs.o
                0x00002188                PFFS::close()
 .text._ZN4PFFS5lseekEm
                0x0000219c        0x6 ./classes/PFatFs/pfatfs.o
                0x0000219c                PFFS::lseek(unsigned long)
 *fill*         0x000021a2        0x2 
 .text._ZN2PhD2Ev
                0x000021a4       0x14 ./classes/Ph.o
                0x000021a4                Ph::~Ph()
                0x000021a4                Ph::~Ph()
 .text._ZN2PhD0Ev
                0x000021b8       0x12 ./classes/Ph.o
                0x000021b8                Ph::~Ph()
 *fill*         0x000021ca        0x2 
 .text._ZN2PhC2Ei
                0x000021cc       0x24 ./classes/Ph.o
                0x000021cc                Ph::Ph(int)
                0x000021cc                Ph::Ph(int)
 .text._ZN2Ph12averagearrayEPii
                0x000021f0       0xb4 ./classes/Ph.o
                0x000021f0                Ph::averagearray(int*, int)
 .text._ZN2Ph4loopEv
                0x000022a4      0x11c ./classes/Ph.o
                0x000022a4                Ph::loop()
 .text._ZN2Ph5setupEv
                0x000023c0       0x34 ./classes/Ph.o
                0x000023c0                Ph::setup()
 .text._ZN17SecureDigitalCardD2Ev
                0x000023f4        0xc ./classes/SecureDigitalCard.o
                0x000023f4                SecureDigitalCard::~SecureDigitalCard()
                0x000023f4                SecureDigitalCard::~SecureDigitalCard()
 .text._ZN17SecureDigitalCardD0Ev
                0x00002400       0x14 ./classes/SecureDigitalCard.o
                0x00002400                SecureDigitalCard::~SecureDigitalCard()
 .text._ZN17SecureDigitalCardC2Ev
                0x00002414       0x24 ./classes/SecureDigitalCard.o
                0x00002414                SecureDigitalCard::SecureDigitalCard()
                0x00002414                SecureDigitalCard::SecureDigitalCard()
 .text._ZN17SecureDigitalCard3dieEi
                0x00002438       0x28 ./classes/SecureDigitalCard.o
                0x00002438                SecureDigitalCard::die(int)
 .text._ZN17SecureDigitalCard10writeToLogEjPKc
                0x00002460      0x114 ./classes/SecureDigitalCard.o
                0x00002460                SecureDigitalCard::writeToLog(unsigned int, char const*)
 .text._ZN6SensorD2Ev
                0x00002574        0xc ./classes/Sensor.o
                0x00002574                Sensor::~Sensor()
                0x00002574                Sensor::~Sensor()
 .text._ZN6SensorD0Ev
                0x00002580       0x14 ./classes/Sensor.o
                0x00002580                Sensor::~Sensor()
 .text._ZN6SensorC2Ei
                0x00002594        0xc ./classes/Sensor.o
                0x00002594                Sensor::Sensor(int)
                0x00002594                Sensor::Sensor(int)
 .text._ZN6Sensor9getP_NUMBEv
                0x000025a0        0x4 ./classes/Sensor.o
                0x000025a0                Sensor::getP_NUMB()
 .text._ZN6Sensor6sWriteEPKc
                0x000025a4       0x30 ./classes/Sensor.o
                0x000025a4                Sensor::sWrite(char const*)
 .text._ZN7DS18B20C2Eh
                0x000025d4        0x4 ./classes/StellarisOW/StellarisDS18B20.o
                0x000025d4                DS18B20::DS18B20(unsigned char)
                0x000025d4                DS18B20::DS18B20(unsigned char)
 .text._ZN7DS18B205resetEv
                0x000025d8       0x72 ./classes/StellarisOW/StellarisDS18B20.o
                0x000025d8                DS18B20::reset()
 .text._ZN7DS18B209write_bitEi
                0x0000264a       0x84 ./classes/StellarisOW/StellarisDS18B20.o
                0x0000264a                DS18B20::write_bit(int)
 .text._ZN7DS18B208read_bitEv
                0x000026ce       0x68 ./classes/StellarisOW/StellarisDS18B20.o
                0x000026ce                DS18B20::read_bit()
 .text._ZN7DS18B2010write_byteEh
                0x00002736       0x1c ./classes/StellarisOW/StellarisDS18B20.o
                0x00002736                DS18B20::write_byte(unsigned char)
 .text._ZN7DS18B209read_byteEv
                0x00002752       0x20 ./classes/StellarisOW/StellarisDS18B20.o
                0x00002752                DS18B20::read_byte()
 .text._ZN7DS18B2012reset_searchEv
                0x00002772       0x18 ./classes/StellarisOW/StellarisDS18B20.o
                0x00002772                DS18B20::reset_search()
 .text._ZN7DS18B206searchEPh
                0x0000278a       0xec ./classes/StellarisOW/StellarisDS18B20.o
                0x0000278a                DS18B20::search(unsigned char*)
 .text._ZN7DS18B206selectEPh
                0x00002876       0x1e ./classes/StellarisOW/StellarisDS18B20.o
                0x00002876                DS18B20::select(unsigned char*)
 .text._ZN11TemperatureD2Ev
                0x00002894       0x14 ./classes/Temperature.o
                0x00002894                Temperature::~Temperature()
                0x00002894                Temperature::~Temperature()
 .text._ZN11TemperatureD0Ev
                0x000028a8       0x12 ./classes/Temperature.o
                0x000028a8                Temperature::~Temperature()
 *fill*         0x000028ba        0x2 
 .text._ZN11TemperatureC2Ei
                0x000028bc       0x34 ./classes/Temperature.o
                0x000028bc                Temperature::Temperature(int)
                0x000028bc                Temperature::Temperature(int)
 .text._ZN11Temperature6findOWEv
                0x000028f0       0xf4 ./classes/Temperature.o
                0x000028f0                Temperature::findOW()
 .text._ZN11Temperature9displayOWEv
                0x000029e4       0x8c ./classes/Temperature.o
                0x000029e4                Temperature::displayOW()
 .text._ZN11Temperature6readOWEh
                0x00002a70       0x3c ./classes/Temperature.o
                0x00002a70                Temperature::readOW(unsigned char)
 .text._ZN11Temperature15saveTemperatureEh
                0x00002aac       0x34 ./classes/Temperature.o
                0x00002aac                Temperature::saveTemperature(unsigned char)
 .text._ZN11Temperature7tempCMDEv
                0x00002ae0       0x2c ./classes/Temperature.o
                0x00002ae0                Temperature::tempCMD()
 .text._ZN11Temperature4loopEv
                0x00002b0c       0xcc ./classes/Temperature.o
                0x00002b0c                Temperature::loop()
 .text._ZN11Temperature5setupEv
                0x00002bd8       0x24 ./classes/Temperature.o
                0x00002bd8                Temperature::setup()
 .text.startup._GLOBAL__sub_I_ds
                0x00002bfc        0xc ./classes/Temperature.o
 .text._Z8the_taskjj
                0x00002c08       0x12 ./main.o
                0x00002c08                the_task(unsigned int, unsigned int)
 *fill*         0x00002c1a        0x2 
 .text.startup.main
                0x00002c1c       0x60 ./main.o
                0x00002c1c                main
 .text.xdc_runtime_Startup_exec__I
                0x00002c7c       0x14 /opt/ti/energia-0101E0017/hardware/emt/ti/runtime/wiring/msp432/configPkg/package/cfg/energia_pm4fg.om4fg
                0x00002c7c                xdc_runtime_Startup_exec(int0_t)
 .text.ti_sysbios_BIOS_startFunc__I
                0x00002c90       0x24 /opt/ti/energia-0101E0017/hardware/emt/ti/runtime/wiring/msp432/configPkg/package/cfg/energia_pm4fg.om4fg
                0x00002c90                ti_sysbios_BIOS_startFunc(int0_t)
 .text.ti_sysbios_BIOS_atExitFunc__I
                0x00002cb4       0x10 /opt/ti/energia-0101E0017/hardware/emt/ti/runtime/wiring/msp432/configPkg/package/cfg/energia_pm4fg.om4fg
                0x00002cb4                ti_sysbios_BIOS_atExitFunc(int0_t)
 .text.ti_sysbios_BIOS_exitFunc__I
                0x00002cc4       0x14 /opt/ti/energia-0101E0017/hardware/emt/ti/runtime/wiring/msp432/configPkg/package/cfg/energia_pm4fg.om4fg
                0x00002cc4                ti_sysbios_BIOS_exitFunc(int0_t)
 .text.ti_runtime_heaps_HeapRem_Handle__label__S
                0x00002cd8       0x18 /opt/ti/energia-0101E0017/hardware/emt/ti/runtime/wiring/msp432/configPkg/package/cfg/energia_pm4fg.om4fg
                0x00002cd8                ti_runtime_heaps_HeapRem_Handle__label(void) static
 .text.ti_sysbios_gates_GateHwi_Handle__label__S
                0x00002cf0       0x18 /opt/ti/energia-0101E0017/hardware/emt/ti/runtime/wiring/msp432/configPkg/package/cfg/energia_pm4fg.om4fg
                0x00002cf0                ti_sysbios_gates_GateHwi_Handle__label(void) static
 .text.ti_sysbios_gates_GateMutex_Handle__label__S
                0x00002d08       0x18 /opt/ti/energia-0101E0017/hardware/emt/ti/runtime/wiring/msp432/configPkg/package/cfg/energia_pm4fg.om4fg
                0x00002d08                ti_sysbios_gates_GateMutex_Handle__label(void) static
 .text.ti_sysbios_heaps_HeapMem_Handle__label__S
                0x00002d20       0x18 /opt/ti/energia-0101E0017/hardware/emt/ti/runtime/wiring/msp432/configPkg/package/cfg/energia_pm4fg.om4fg
                0x00002d20                ti_sysbios_heaps_HeapMem_Handle__label(void) static
 .text.ti_runtime_heaps_HeapRem_Object__create__S
                0x00002d38       0x2c /opt/ti/energia-0101E0017/hardware/emt/ti/runtime/wiring/msp432/configPkg/package/cfg/energia_pm4fg.om4fg
                0x00002d38                ti_runtime_heaps_HeapRem_Object__create(void) static
 .text.ti_runtime_heaps_HeapRem_Object__delete__S
                0x00002d64       0x24 /opt/ti/energia-0101E0017/hardware/emt/ti/runtime/wiring/msp432/configPkg/package/cfg/energia_pm4fg.om4fg
                0x00002d64                ti_runtime_heaps_HeapRem_Object__delete(void) static
 .text.ti_sysbios_gates_GateHwi_Object__delete__S
                0x00002d88       0x24 /opt/ti/energia-0101E0017/hardware/emt/ti/runtime/wiring/msp432/configPkg/package/cfg/energia_pm4fg.om4fg
                0x00002d88                ti_sysbios_gates_GateHwi_Object__delete(void) static
 .text.ti_sysbios_gates_GateMutex_Object__delete__S
                0x00002dac       0x28 /opt/ti/energia-0101E0017/hardware/emt/ti/runtime/wiring/msp432/configPkg/package/cfg/energia_pm4fg.om4fg
                0x00002dac                ti_sysbios_gates_GateMutex_Object__delete(void) static
 .text.ti_sysbios_heaps_HeapMem_Object__delete__S
                0x00002dd4       0x24 /opt/ti/energia-0101E0017/hardware/emt/ti/runtime/wiring/msp432/configPkg/package/cfg/energia_pm4fg.om4fg
                0x00002dd4                ti_sysbios_heaps_HeapMem_Object__delete(void) static
 .text.ti_sysbios_gates_GateHwi_Object__create__S
                0x00002df8       0x2c /opt/ti/energia-0101E0017/hardware/emt/ti/runtime/wiring/msp432/configPkg/package/cfg/energia_pm4fg.om4fg
                0x00002df8                ti_sysbios_gates_GateHwi_Object__create(void) static
 .text.ti_sysbios_gates_GateMutex_Object__create__S
                0x00002e24       0x2c /opt/ti/energia-0101E0017/hardware/emt/ti/runtime/wiring/msp432/configPkg/package/cfg/energia_pm4fg.om4fg
                0x00002e24                ti_sysbios_gates_GateMutex_Object__create(void) static
 .text.ti_sysbios_heaps_HeapMem_Object__create__S
                0x00002e50       0x2c /opt/ti/energia-0101E0017/hardware/emt/ti/runtime/wiring/msp432/configPkg/package/cfg/energia_pm4fg.om4fg
                0x00002e50                ti_sysbios_heaps_HeapMem_Object__create(void) static
 .text.ti_sysbios_knl_Clock_doTick__I
                0x00002e7c       0x30 /opt/ti/energia-0101E0017/hardware/emt/ti/runtime/wiring/msp432/configPkg/package/cfg/energia_pm4fg.om4fg
                0x00002e7c                ti_sysbios_knl_Clock_doTick(int0_t)
 .text.xdc_runtime_Startup_reset__I
                0x00002eac       0x10 /opt/ti/energia-0101E0017/hardware/emt/ti/runtime/wiring/msp432/configPkg/package/cfg/energia_pm4fg.om4fg
                0x00002eac                xdc_runtime_Startup_reset(int0_t)
 .text.ti_sysbios_utils_Load_update__E
                0x00002ebc        0x4 /opt/ti/energia-0101E0017/hardware/emt/ti/runtime/wiring/msp432/configPkg/package/cfg/energia_pm4fg.om4fg
                0x00002ebc                ti_sysbios_utils_Load_update__E
 .text.malloc   0x00002ec0       0x30 /opt/ti/energia-0101E0017/hardware/emt/ti/runtime/wiring/msp432/configPkg/package/cfg/energia_pm4fg.om4fg
                0x00002ec0                malloc
 .text.calloc   0x00002ef0       0x2c /opt/ti/energia-0101E0017/hardware/emt/ti/runtime/wiring/msp432/configPkg/package/cfg/energia_pm4fg.om4fg
                0x00002ef0                calloc
 .text.free     0x00002f1c       0x18 /opt/ti/energia-0101E0017/hardware/emt/ti/runtime/wiring/msp432/configPkg/package/cfg/energia_pm4fg.om4fg
                0x00002f1c                free
 .text.realloc  0x00002f34       0x44 /opt/ti/energia-0101E0017/hardware/emt/ti/runtime/wiring/msp432/configPkg/package/cfg/energia_pm4fg.om4fg
                0x00002f34                realloc
 .text._malloc_r
                0x00002f78        0x8 /opt/ti/energia-0101E0017/hardware/emt/ti/runtime/wiring/msp432/configPkg/package/cfg/energia_pm4fg.om4fg
                0x00002f78                _malloc_r
 .text._calloc_r
                0x00002f80        0x8 /opt/ti/energia-0101E0017/hardware/emt/ti/runtime/wiring/msp432/configPkg/package/cfg/energia_pm4fg.om4fg
                0x00002f80                _calloc_r
 .text._free_r  0x00002f88        0x8 /opt/ti/energia-0101E0017/hardware/emt/ti/runtime/wiring/msp432/configPkg/package/cfg/energia_pm4fg.om4fg
                0x00002f88                _free_r
 .text._realloc_r
                0x00002f90        0x8 /opt/ti/energia-0101E0017/hardware/emt/ti/runtime/wiring/msp432/configPkg/package/cfg/energia_pm4fg.om4fg
                0x00002f90                _realloc_r
 .text.ti_sysbios_hal_Hwi_HwiProxy_Module__startupDone__S
                0x00002f98       0x14 /opt/ti/energia-0101E0017/hardware/emt/ti/runtime/wiring/msp432/configPkg/package/cfg/energia_pm4fg.om4fg
                0x00002f98                ti_sysbios_hal_Hwi_HwiProxy_Module__startupDone(void) static
 .text.ti_sysbios_hal_Hwi_HwiProxy_getStackInfo__E
                0x00002fac        0x4 /opt/ti/energia-0101E0017/hardware/emt/ti/runtime/wiring/msp432/configPkg/package/cfg/energia_pm4fg.om4fg
                0x00002fac                ti_sysbios_hal_Hwi_HwiProxy_getStackInfo__E
 .text.ti_sysbios_hal_Hwi_HwiProxy_startup__E
                0x00002fb0        0x4 /opt/ti/energia-0101E0017/hardware/emt/ti/runtime/wiring/msp432/configPkg/package/cfg/energia_pm4fg.om4fg
                0x00002fb0                ti_sysbios_hal_Hwi_HwiProxy_startup__E
 .text.ti_sysbios_hal_Hwi_HwiProxy_switchFromBootStack__E
                0x00002fb4        0x4 /opt/ti/energia-0101E0017/hardware/emt/ti/runtime/wiring/msp432/configPkg/package/cfg/energia_pm4fg.om4fg
                0x00002fb4                ti_sysbios_hal_Hwi_HwiProxy_switchFromBootStack__E
 .text.ti_sysbios_hal_Timer_TimerProxy_Module__startupDone__S
                0x00002fb8       0x14 /opt/ti/energia-0101E0017/hardware/emt/ti/runtime/wiring/msp432/configPkg/package/cfg/energia_pm4fg.om4fg
                0x00002fb8                ti_sysbios_hal_Timer_TimerProxy_Module__startupDone(void) static
 .text.ti_sysbios_heaps_HeapMem_Module_GateProxy_query__E
                0x00002fcc        0x4 /opt/ti/energia-0101E0017/hardware/emt/ti/runtime/wiring/msp432/configPkg/package/cfg/energia_pm4fg.om4fg
                0x00002fcc                ti_sysbios_heaps_HeapMem_Module_GateProxy_query__E
 .text.ti_sysbios_heaps_HeapMem_Module_GateProxy_enter__E
                0x00002fd0        0x4 /opt/ti/energia-0101E0017/hardware/emt/ti/runtime/wiring/msp432/configPkg/package/cfg/energia_pm4fg.om4fg
                0x00002fd0                ti_sysbios_heaps_HeapMem_Module_GateProxy_enter__E
 .text.ti_sysbios_heaps_HeapMem_Module_GateProxy_leave__E
                0x00002fd4        0x4 /opt/ti/energia-0101E0017/hardware/emt/ti/runtime/wiring/msp432/configPkg/package/cfg/energia_pm4fg.om4fg
                0x00002fd4                ti_sysbios_heaps_HeapMem_Module_GateProxy_leave__E
 .text.ti_sysbios_knl_Clock_TimerProxy_Module__startupDone__S
                0x00002fd8       0x14 /opt/ti/energia-0101E0017/hardware/emt/ti/runtime/wiring/msp432/configPkg/package/cfg/energia_pm4fg.om4fg
                0x00002fd8                ti_sysbios_knl_Clock_TimerProxy_Module__startupDone(void) static
 .text.ti_sysbios_knl_Clock_TimerProxy_getMaxTicks__E
                0x00002fec        0x4 /opt/ti/energia-0101E0017/hardware/emt/ti/runtime/wiring/msp432/configPkg/package/cfg/energia_pm4fg.om4fg
                0x00002fec                ti_sysbios_knl_Clock_TimerProxy_getMaxTicks__E
 .text.ti_sysbios_knl_Clock_TimerProxy_start__E
                0x00002ff0        0x4 /opt/ti/energia-0101E0017/hardware/emt/ti/runtime/wiring/msp432/configPkg/package/cfg/energia_pm4fg.om4fg
                0x00002ff0                ti_sysbios_knl_Clock_TimerProxy_start__E
 .text.ti_sysbios_knl_Clock_TimerProxy_stop__E
                0x00002ff4        0x4 /opt/ti/energia-0101E0017/hardware/emt/ti/runtime/wiring/msp432/configPkg/package/cfg/energia_pm4fg.om4fg
                0x00002ff4                ti_sysbios_knl_Clock_TimerProxy_stop__E
 .text.ti_sysbios_knl_Task_SupportProxy_Module__startupDone__S
                0x00002ff8        0x4 /opt/ti/energia-0101E0017/hardware/emt/ti/runtime/wiring/msp432/configPkg/package/cfg/energia_pm4fg.om4fg
                0x00002ff8                ti_sysbios_knl_Task_SupportProxy_Module__startupDone(void) static
 .text.ti_sysbios_knl_Task_SupportProxy_start__E
                0x00002ffc        0x4 /opt/ti/energia-0101E0017/hardware/emt/ti/runtime/wiring/msp432/configPkg/package/cfg/energia_pm4fg.om4fg
                0x00002ffc                ti_sysbios_knl_Task_SupportProxy_start__E
 .text.ti_sysbios_knl_Task_SupportProxy_swap__E
                0x00003000        0x4 /opt/ti/energia-0101E0017/hardware/emt/ti/runtime/wiring/msp432/configPkg/package/cfg/energia_pm4fg.om4fg
                0x00003000                ti_sysbios_knl_Task_SupportProxy_swap__E
 .text.ti_sysbios_knl_Task_SupportProxy_getStackAlignment__E
                0x00003004        0x4 /opt/ti/energia-0101E0017/hardware/emt/ti/runtime/wiring/msp432/configPkg/package/cfg/energia_pm4fg.om4fg
                0x00003004                ti_sysbios_knl_Task_SupportProxy_getStackAlignment__E
 .text.xdc_runtime_Memory_HeapProxy_alloc__E
                0x00003008        0xc /opt/ti/energia-0101E0017/hardware/emt/ti/runtime/wiring/msp432/configPkg/package/cfg/energia_pm4fg.om4fg
                0x00003008                xdc_runtime_Memory_HeapProxy_alloc__E
 .text.xdc_runtime_Memory_HeapProxy_free__E
                0x00003014        0xc /opt/ti/energia-0101E0017/hardware/emt/ti/runtime/wiring/msp432/configPkg/package/cfg/energia_pm4fg.om4fg
                0x00003014                xdc_runtime_Memory_HeapProxy_free__E
 .text.xdc_runtime_System_Module_GateProxy_enter__E
                0x00003020        0x4 /opt/ti/energia-0101E0017/hardware/emt/ti/runtime/wiring/msp432/configPkg/package/cfg/energia_pm4fg.om4fg
                0x00003020                xdc_runtime_System_Module_GateProxy_enter__E
 .text.xdc_runtime_System_Module_GateProxy_leave__E
                0x00003024        0x4 /opt/ti/energia-0101E0017/hardware/emt/ti/runtime/wiring/msp432/configPkg/package/cfg/energia_pm4fg.om4fg
                0x00003024                xdc_runtime_System_Module_GateProxy_leave__E
 .text.xdc_runtime_System_SupportProxy_abort__E
                0x00003028        0x4 /opt/ti/energia-0101E0017/hardware/emt/ti/runtime/wiring/msp432/configPkg/package/cfg/energia_pm4fg.om4fg
                0x00003028                xdc_runtime_System_SupportProxy_abort__E
 .text.xdc_runtime_System_SupportProxy_exit__E
                0x0000302c        0x4 /opt/ti/energia-0101E0017/hardware/emt/ti/runtime/wiring/msp432/configPkg/package/cfg/energia_pm4fg.om4fg
                0x0000302c                xdc_runtime_System_SupportProxy_exit__E
 .text.xdc_runtime_System_SupportProxy_flush__E
                0x00003030        0x4 /opt/ti/energia-0101E0017/hardware/emt/ti/runtime/wiring/msp432/configPkg/package/cfg/energia_pm4fg.om4fg
                0x00003030                xdc_runtime_System_SupportProxy_flush__E
 .text.xdc_runtime_Timestamp_SupportProxy_get32__E
                0x00003034        0x4 /opt/ti/energia-0101E0017/hardware/emt/ti/runtime/wiring/msp432/configPkg/package/cfg/energia_pm4fg.om4fg
                0x00003034                xdc_runtime_Timestamp_SupportProxy_get32__E
 .text.xdc_runtime_Timestamp_SupportProxy_get64__E
                0x00003038        0x4 /opt/ti/energia-0101E0017/hardware/emt/ti/runtime/wiring/msp432/configPkg/package/cfg/energia_pm4fg.om4fg
                0x00003038                xdc_runtime_Timestamp_SupportProxy_get64__E
 .text.xdc_runtime_Timestamp_SupportProxy_getFreq__E
                0x0000303c        0x4 /opt/ti/energia-0101E0017/hardware/emt/ti/runtime/wiring/msp432/configPkg/package/cfg/energia_pm4fg.om4fg
                0x0000303c                xdc_runtime_Timestamp_SupportProxy_getFreq__E
 .text.ti_sysbios_family_arm_m3_Hwi_Params__init__S
                0x00003040       0x18 /opt/ti/energia-0101E0017/hardware/emt/ti/runtime/wiring/msp432/configPkg/package/cfg/energia_pm4fg.om4fg
                0x00003040                ti_sysbios_family_arm_m3_Hwi_Params__init(void) static
 .text.ti_sysbios_family_arm_m3_Hwi_Object__get__S
                0x00003058       0x1c /opt/ti/energia-0101E0017/hardware/emt/ti/runtime/wiring/msp432/configPkg/package/cfg/energia_pm4fg.om4fg
                0x00003058                ti_sysbios_family_arm_m3_Hwi_Object__get(void) static
 .text.ti_sysbios_family_arm_m3_Hwi_create
                0x00003074       0x58 /opt/ti/energia-0101E0017/hardware/emt/ti/runtime/wiring/msp432/configPkg/package/cfg/energia_pm4fg.om4fg
                0x00003074                ti_sysbios_family_arm_m3_Hwi_create
 .text.ti_sysbios_family_arm_m3_Hwi_construct
                0x000030cc       0x50 /opt/ti/energia-0101E0017/hardware/emt/ti/runtime/wiring/msp432/configPkg/package/cfg/energia_pm4fg.om4fg
                0x000030cc                ti_sysbios_family_arm_m3_Hwi_construct
 .text.ti_sysbios_family_arm_m3_Hwi_destruct
                0x0000311c       0x24 /opt/ti/energia-0101E0017/hardware/emt/ti/runtime/wiring/msp432/configPkg/package/cfg/energia_pm4fg.om4fg
                0x0000311c                ti_sysbios_family_arm_m3_Hwi_destruct
 .text.ti_sysbios_gates_GateMutex_construct
                0x00003140       0x2c /opt/ti/energia-0101E0017/hardware/emt/ti/runtime/wiring/msp432/configPkg/package/cfg/energia_pm4fg.om4fg
                0x00003140                ti_sysbios_gates_GateMutex_construct
 .text.ti_sysbios_heaps_HeapMem_Module__startupDone__S
                0x0000316c        0x4 /opt/ti/energia-0101E0017/hardware/emt/ti/runtime/wiring/msp432/configPkg/package/cfg/energia_pm4fg.om4fg
                0x0000316c                ti_sysbios_heaps_HeapMem_Module__startupDone(void) static
 .text.ti_sysbios_heaps_HeapMem_Params__init__S
                0x00003170       0x18 /opt/ti/energia-0101E0017/hardware/emt/ti/runtime/wiring/msp432/configPkg/package/cfg/energia_pm4fg.om4fg
                0x00003170                ti_sysbios_heaps_HeapMem_Params__init(void) static
 .text.ti_sysbios_heaps_HeapMem_Object__get__S
                0x00003188        0xc /opt/ti/energia-0101E0017/hardware/emt/ti/runtime/wiring/msp432/configPkg/package/cfg/energia_pm4fg.om4fg
                0x00003188                ti_sysbios_heaps_HeapMem_Object__get(void) static
 .text.ti_sysbios_heaps_HeapMem_construct
                0x00003194       0x2c /opt/ti/energia-0101E0017/hardware/emt/ti/runtime/wiring/msp432/configPkg/package/cfg/energia_pm4fg.om4fg
                0x00003194                ti_sysbios_heaps_HeapMem_construct
 .text.ti_sysbios_knl_Clock_Params__init__S
                0x000031c0       0x18 /opt/ti/energia-0101E0017/hardware/emt/ti/runtime/wiring/msp432/configPkg/package/cfg/energia_pm4fg.om4fg
                0x000031c0                ti_sysbios_knl_Clock_Params__init(void) static
 .text.ti_sysbios_knl_Clock_construct
                0x000031d8       0x30 /opt/ti/energia-0101E0017/hardware/emt/ti/runtime/wiring/msp432/configPkg/package/cfg/energia_pm4fg.om4fg
                0x000031d8                ti_sysbios_knl_Clock_construct
 .text.ti_sysbios_knl_Clock_destruct
                0x00003208       0x24 /opt/ti/energia-0101E0017/hardware/emt/ti/runtime/wiring/msp432/configPkg/package/cfg/energia_pm4fg.om4fg
                0x00003208                ti_sysbios_knl_Clock_destruct
 .text.ti_sysbios_knl_Mailbox_Object__get__S
                0x0000322c        0xc /opt/ti/energia-0101E0017/hardware/emt/ti/runtime/wiring/msp432/configPkg/package/cfg/energia_pm4fg.om4fg
                0x0000322c                ti_sysbios_knl_Mailbox_Object__get(void) static
 .text.ti_sysbios_knl_Queue_Object__get__S
                0x00003238        0x8 /opt/ti/energia-0101E0017/hardware/emt/ti/runtime/wiring/msp432/configPkg/package/cfg/energia_pm4fg.om4fg
                0x00003238                ti_sysbios_knl_Queue_Object__get(void) static
 .text.ti_sysbios_knl_Queue_construct
                0x00003240       0x2c /opt/ti/energia-0101E0017/hardware/emt/ti/runtime/wiring/msp432/configPkg/package/cfg/energia_pm4fg.om4fg
                0x00003240                ti_sysbios_knl_Queue_construct
 .text.ti_sysbios_knl_Queue_destruct
                0x0000326c       0x20 /opt/ti/energia-0101E0017/hardware/emt/ti/runtime/wiring/msp432/configPkg/package/cfg/energia_pm4fg.om4fg
                0x0000326c                ti_sysbios_knl_Queue_destruct
 .text.ti_sysbios_knl_Semaphore_Params__init__S
                0x0000328c       0x18 /opt/ti/energia-0101E0017/hardware/emt/ti/runtime/wiring/msp432/configPkg/package/cfg/energia_pm4fg.om4fg
                0x0000328c                ti_sysbios_knl_Semaphore_Params__init(void) static
 .text.ti_sysbios_knl_Semaphore_construct
                0x000032a4       0x30 /opt/ti/energia-0101E0017/hardware/emt/ti/runtime/wiring/msp432/configPkg/package/cfg/energia_pm4fg.om4fg
                0x000032a4                ti_sysbios_knl_Semaphore_construct
 .text.ti_sysbios_knl_Semaphore_destruct
                0x000032d4       0x24 /opt/ti/energia-0101E0017/hardware/emt/ti/runtime/wiring/msp432/configPkg/package/cfg/energia_pm4fg.om4fg
                0x000032d4                ti_sysbios_knl_Semaphore_destruct
 .text.ti_sysbios_knl_Task_Params__init__S
                0x000032f8       0x18 /opt/ti/energia-0101E0017/hardware/emt/ti/runtime/wiring/msp432/configPkg/package/cfg/energia_pm4fg.om4fg
                0x000032f8                ti_sysbios_knl_Task_Params__init(void) static
 .text.ti_sysbios_knl_Task_Object__get__S
                0x00003310       0x1c /opt/ti/energia-0101E0017/hardware/emt/ti/runtime/wiring/msp432/configPkg/package/cfg/energia_pm4fg.om4fg
                0x00003310                ti_sysbios_knl_Task_Object__get(void) static
 .text.ti_sysbios_knl_Task_create
                0x0000332c       0x54 /opt/ti/energia-0101E0017/hardware/emt/ti/runtime/wiring/msp432/configPkg/package/cfg/energia_pm4fg.om4fg
                0x0000332c                ti_sysbios_knl_Task_create
 .text._ZN14HardwareSerial4peekEv
                0x00003380       0x1a /opt/ti/energia-0101E0017/hardware/emt/ti/runtime/wiring/msp432/lib/wiring_msp432.m4fg.lib(HardwareSerial.om4fg)
                0x00003380                HardwareSerial::peek()
 .text._ZN14HardwareSerial5flushEv
                0x0000339a        0x2 /opt/ti/energia-0101E0017/hardware/emt/ti/runtime/wiring/msp432/lib/wiring_msp432.m4fg.lib(HardwareSerial.om4fg)
                0x0000339a                HardwareSerial::flush()
 .text._ZN14HardwareSerial9availableEv
                0x0000339c       0x46 /opt/ti/energia-0101E0017/hardware/emt/ti/runtime/wiring/msp432/lib/wiring_msp432.m4fg.lib(HardwareSerial.om4fg)
                0x0000339c                HardwareSerial::available()
 .text._ZN14HardwareSerial4readEv
                0x000033e2       0x3a /opt/ti/energia-0101E0017/hardware/emt/ti/runtime/wiring/msp432/lib/wiring_msp432.m4fg.lib(HardwareSerial.om4fg)
                0x000033e2                HardwareSerial::read()
 .text._ZN14HardwareSerial5writeEh
                0x0000341c       0x32 /opt/ti/energia-0101E0017/hardware/emt/ti/runtime/wiring/msp432/lib/wiring_msp432.m4fg.lib(HardwareSerial.om4fg)
                0x0000341c                HardwareSerial::write(unsigned char)
 .text._ZN14HardwareSerial5writeEPKhj
                0x0000344e       0x32 /opt/ti/energia-0101E0017/hardware/emt/ti/runtime/wiring/msp432/lib/wiring_msp432.m4fg.lib(HardwareSerial.om4fg)
                0x0000344e                HardwareSerial::write(unsigned char const*, unsigned int)
 .text._ZN14HardwareSerialC2Em
                0x00003480       0x20 /opt/ti/energia-0101E0017/hardware/emt/ti/runtime/wiring/msp432/lib/wiring_msp432.m4fg.lib(HardwareSerial.om4fg)
                0x00003480                HardwareSerial::HardwareSerial(unsigned long)
                0x00003480                HardwareSerial::HardwareSerial(unsigned long)
 .text._ZN14HardwareSerial5beginEm
                0x000034a0       0x78 /opt/ti/energia-0101E0017/hardware/emt/ti/runtime/wiring/msp432/lib/wiring_msp432.m4fg.lib(HardwareSerial.om4fg)
                0x000034a0                HardwareSerial::begin(unsigned long)
 .text._ZN14HardwareSerial3endEv
                0x00003518       0x12 /opt/ti/energia-0101E0017/hardware/emt/ti/runtime/wiring/msp432/lib/wiring_msp432.m4fg.lib(HardwareSerial.om4fg)
                0x00003518                HardwareSerial::end()
 .text._ZN14HardwareSerial12readCallbackEP11UART_ConfigPvj
                0x0000352a       0x3c /opt/ti/energia-0101E0017/hardware/emt/ti/runtime/wiring/msp432/lib/wiring_msp432.m4fg.lib(HardwareSerial.om4fg)
                0x0000352a                HardwareSerial::readCallback(UART_Config*, void*, unsigned int)
 *fill*         0x00003566        0x2 
 .text._Z16uartReadCallbackP11UART_ConfigPvj
                0x00003568       0x1c /opt/ti/energia-0101E0017/hardware/emt/ti/runtime/wiring/msp432/lib/wiring_msp432.m4fg.lib(HardwareSerial.om4fg)
                0x00003568                uartReadCallback(UART_Config*, void*, unsigned int)
 .text._Z17uartReadCallback1P11UART_ConfigPvj
                0x00003584       0x1c /opt/ti/energia-0101E0017/hardware/emt/ti/runtime/wiring/msp432/lib/wiring_msp432.m4fg.lib(HardwareSerial.om4fg)
                0x00003584                uartReadCallback1(UART_Config*, void*, unsigned int)
 .text.startup._GLOBAL__sub_I__ZN14HardwareSerialC2Ev
                0x000035a0       0x20 /opt/ti/energia-0101E0017/hardware/emt/ti/runtime/wiring/msp432/lib/wiring_msp432.m4fg.lib(HardwareSerial.om4fg)
 .text._ZN5Print5writeEPKc
                0x000035c0       0x1a /opt/ti/energia-0101E0017/hardware/emt/ti/runtime/wiring/msp432/lib/wiring_msp432.m4fg.lib(Print.om4fg)
                0x000035c0                Print::write(char const*)
 .text._ZN5Print5printEPKc
                0x000035da        0x8 /opt/ti/energia-0101E0017/hardware/emt/ti/runtime/wiring/msp432/lib/wiring_msp432.m4fg.lib(Print.om4fg)
                0x000035da                Print::print(char const*)
 .text._ZN5Print5printEc
                0x000035e2        0xa /opt/ti/energia-0101E0017/hardware/emt/ti/runtime/wiring/msp432/lib/wiring_msp432.m4fg.lib(Print.om4fg)
                0x000035e2                Print::print(char)
 .text._ZN5Print7printlnEv
                0x000035ec       0x18 /opt/ti/energia-0101E0017/hardware/emt/ti/runtime/wiring/msp432/lib/wiring_msp432.m4fg.lib(Print.om4fg)
                0x000035ec                Print::println()
 .text._ZN5Print7printlnEPKc
                0x00003604       0x14 /opt/ti/energia-0101E0017/hardware/emt/ti/runtime/wiring/msp432/lib/wiring_msp432.m4fg.lib(Print.om4fg)
                0x00003604                Print::println(char const*)
 .text._ZN5Print11printNumberEmh
                0x00003618       0x3c /opt/ti/energia-0101E0017/hardware/emt/ti/runtime/wiring/msp432/lib/wiring_msp432.m4fg.lib(Print.om4fg)
                0x00003618                Print::printNumber(unsigned long, unsigned char)
 .text._ZN5Print5printEli
                0x00003654       0x3c /opt/ti/energia-0101E0017/hardware/emt/ti/runtime/wiring/msp432/lib/wiring_msp432.m4fg.lib(Print.om4fg)
                0x00003654                Print::print(long, int)
 .text._ZN5Print5printEii
                0x00003690        0x4 /opt/ti/energia-0101E0017/hardware/emt/ti/runtime/wiring/msp432/lib/wiring_msp432.m4fg.lib(Print.om4fg)
                0x00003690                Print::print(int, int)
 .text._ZN5Print5printEmi
                0x00003694       0x18 /opt/ti/energia-0101E0017/hardware/emt/ti/runtime/wiring/msp432/lib/wiring_msp432.m4fg.lib(Print.om4fg)
                0x00003694                Print::print(unsigned long, int)
 .text._ZN5Print5printEhi
                0x000036ac        0x4 /opt/ti/energia-0101E0017/hardware/emt/ti/runtime/wiring/msp432/lib/wiring_msp432.m4fg.lib(Print.om4fg)
                0x000036ac                Print::print(unsigned char, int)
 .text._ZN5Print7printlnEhi
                0x000036b0       0x14 /opt/ti/energia-0101E0017/hardware/emt/ti/runtime/wiring/msp432/lib/wiring_msp432.m4fg.lib(Print.om4fg)
                0x000036b0                Print::println(unsigned char, int)
 .text._ZN5Print10printFloatEfh
                0x000036c4       0xa0 /opt/ti/energia-0101E0017/hardware/emt/ti/runtime/wiring/msp432/lib/wiring_msp432.m4fg.lib(Print.om4fg)
                0x000036c4                Print::printFloat(float, unsigned char)
 .text._ZN5Print5printEfi
                0x00003764        0x6 /opt/ti/energia-0101E0017/hardware/emt/ti/runtime/wiring/msp432/lib/wiring_msp432.m4fg.lib(Print.om4fg)
                0x00003764                Print::print(float, int)
 .text._ZN5Print7printlnEfi
                0x0000376a       0x16 /opt/ti/energia-0101E0017/hardware/emt/ti/runtime/wiring/msp432/lib/wiring_msp432.m4fg.lib(Print.om4fg)
                0x0000376a                Print::println(float, int)
 .text._Z19spiTransferCallbackP10SPI_ConfigP15SPI_Transaction
                0x00003780       0x10 /opt/ti/energia-0101E0017/hardware/emt/ti/runtime/wiring/msp432/lib/wiring_msp432.m4fg.lib(SPI.om4fg)
                0x00003780                spiTransferCallback(SPI_Config*, SPI_Transaction*)
 .text._ZN8SPIClass5beginEh
                0x00003790       0x58 /opt/ti/energia-0101E0017/hardware/emt/ti/runtime/wiring/msp432/lib/wiring_msp432.m4fg.lib(SPI.om4fg)
                0x00003790                SPIClass::begin(unsigned char)
 .text._ZN8SPIClass5beginEv
                0x000037e8        0x6 /opt/ti/energia-0101E0017/hardware/emt/ti/runtime/wiring/msp432/lib/wiring_msp432.m4fg.lib(SPI.om4fg)
                0x000037e8                SPIClass::begin()
 *fill*         0x000037ee        0x2 
 .text._ZN8SPIClass15setClockDividerEh
                0x000037f0       0x2c /opt/ti/energia-0101E0017/hardware/emt/ti/runtime/wiring/msp432/lib/wiring_msp432.m4fg.lib(SPI.om4fg)
                0x000037f0                SPIClass::setClockDivider(unsigned char)
 .text._ZN8SPIClass8transferEhhh
                0x0000381c       0xd6 /opt/ti/energia-0101E0017/hardware/emt/ti/runtime/wiring/msp432/lib/wiring_msp432.m4fg.lib(SPI.om4fg)
                0x0000381c                SPIClass::transfer(unsigned char, unsigned char, unsigned char)
 .text._ZN8SPIClass8transferEh
                0x000038f2        0xa /opt/ti/energia-0101E0017/hardware/emt/ti/runtime/wiring/msp432/lib/wiring_msp432.m4fg.lib(SPI.om4fg)
                0x000038f2                SPIClass::transfer(unsigned char)
 .text.startup._GLOBAL__sub_I__ZN8SPIClassC2Ev
                0x000038fc       0x1c /opt/ti/energia-0101E0017/hardware/emt/ti/runtime/wiring/msp432/lib/wiring_msp432.m4fg.lib(SPI.om4fg)
 .text._Znwj    0x00003918        0x4 /opt/ti/energia-0101E0017/hardware/emt/ti/runtime/wiring/msp432/lib/wiring_msp432.m4fg.lib(new.om4fg)
                0x00003918                operator new(unsigned int)
 .text._ZdlPv   0x0000391c        0x4 /opt/ti/energia-0101E0017/hardware/emt/ti/runtime/wiring/msp432/lib/wiring_msp432.m4fg.lib(new.om4fg)
                0x0000391c                operator delete(void*)
 .text.switchToWatchdogTimer
                0x00003920       0x50 /opt/ti/energia-0101E0017/hardware/emt/ti/runtime/wiring/msp432/lib/wiring_msp432.m4fg.lib(wiring.om4fg)
 .text.clockTickFxn
                0x00003970       0x14 /opt/ti/energia-0101E0017/hardware/emt/ti/runtime/wiring/msp432/lib/wiring_msp432.m4fg.lib(wiring.om4fg)
 .text.switchToTimerA
                0x00003984       0x1c /opt/ti/energia-0101E0017/hardware/emt/ti/runtime/wiring/msp432/lib/wiring_msp432.m4fg.lib(wiring.om4fg)
 .text.micros   0x000039a0       0x30 /opt/ti/energia-0101E0017/hardware/emt/ti/runtime/wiring/msp432/lib/wiring_msp432.m4fg.lib(wiring.om4fg)
                0x000039a0                micros
 .text.millis   0x000039d0        0x4 /opt/ti/energia-0101E0017/hardware/emt/ti/runtime/wiring/msp432/lib/wiring_msp432.m4fg.lib(wiring.om4fg)
                0x000039d0                millis
 .text.delayMicroseconds
                0x000039d4       0x58 /opt/ti/energia-0101E0017/hardware/emt/ti/runtime/wiring/msp432/lib/wiring_msp432.m4fg.lib(wiring.om4fg)
                0x000039d4                delayMicroseconds
 .text.delay    0x00003a2c       0x60 /opt/ti/energia-0101E0017/hardware/emt/ti/runtime/wiring/msp432/lib/wiring_msp432.m4fg.lib(wiring.om4fg)
                0x00003a2c                delay
 .text.stopAnalogWrite
                0x00003a8c       0x9c /opt/ti/energia-0101E0017/hardware/emt/ti/runtime/wiring/msp432/lib/wiring_msp432.m4fg.lib(wiring_analog.om4fg)
                0x00003a8c                stopAnalogWrite
 .text.analogRead
                0x00003b28      0x148 /opt/ti/energia-0101E0017/hardware/emt/ti/runtime/wiring/msp432/lib/wiring_msp432.m4fg.lib(wiring_analog.om4fg)
                0x00003b28                analogRead
 .text.stopAnalogRead
                0x00003c70       0x1c /opt/ti/energia-0101E0017/hardware/emt/ti/runtime/wiring/msp432/lib/wiring_msp432.m4fg.lib(wiring_analog.om4fg)
                0x00003c70                stopAnalogRead
 .text.disablePinInterrupt
                0x00003c8c        0x4 /opt/ti/energia-0101E0017/hardware/emt/ti/runtime/wiring/msp432/lib/wiring_msp432.m4fg.lib(WInterrupts.om4fg)
                0x00003c8c                disablePinInterrupt
 .text.enablePinInterrupt
                0x00003c90        0x4 /opt/ti/energia-0101E0017/hardware/emt/ti/runtime/wiring/msp432/lib/wiring_msp432.m4fg.lib(WInterrupts.om4fg)
                0x00003c90                enablePinInterrupt
 .text.mode2gpioConfig
                0x00003c94       0x48 /opt/ti/energia-0101E0017/hardware/emt/ti/runtime/wiring/msp432/lib/wiring_msp432.m4fg.lib(wiring_digital.om4fg)
                0x00003c94                mode2gpioConfig
 .text.pinMode  0x00003cdc       0x40 /opt/ti/energia-0101E0017/hardware/emt/ti/runtime/wiring/msp432/lib/wiring_msp432.m4fg.lib(wiring_digital.om4fg)
                0x00003cdc                pinMode
 .text.digitalRead
                0x00003d1c       0x24 /opt/ti/energia-0101E0017/hardware/emt/ti/runtime/wiring/msp432/lib/wiring_msp432.m4fg.lib(wiring_digital.om4fg)
                0x00003d1c                digitalRead
 .text.digitalWrite
                0x00003d40       0x28 /opt/ti/energia-0101E0017/hardware/emt/ti/runtime/wiring/msp432/lib/wiring_msp432.m4fg.lib(wiring_digital.om4fg)
                0x00003d40                digitalWrite
 .text.Board_errorDMAHwi
                0x00003d68       0x1c /opt/ti/energia-0101E0017/hardware/emt/ti/runtime/wiring/msp432/variants/MSP_EXP432P401R/lib/board.m4fg.lib(Board_init.om4fg)
 .text.Board_initDMA
                0x00003d84       0x6c /opt/ti/energia-0101E0017/hardware/emt/ti/runtime/wiring/msp432/variants/MSP_EXP432P401R/lib/board.m4fg.lib(Board_init.om4fg)
                0x00003d84                Board_initDMA
 .text.Board_initGPIO
                0x00003df0       0xdc /opt/ti/energia-0101E0017/hardware/emt/ti/runtime/wiring/msp432/variants/MSP_EXP432P401R/lib/board.m4fg.lib(Board_init.om4fg)
                0x00003df0                Board_initGPIO
 .text.Board_openSPI
                0x00003ecc       0x4a /opt/ti/energia-0101E0017/hardware/emt/ti/runtime/wiring/msp432/variants/MSP_EXP432P401R/lib/board.m4fg.lib(Board_init.om4fg)
                0x00003ecc                Board_openSPI
 .text.Board_openUART
                0x00003f16       0x32 /opt/ti/energia-0101E0017/hardware/emt/ti/runtime/wiring/msp432/variants/MSP_EXP432P401R/lib/board.m4fg.lib(Board_init.om4fg)
                0x00003f16                Board_openUART
 .text.Board_initPower
                0x00003f48       0x1c /opt/ti/energia-0101E0017/hardware/emt/ti/runtime/wiring/msp432/variants/MSP_EXP432P401R/lib/board.m4fg.lib(Board_init.om4fg)
                0x00003f48                Board_initPower
 .text.Board_init
                0x00003f64       0x12 /opt/ti/energia-0101E0017/hardware/emt/ti/runtime/wiring/msp432/variants/MSP_EXP432P401R/lib/board.m4fg.lib(Board_init.om4fg)
                0x00003f64                Board_init
 *fill*         0x00003f76        0x2 
 .text.GPIO_hwiIntFxn
                0x00003f78       0x54 /opt/ti/energia-0101E0017/hardware/emt/ti/drivers/lib/drivers_MSP432P401R.am4fg(GPIOMSP432.om4fg)
                0x00003f78                GPIO_hwiIntFxn
 .text.GPIO_disableInt
                0x00003fcc       0x2c /opt/ti/energia-0101E0017/hardware/emt/ti/drivers/lib/drivers_MSP432P401R.am4fg(GPIOMSP432.om4fg)
                0x00003fcc                GPIO_disableInt
 .text.GPIO_enableInt
                0x00003ff8       0x2c /opt/ti/energia-0101E0017/hardware/emt/ti/drivers/lib/drivers_MSP432P401R.am4fg(GPIOMSP432.om4fg)
                0x00003ff8                GPIO_enableInt
 .text.GPIO_read
                0x00004024       0x1c /opt/ti/energia-0101E0017/hardware/emt/ti/drivers/lib/drivers_MSP432P401R.am4fg(GPIOMSP432.om4fg)
                0x00004024                GPIO_read
 .text.GPIO_setCallback
                0x00004040       0x58 /opt/ti/energia-0101E0017/hardware/emt/ti/drivers/lib/drivers_MSP432P401R.am4fg(GPIOMSP432.om4fg)
                0x00004040                GPIO_setCallback
 .text.GPIO_setConfig
                0x00004098      0x138 /opt/ti/energia-0101E0017/hardware/emt/ti/drivers/lib/drivers_MSP432P401R.am4fg(GPIOMSP432.om4fg)
                0x00004098                GPIO_setConfig
 .text.GPIO_init
                0x000041d0       0x78 /opt/ti/energia-0101E0017/hardware/emt/ti/drivers/lib/drivers_MSP432P401R.am4fg(GPIOMSP432.om4fg)
                0x000041d0                GPIO_init
 .text.GPIO_write
                0x00004248       0x54 /opt/ti/energia-0101E0017/hardware/emt/ti/drivers/lib/drivers_MSP432P401R.am4fg(GPIOMSP432.om4fg)
                0x00004248                GPIO_write
 .text.PWM_close
                0x0000429c        0xc /opt/ti/energia-0101E0017/hardware/emt/ti/drivers/lib/drivers_MSP432P401R.am4fg(PWM.om4fg)
                0x0000429c                PWM_close
 .text.PWM_init
                0x000042a8       0x40 /opt/ti/energia-0101E0017/hardware/emt/ti/drivers/lib/drivers_MSP432P401R.am4fg(PWM.om4fg)
                0x000042a8                PWM_init
 .text.PWMTimerMSP432_init
                0x000042e8       0x30 /opt/ti/energia-0101E0017/hardware/emt/ti/drivers/lib/drivers_MSP432P401R.am4fg(PWMTimerMSP432.om4fg)
                0x000042e8                PWMTimerMSP432_init
 .text.PWMTimerMSP432_control
                0x00004318       0x74 /opt/ti/energia-0101E0017/hardware/emt/ti/drivers/lib/drivers_MSP432P401R.am4fg(PWMTimerMSP432.om4fg)
                0x00004318                PWMTimerMSP432_control
 .text.PWMTimerMSP432_getPeriodMicroSecs
                0x0000438c       0x14 /opt/ti/energia-0101E0017/hardware/emt/ti/drivers/lib/drivers_MSP432P401R.am4fg(PWMTimerMSP432.om4fg)
                0x0000438c                PWMTimerMSP432_getPeriodMicroSecs
 .text.PWMTimerMSP432_close
                0x000043a0       0x60 /opt/ti/energia-0101E0017/hardware/emt/ti/drivers/lib/drivers_MSP432P401R.am4fg(PWMTimerMSP432.om4fg)
                0x000043a0                PWMTimerMSP432_close
 .text.PWMTimerMSP432_getPeriodCounts
                0x00004400        0xc /opt/ti/energia-0101E0017/hardware/emt/ti/drivers/lib/drivers_MSP432P401R.am4fg(PWMTimerMSP432.om4fg)
                0x00004400                PWMTimerMSP432_getPeriodCounts
 .text.PWMTimerMSP432_setDuty
                0x0000440c       0x84 /opt/ti/energia-0101E0017/hardware/emt/ti/drivers/lib/drivers_MSP432P401R.am4fg(PWMTimerMSP432.om4fg)
                0x0000440c                PWMTimerMSP432_setDuty
 .text.PWMTimerMSP432_open
                0x00004490      0x118 /opt/ti/energia-0101E0017/hardware/emt/ti/drivers/lib/drivers_MSP432P401R.am4fg(PWMTimerMSP432.om4fg)
                0x00004490                PWMTimerMSP432_open
 .text.SPI_close
                0x000045a8        0xc /opt/ti/energia-0101E0017/hardware/emt/ti/drivers/lib/drivers_MSP432P401R.am4fg(SPI.om4fg)
                0x000045a8                SPI_close
 .text.SPI_init
                0x000045b4       0x40 /opt/ti/energia-0101E0017/hardware/emt/ti/drivers/lib/drivers_MSP432P401R.am4fg(SPI.om4fg)
                0x000045b4                SPI_init
 .text.SPI_open
                0x000045f4       0x18 /opt/ti/energia-0101E0017/hardware/emt/ti/drivers/lib/drivers_MSP432P401R.am4fg(SPI.om4fg)
                0x000045f4                SPI_open
 .text.SPI_Params_init
                0x0000460c       0x1c /opt/ti/energia-0101E0017/hardware/emt/ti/drivers/lib/drivers_MSP432P401R.am4fg(SPI.om4fg)
                0x0000460c                SPI_Params_init
 .text.SPI_transfer
                0x00004628        0xc /opt/ti/energia-0101E0017/hardware/emt/ti/drivers/lib/drivers_MSP432P401R.am4fg(SPI.om4fg)
                0x00004628                SPI_transfer
 .text.SPIMSP432DMA_control
                0x00004634        0x8 /opt/ti/energia-0101E0017/hardware/emt/ti/drivers/lib/drivers_MSP432P401R.am4fg(SPIMSP432DMA.om4fg)
                0x00004634                SPIMSP432DMA_control
 .text.SPIMSP432DMA_init
                0x0000463c        0x8 /opt/ti/energia-0101E0017/hardware/emt/ti/drivers/lib/drivers_MSP432P401R.am4fg(SPIMSP432DMA.om4fg)
                0x0000463c                SPIMSP432DMA_init
 .text.SPIMSP432DMA_serviceISR
                0x00004644        0x4 /opt/ti/energia-0101E0017/hardware/emt/ti/drivers/lib/drivers_MSP432P401R.am4fg(SPIMSP432DMA.om4fg)
                0x00004644                SPIMSP432DMA_serviceISR
 .text.SPIMSP432DMA_transferCancel
                0x00004648       0x1c /opt/ti/energia-0101E0017/hardware/emt/ti/drivers/lib/drivers_MSP432P401R.am4fg(SPIMSP432DMA.om4fg)
                0x00004648                SPIMSP432DMA_transferCancel
 .text.SPIMSP432DMA_close
                0x00004664       0x5c /opt/ti/energia-0101E0017/hardware/emt/ti/drivers/lib/drivers_MSP432P401R.am4fg(SPIMSP432DMA.om4fg)
                0x00004664                SPIMSP432DMA_close
 .text.SPIMSP432DMA_hwiFxn
                0x000046c0       0x3c /opt/ti/energia-0101E0017/hardware/emt/ti/drivers/lib/drivers_MSP432P401R.am4fg(SPIMSP432DMA.om4fg)
                0x000046c0                SPIMSP432DMA_hwiFxn
 .text.blockingTransferCallback
                0x000046fc        0x8 /opt/ti/energia-0101E0017/hardware/emt/ti/drivers/lib/drivers_MSP432P401R.am4fg(SPIMSP432DMA.om4fg)
 .text.SPIMSP432DMA_transfer
                0x00004704      0x11c /opt/ti/energia-0101E0017/hardware/emt/ti/drivers/lib/drivers_MSP432P401R.am4fg(SPIMSP432DMA.om4fg)
                0x00004704                SPIMSP432DMA_transfer
 .text.initHw   0x00004820       0x4c /opt/ti/energia-0101E0017/hardware/emt/ti/drivers/lib/drivers_MSP432P401R.am4fg(SPIMSP432DMA.om4fg)
 .text.SPIMSP432DMA_open
                0x0000486c      0x18c /opt/ti/energia-0101E0017/hardware/emt/ti/drivers/lib/drivers_MSP432P401R.am4fg(SPIMSP432DMA.om4fg)
                0x0000486c                SPIMSP432DMA_open
 .text.perfChangeNotifyFxn
                0x000049f8       0x2c /opt/ti/energia-0101E0017/hardware/emt/ti/drivers/lib/drivers_MSP432P401R.am4fg(SPIMSP432DMA.om4fg)
 .text.UART_close
                0x00004a24        0xc /opt/ti/energia-0101E0017/hardware/emt/ti/drivers/lib/drivers_MSP432P401R.am4fg(UART.om4fg)
                0x00004a24                UART_close
 .text.UART_init
                0x00004a30       0x40 /opt/ti/energia-0101E0017/hardware/emt/ti/drivers/lib/drivers_MSP432P401R.am4fg(UART.om4fg)
                0x00004a30                UART_init
 .text.UART_open
                0x00004a70       0x18 /opt/ti/energia-0101E0017/hardware/emt/ti/drivers/lib/drivers_MSP432P401R.am4fg(UART.om4fg)
                0x00004a70                UART_open
 .text.UART_Params_init
                0x00004a88       0x1c /opt/ti/energia-0101E0017/hardware/emt/ti/drivers/lib/drivers_MSP432P401R.am4fg(UART.om4fg)
                0x00004a88                UART_Params_init
 .text.UART_read
                0x00004aa4        0xc /opt/ti/energia-0101E0017/hardware/emt/ti/drivers/lib/drivers_MSP432P401R.am4fg(UART.om4fg)
                0x00004aa4                UART_read
 .text.UART_write
                0x00004ab0        0xc /opt/ti/energia-0101E0017/hardware/emt/ti/drivers/lib/drivers_MSP432P401R.am4fg(UART.om4fg)
                0x00004ab0                UART_write
 .text.UARTMSP432_init
                0x00004abc        0xc /opt/ti/energia-0101E0017/hardware/emt/ti/drivers/lib/drivers_MSP432P401R.am4fg(UARTMSP432.om4fg)
                0x00004abc                UARTMSP432_init
 .text.UARTMSP432_close
                0x00004ac8       0x94 /opt/ti/energia-0101E0017/hardware/emt/ti/drivers/lib/drivers_MSP432P401R.am4fg(UARTMSP432.om4fg)
                0x00004ac8                UARTMSP432_close
 .text.UARTMSP432_control
                0x00004b5c       0xb0 /opt/ti/energia-0101E0017/hardware/emt/ti/drivers/lib/drivers_MSP432P401R.am4fg(UARTMSP432.om4fg)
                0x00004b5c                UARTMSP432_control
 .text.UARTMSP432_hwiIntFxn
                0x00004c0c       0xcc /opt/ti/energia-0101E0017/hardware/emt/ti/drivers/lib/drivers_MSP432P401R.am4fg(UARTMSP432.om4fg)
                0x00004c0c                UARTMSP432_hwiIntFxn
 .text.UARTMSP432_writePolling
                0x00004cd8       0x7c /opt/ti/energia-0101E0017/hardware/emt/ti/drivers/lib/drivers_MSP432P401R.am4fg(UARTMSP432.om4fg)
                0x00004cd8                UARTMSP432_writePolling
 .text.UARTMSP432_read
                0x00004d54       0x3c /opt/ti/energia-0101E0017/hardware/emt/ti/drivers/lib/drivers_MSP432P401R.am4fg(UARTMSP432.om4fg)
                0x00004d54                UARTMSP432_read
 .text.UARTMSP432_readCancel
                0x00004d90       0x38 /opt/ti/energia-0101E0017/hardware/emt/ti/drivers/lib/drivers_MSP432P401R.am4fg(UARTMSP432.om4fg)
                0x00004d90                UARTMSP432_readCancel
 .text.UARTMSP432_writeCancel
                0x00004dc8       0x50 /opt/ti/energia-0101E0017/hardware/emt/ti/drivers/lib/drivers_MSP432P401R.am4fg(UARTMSP432.om4fg)
                0x00004dc8                UARTMSP432_writeCancel
 .text.readIsrTextBlocking
                0x00004e18       0x7c /opt/ti/energia-0101E0017/hardware/emt/ti/drivers/lib/drivers_MSP432P401R.am4fg(UARTMSP432.om4fg)
 .text.readIsrBinaryBlocking
                0x00004e94       0x4c /opt/ti/energia-0101E0017/hardware/emt/ti/drivers/lib/drivers_MSP432P401R.am4fg(UARTMSP432.om4fg)
 .text.readTaskCallback
                0x00004ee0       0x80 /opt/ti/energia-0101E0017/hardware/emt/ti/drivers/lib/drivers_MSP432P401R.am4fg(UARTMSP432.om4fg)
 .text.readIsrTextCallback
                0x00004f60       0x88 /opt/ti/energia-0101E0017/hardware/emt/ti/drivers/lib/drivers_MSP432P401R.am4fg(UARTMSP432.om4fg)
 .text.readIsrBinaryCallback
                0x00004fe8       0x44 /opt/ti/energia-0101E0017/hardware/emt/ti/drivers/lib/drivers_MSP432P401R.am4fg(UARTMSP432.om4fg)
 .text.UARTMSP432_readPolling
                0x0000502c       0xcc /opt/ti/energia-0101E0017/hardware/emt/ti/drivers/lib/drivers_MSP432P401R.am4fg(UARTMSP432.om4fg)
                0x0000502c                UARTMSP432_readPolling
 .text.UARTMSP432_write
                0x000050f8       0x84 /opt/ti/energia-0101E0017/hardware/emt/ti/drivers/lib/drivers_MSP432P401R.am4fg(UARTMSP432.om4fg)
                0x000050f8                UARTMSP432_write
 .text.readTaskBlocking
                0x0000517c       0xa0 /opt/ti/energia-0101E0017/hardware/emt/ti/drivers/lib/drivers_MSP432P401R.am4fg(UARTMSP432.om4fg)
 .text.readBlockingTimeout
                0x0000521c       0x10 /opt/ti/energia-0101E0017/hardware/emt/ti/drivers/lib/drivers_MSP432P401R.am4fg(UARTMSP432.om4fg)
 .text.readSemCallback
                0x0000522c        0x8 /opt/ti/energia-0101E0017/hardware/emt/ti/drivers/lib/drivers_MSP432P401R.am4fg(UARTMSP432.om4fg)
 .text.writeSemCallback
                0x00005234        0x8 /opt/ti/energia-0101E0017/hardware/emt/ti/drivers/lib/drivers_MSP432P401R.am4fg(UARTMSP432.om4fg)
 .text.initHw   0x0000523c       0xac /opt/ti/energia-0101E0017/hardware/emt/ti/drivers/lib/drivers_MSP432P401R.am4fg(UARTMSP432.om4fg)
 .text.UARTMSP432_open
                0x000052e8      0x308 /opt/ti/energia-0101E0017/hardware/emt/ti/drivers/lib/drivers_MSP432P401R.am4fg(UARTMSP432.om4fg)
                0x000052e8                UARTMSP432_open
 .text.perfChangeNotifyFxn
                0x000055f0       0x3c /opt/ti/energia-0101E0017/hardware/emt/ti/drivers/lib/drivers_MSP432P401R.am4fg(UARTMSP432.om4fg)
 .text.RingBuf_construct
                0x0000562c       0x14 /opt/ti/energia-0101E0017/hardware/emt/ti/drivers/lib/drivers_MSP432P401R.am4fg(RingBuf.om4fg)
                0x0000562c                RingBuf_construct
 .text.RingBuf_get
                0x00005640       0x40 /opt/ti/energia-0101E0017/hardware/emt/ti/drivers/lib/drivers_MSP432P401R.am4fg(RingBuf.om4fg)
                0x00005640                RingBuf_get
 .text.RingBuf_peek
                0x00005680        0xc /opt/ti/energia-0101E0017/hardware/emt/ti/drivers/lib/drivers_MSP432P401R.am4fg(RingBuf.om4fg)
                0x00005680                RingBuf_peek
 .text.RingBuf_put
                0x0000568c       0x48 /opt/ti/energia-0101E0017/hardware/emt/ti/drivers/lib/drivers_MSP432P401R.am4fg(RingBuf.om4fg)
                0x0000568c                RingBuf_put
 .text.notify   0x000056d4       0x3c /opt/ti/energia-0101E0017/hardware/emt/ti/drivers/lib/drivers_MSP432P401R.am4fg(PowerMSP432.om4fg)
 .text.Power_enablePolicy
                0x00005710        0xc /opt/ti/energia-0101E0017/hardware/emt/ti/drivers/lib/drivers_MSP432P401R.am4fg(PowerMSP432.om4fg)
                0x00005710                Power_enablePolicy
 .text.Power_getConstraintMask
                0x0000571c        0xc /opt/ti/energia-0101E0017/hardware/emt/ti/drivers/lib/drivers_MSP432P401R.am4fg(PowerMSP432.om4fg)
                0x0000571c                Power_getConstraintMask
 .text.Power_getPerformanceLevel
                0x00005728        0xc /opt/ti/energia-0101E0017/hardware/emt/ti/drivers/lib/drivers_MSP432P401R.am4fg(PowerMSP432.om4fg)
                0x00005728                Power_getPerformanceLevel
 .text.Power_idleFunc
                0x00005734       0x1c /opt/ti/energia-0101E0017/hardware/emt/ti/drivers/lib/drivers_MSP432P401R.am4fg(PowerMSP432.om4fg)
                0x00005734                Power_idleFunc
 .text.Power_init
                0x00005750      0x12c /opt/ti/energia-0101E0017/hardware/emt/ti/drivers/lib/drivers_MSP432P401R.am4fg(PowerMSP432.om4fg)
                0x00005750                Power_init
 .text.Power_registerNotify
                0x0000587c       0x1c /opt/ti/energia-0101E0017/hardware/emt/ti/drivers/lib/drivers_MSP432P401R.am4fg(PowerMSP432.om4fg)
                0x0000587c                Power_registerNotify
 .text.Power_releaseConstraint
                0x00005898       0x30 /opt/ti/energia-0101E0017/hardware/emt/ti/drivers/lib/drivers_MSP432P401R.am4fg(PowerMSP432.om4fg)
                0x00005898                Power_releaseConstraint
 .text.Power_setConstraint
                0x000058c8       0x2c /opt/ti/energia-0101E0017/hardware/emt/ti/drivers/lib/drivers_MSP432P401R.am4fg(PowerMSP432.om4fg)
                0x000058c8                Power_setConstraint
 .text.Power_sleep
                0x000058f4       0xec /opt/ti/energia-0101E0017/hardware/emt/ti/drivers/lib/drivers_MSP432P401R.am4fg(PowerMSP432.om4fg)
                0x000058f4                Power_sleep
 .text.Power_unregisterNotify
                0x000059e0       0x20 /opt/ti/energia-0101E0017/hardware/emt/ti/drivers/lib/drivers_MSP432P401R.am4fg(PowerMSP432.om4fg)
                0x000059e0                Power_unregisterNotify
 .text.PowerMSP432_getFreqs
                0x00005a00       0x24 /opt/ti/energia-0101E0017/hardware/emt/ti/drivers/lib/drivers_MSP432P401R.am4fg(PowerMSP432.om4fg)
                0x00005a00                PowerMSP432_getFreqs
 .text.PowerMSP432_getNumPerfLevels
                0x00005a24        0x4 /opt/ti/energia-0101E0017/hardware/emt/ti/drivers/lib/drivers_MSP432P401R.am4fg(PowerMSP432.om4fg)
                0x00005a24                PowerMSP432_getNumPerfLevels
 .text.List_head
                0x00005a28        0x4 /opt/ti/energia-0101E0017/hardware/emt/ti/drivers/lib/drivers_MSP432P401R.am4fg(List.om4fg)
                0x00005a28                List_head
 .text.List_next
                0x00005a2c        0x4 /opt/ti/energia-0101E0017/hardware/emt/ti/drivers/lib/drivers_MSP432P401R.am4fg(List.om4fg)
                0x00005a2c                List_next
 .text.List_put
                0x00005a30       0x2c /opt/ti/energia-0101E0017/hardware/emt/ti/drivers/lib/drivers_MSP432P401R.am4fg(List.om4fg)
                0x00005a30                List_put
 .text.List_remove
                0x00005a5c       0x1c /opt/ti/energia-0101E0017/hardware/emt/ti/drivers/lib/drivers_MSP432P401R.am4fg(List.om4fg)
                0x00005a5c                List_remove
 .text.PowerMSP432_policyFxn
                0x00005a78       0x60 /opt/ti/energia-0101E0017/hardware/emt/ti/drivers/lib/power_tirtos_MSP432P401R.am4fg(PowerMSP432_tirtos.om4fg)
                0x00005a78                PowerMSP432_policyFxn
 .text.PowerMSP432_policyInitFxn
                0x00005ad8        0x4 /opt/ti/energia-0101E0017/hardware/emt/ti/drivers/lib/power_tirtos_MSP432P401R.am4fg(PowerMSP432_tirtos.om4fg)
                0x00005ad8                PowerMSP432_policyInitFxn
 .text.PowerMSP432_updateFreqs
                0x00005adc       0x30 /opt/ti/energia-0101E0017/hardware/emt/ti/drivers/lib/power_tirtos_MSP432P401R.am4fg(PowerMSP432_tirtos.om4fg)
                0x00005adc                PowerMSP432_updateFreqs
 .text.ClockP_create
                0x00005b0c       0x58 /opt/ti/energia-0101E0017/hardware/emt/ti/drivers/ports/tirtos/lib/tirtosport.am4fg(ClockP_tirtos.om4fg)
                0x00005b0c                ClockP_create
 .text.ClockP_delete
                0x00005b64       0x18 /opt/ti/energia-0101E0017/hardware/emt/ti/drivers/ports/tirtos/lib/tirtosport.am4fg(ClockP_tirtos.om4fg)
                0x00005b64                ClockP_delete
 .text.ClockP_Params_init
                0x00005b7c        0x8 /opt/ti/energia-0101E0017/hardware/emt/ti/drivers/ports/tirtos/lib/tirtosport.am4fg(ClockP_tirtos.om4fg)
                0x00005b7c                ClockP_Params_init
 .text.ClockP_start
                0x00005b84       0x14 /opt/ti/energia-0101E0017/hardware/emt/ti/drivers/ports/tirtos/lib/tirtosport.am4fg(ClockP_tirtos.om4fg)
                0x00005b84                ClockP_start
 .text.ClockP_stop
                0x00005b98        0xc /opt/ti/energia-0101E0017/hardware/emt/ti/drivers/ports/tirtos/lib/tirtosport.am4fg(ClockP_tirtos.om4fg)
                0x00005b98                ClockP_stop
 .text.HwiP_create
                0x00005ba4       0x68 /opt/ti/energia-0101E0017/hardware/emt/ti/drivers/ports/tirtos/lib/tirtosport.am4fg(HwiP_tirtos.om4fg)
                0x00005ba4                HwiP_create
 .text.HwiP_delete
                0x00005c0c       0x18 /opt/ti/energia-0101E0017/hardware/emt/ti/drivers/ports/tirtos/lib/tirtosport.am4fg(HwiP_tirtos.om4fg)
                0x00005c0c                HwiP_delete
 .text.HwiP_disable
                0x00005c24        0x4 /opt/ti/energia-0101E0017/hardware/emt/ti/drivers/ports/tirtos/lib/tirtosport.am4fg(HwiP_tirtos.om4fg)
                0x00005c24                HwiP_disable
 .text.HwiP_Params_init
                0x00005c28       0x10 /opt/ti/energia-0101E0017/hardware/emt/ti/drivers/ports/tirtos/lib/tirtosport.am4fg(HwiP_tirtos.om4fg)
                0x00005c28                HwiP_Params_init
 .text.HwiP_restore
                0x00005c38        0x4 /opt/ti/energia-0101E0017/hardware/emt/ti/drivers/ports/tirtos/lib/tirtosport.am4fg(HwiP_tirtos.om4fg)
                0x00005c38                HwiP_restore
 .text.SemaphoreP_create
                0x00005c3c       0x5c /opt/ti/energia-0101E0017/hardware/emt/ti/drivers/ports/tirtos/lib/tirtosport.am4fg(SemaphoreP_tirtos.om4fg)
                0x00005c3c                SemaphoreP_create
 .text.SemaphoreP_delete
                0x00005c98       0x18 /opt/ti/energia-0101E0017/hardware/emt/ti/drivers/ports/tirtos/lib/tirtosport.am4fg(SemaphoreP_tirtos.om4fg)
                0x00005c98                SemaphoreP_delete
 .text.SemaphoreP_Params_init
                0x00005cb0        0x8 /opt/ti/energia-0101E0017/hardware/emt/ti/drivers/ports/tirtos/lib/tirtosport.am4fg(SemaphoreP_tirtos.om4fg)
                0x00005cb0                SemaphoreP_Params_init
 .text.SemaphoreP_pend
                0x00005cb8       0x14 /opt/ti/energia-0101E0017/hardware/emt/ti/drivers/ports/tirtos/lib/tirtosport.am4fg(SemaphoreP_tirtos.om4fg)
                0x00005cb8                SemaphoreP_pend
 .text.SemaphoreP_post
                0x00005ccc        0xc /opt/ti/energia-0101E0017/hardware/emt/ti/drivers/ports/tirtos/lib/tirtosport.am4fg(SemaphoreP_tirtos.om4fg)
                0x00005ccc                SemaphoreP_post
 .text.SemaphoreP_postFromClock
                0x00005cd8        0xc /opt/ti/energia-0101E0017/hardware/emt/ti/drivers/ports/tirtos/lib/tirtosport.am4fg(SemaphoreP_tirtos.om4fg)
                0x00005cd8                SemaphoreP_postFromClock
 .text.SemaphoreP_postFromISR
                0x00005ce4        0xc /opt/ti/energia-0101E0017/hardware/emt/ti/drivers/ports/tirtos/lib/tirtosport.am4fg(SemaphoreP_tirtos.om4fg)
                0x00005ce4                SemaphoreP_postFromISR
 .text.HeapRem_begin
                0x00005cf0       0x40 /opt/ti/energia-0101E0017/hardware/emt/ti/runtime/heaps/lib/ti.runtime.heaps.am4fg(HeapRem.om4fg)
                0x00005cf0                HeapRem_begin
 .text.ti_runtime_heaps_HeapRem_Instance_init__E
                0x00005d30        0x6 /opt/ti/energia-0101E0017/hardware/emt/ti/runtime/heaps/lib/ti.runtime.heaps.am4fg(HeapRem.om4fg)
                0x00005d30                ti_runtime_heaps_HeapRem_Instance_init__E